Godot Engine v4.7.2.stable.official.ed1daf0bf - https://godotengine.org

[   0% ] first_scan_filesystem | Started Project initialization (5 steps)
[   0% ] first_scan_filesystem | Scanning file structure...
[  16% ] first_scan_filesystem | Loading global class names...
[  33% ] first_scan_filesystem | Verifying GDExtensions...
[  50% ] first_scan_filesystem | Creating autoload scripts...
[  66% ] first_scan_filesystem | Initializing plugins...
[  83% ] first_scan_filesystem | Starting file scan...
[ DONE ] first_scan_filesystem

[   0% ] update_scripts_classes | Started Registering global classes... (4 steps)
[   0% ] update_scripts_classes | 
[  20% ] update_scripts_classes | 
[  40% ] update_scripts_classes | 
[  60% ] update_scripts_classes | 
[ DONE ] update_scripts_classes

[   0% ] _update_scan_actions | Started Scanning actions... (2 steps)
[   0% ] _update_scan_actions | broken.glsl
[  33% ] _update_scan_actions | good.glsl
[ DONE ] _update_scan_actions

[   0% ] reimport | Started (Re)Importing Assets (2 steps)
[   0% ] reimport | Preparing files to reimport...
[  33% ] reimport | Preparing files to reimport...
[   0% ] reimport | Executing pre-reimport operations...
[   0% ] reimport | broken.glsl
ERROR: /root/@EditorNode@19506/@Panel@14/@Control@66/ShaderFile: The function `is_visible_in_tree()` on this node can only be accessed from either the main thread or a thread group. Use `call_deferred()` instead.
   at: is_visible_in_tree (scene/main/canvas_item.cpp:73)
[  33% ] reimport | good.glsl
[  66% ] reimport | Finalizing Asset Import...
[ DONE ] reimport

[   0% ] reimport | Started (Re)Importing Assets (2 steps)
[   0% ] reimport | Executing post-reimport operations...
[ DONE ] reimport

[   0% ] loading_editor_layout | Started Loading editor (5 steps)
[   0% ] loading_editor_layout | Loading editor layout...
[  16% ] loading_editor_layout | Loading docks...
[ DONE ] loading_editor_layout

