Godot Engine v4.7.2.stable.official.ed1daf0bf - https://godotengine.org

STEP load
STEP after_load
--Main Shader--
    3 | uniform float flash_amount : hint_range(0.0, 1.0) = 0.0
    4 | 
E   5-> void fragment() {
    6 |  COLOR = vec4(1.0);
    7 | }
SHADER ERROR: Expected a ';'.
          at: (null) (:5)
          GDScript backtrace (most recent call first):
              [0] _initialize (res://tests/probe_lazy.gd:8)
ERROR: Shader compilation failed.
   at: shader_set_code (servers/rendering/dummy/storage/material_storage.cpp:192)
   GDScript backtrace (most recent call first):
       [0] _initialize (res://tests/probe_lazy.gd:8)
STEP after_assign_to_material
STEP after_add_child
STEP after_two_frames
STEP after_get_rid valid=true
---- defaults on good shader
get_shader_parameter=<null>
get(prop)=<null>
can_revert=false
revert=<null>
revert color=<null>
RS default=<null>
after set=0.75
after set out of hint range=7.0
---- rendering device
RS.get_rendering_device=<Object#null>
RS.create_local_rendering_device=<Object#null>
---- viewport readback
vp texture=():<ViewportTexture#-9223372010044783150>
ERROR: Parameter "t" is null.
   at: texture_2d_get (./servers/rendering/dummy/storage/texture_storage.h:110)
   GDScript backtrace (most recent call first):
       [0] _initialize (res://tests/probe_lazy.gd:46)
vp image=<Object#null>
PROBE_DONE
