Godot Engine v4.7.2.stable.official.ed1daf0bf - https://godotengine.org

RENDERING_METHOD=forward_plus
RENDERING_DRIVER=metal
VIDEO_ADAPTER=
RD_GLOBAL=<Object#null>
---- good
LOADED=true
MODE=1
CODE_LEN=276
UNIFORMS=[{ "name": "flash_color", "class_name": &"", "type": 20, "hint": 0, "hint_string": "", "usage": 6 }, { "name": "flash_amount", "class_name": &"", "type": 3, "hint": 1, "hint_string": "0.0,1.0,0.0010000000475", "usage": 6 }]
PARAM flash_amount=<null>
DEFAULT flash_amount=<null>
---- syntax_error
LOADED=true
MODE=1
CODE_LEN=123
--Main Shader--
    3 | uniform float flash_amount : hint_range(0.0, 1.0) = 0.0
    4 | 
E   5-> void fragment() {
    6 |  COLOR = vec4(1.0);
    7 | }
SHADER ERROR: Expected a ';'.
          at: (null) (:5)
          GDScript backtrace (most recent call first):
              [0] _initialize (res://tests/probe_load.gd:16)
ERROR: Shader compilation failed.
   at: shader_set_code (servers/rendering/dummy/storage/material_storage.cpp:192)
   GDScript backtrace (most recent call first):
       [0] _initialize (res://tests/probe_load.gd:16)
UNIFORMS=[]
PARAM flash_amount=<null>
DEFAULT flash_amount=<null>
---- type_error
LOADED=true
MODE=1
CODE_LEN=159
--Main Shader--
    4 | 
    5 | void fragment() {
E   6->  vec3 c = texture(TEXTURE, UV);
    7 |  COLOR = vec4(c, 1.0);
    8 | }
SHADER ERROR: Invalid assignment of 'vec4' to 'vec3'.
          at: (null) (:6)
          GDScript backtrace (most recent call first):
              [0] _initialize (res://tests/probe_load.gd:16)
ERROR: Shader compilation failed.
   at: shader_set_code (servers/rendering/dummy/storage/material_storage.cpp:192)
   GDScript backtrace (most recent call first):
       [0] _initialize (res://tests/probe_load.gd:16)
UNIFORMS=[]
PARAM flash_amount=<null>
DEFAULT flash_amount=<null>
---- undeclared
LOADED=true
MODE=1
CODE_LEN=83
--Main Shader--
    2 | 
    3 | void fragment() {
E   4->  COLOR = vec4(flash_color.rgb, 1.0);
    5 | }
    6 | 
SHADER ERROR: Unknown identifier in expression: 'flash_color'.
          at: (null) (:4)
          GDScript backtrace (most recent call first):
              [0] _initialize (res://tests/probe_load.gd:16)
ERROR: Shader compilation failed.
   at: shader_set_code (servers/rendering/dummy/storage/material_storage.cpp:192)
   GDScript backtrace (most recent call first):
       [0] _initialize (res://tests/probe_load.gd:16)
UNIFORMS=[]
PARAM flash_amount=<null>
DEFAULT flash_amount=<null>
---- bad_builtin
LOADED=true
MODE=1
CODE_LEN=67
--Main Shader--
    2 | 
    3 | void fragment() {
E   4->  ALBEDO = vec3(1.0);
    5 | }
    6 | 
SHADER ERROR: Unknown identifier in expression: 'ALBEDO'.
          at: (null) (:4)
          GDScript backtrace (most recent call first):
              [0] _initialize (res://tests/probe_load.gd:16)
ERROR: Shader compilation failed.
   at: shader_set_code (servers/rendering/dummy/storage/material_storage.cpp:192)
   GDScript backtrace (most recent call first):
       [0] _initialize (res://tests/probe_load.gd:16)
UNIFORMS=[]
PARAM flash_amount=<null>
DEFAULT flash_amount=<null>
PROBE_DONE
