Godot Engine v4.7.2.stable.official.ed1daf0bf - https://godotengine.org

== dutch_ship_medium_rigging surface 0 dutch_ship_medium_rigging class=StandardMaterial3D
albedo_texture=res://polyhaven/textures/dutch_ship_medium_rigging_diff_1k.jpg
normal_enabled=true normal_texture=res://polyhaven/textures/dutch_ship_medium_rigging_nor_gl_1k.jpg
roughness_texture=res://polyhaven/textures/dutch_ship_medium_rigging_arm_1k.jpg channel=1
metallic_texture=res://polyhaven/textures/dutch_ship_medium_rigging_arm_1k.jpg channel=2 metallic=1.0
ao_enabled=false ao_texture=none
transparency=0 alpha_scissor=0.5 cull=2
SCRIPT ERROR: Invalid call. Nonexistent function 'get_shader_rid' in base 'StandardMaterial3D'.
          at: dump_material (res://probe_material.gd:12)
          GDScript backtrace (most recent call first):
              [0] dump_material (res://probe_material.gd:12)
              [1] _initialize (res://probe_material.gd:29)
== dutch_ship_medium_hull surface 0 dutch_ship_medium_hull class=StandardMaterial3D
albedo_texture=res://polyhaven/textures/dutch_ship_medium_hull_diff_1k.jpg
normal_enabled=true normal_texture=res://polyhaven/textures/dutch_ship_medium_hull_nor_gl_1k.jpg
roughness_texture=res://polyhaven/textures/dutch_ship_medium_hull_arm_1k.jpg channel=1
metallic_texture=res://polyhaven/textures/dutch_ship_medium_hull_arm_1k.jpg channel=2 metallic=1.0
ao_enabled=false ao_texture=none
transparency=0 alpha_scissor=0.5 cull=2
SCRIPT ERROR: Invalid call. Nonexistent function 'get_shader_rid' in base 'StandardMaterial3D'.
          at: dump_material (res://probe_material.gd:12)
          GDScript backtrace (most recent call first):
              [0] dump_material (res://probe_material.gd:12)
              [1] _initialize (res://probe_material.gd:29)
== dutch_ship_medium_sails surface 0 dutch_ship_medium_sails class=StandardMaterial3D
albedo_texture=res://polyhaven/textures/dutch_ship_medium_sails_diff_1k.jpg
normal_enabled=true normal_texture=res://polyhaven/textures/dutch_ship_medium_sails_nor_gl_1k.jpg
roughness_texture=res://polyhaven/textures/dutch_ship_medium_sails_arm_1k.jpg channel=1
metallic_texture=res://polyhaven/textures/dutch_ship_medium_sails_arm_1k.jpg channel=2 metallic=0.0
ao_enabled=false ao_texture=none
transparency=2 alpha_scissor=0.5 cull=2
SCRIPT ERROR: Invalid call. Nonexistent function 'get_shader_rid' in base 'StandardMaterial3D'.
          at: dump_material (res://probe_material.gd:12)
          GDScript backtrace (most recent call first):
              [0] dump_material (res://probe_material.gd:12)
              [1] _initialize (res://probe_material.gd:29)
== fresh ORMMaterial3D (no textures) class=ORMMaterial3D
albedo_texture=none
normal_enabled=false normal_texture=none
roughness_texture=none channel=0
metallic_texture=none channel=0 metallic=0.0
ao_enabled=false ao_texture=none
transparency=0 alpha_scissor=0.5 cull=0
SCRIPT ERROR: Invalid call. Nonexistent function 'get_shader_rid' in base 'ORMMaterial3D'.
          at: dump_material (res://probe_material.gd:12)
          GDScript backtrace (most recent call first):
              [0] dump_material (res://probe_material.gd:12)
              [1] _initialize (res://probe_material.gd:31)
SCRIPT ERROR: Invalid call. Nonexistent function 'get_shader_rid' in base 'ORMMaterial3D'.
          at: _initialize (res://probe_material.gd:36)
          GDScript backtrace (most recent call first):
              [0] _initialize (res://probe_material.gd:36)
