Godot Engine v4.7.2.stable.official.ed1daf0bf - https://godotengine.org

anim 'RESET' lib='' length=0.001 loop=0 tracks=32
anim 'falling' lib='' length=0.433 loop=1 tracks=32
anim 'idle' lib='' length=1.233 loop=1 tracks=32
anim 'jump' lib='' length=0.433 loop=1 tracks=32
anim 'run' lib='' length=0.833 loop=1 tracks=32
anim 'shooting' lib='' length=0.433 loop=0 tracks=32
anim 'shooting_standing' lib='' length=0.433 loop=0 tracks=32
anim 'walk' lib='' length=1.033 loop=1 tracks=32
tree_root=AnimationNodeBlendTree callback_mode_process=1 root_motion_track=
  node Animation : AnimationNodeAnimation idle
  node Animation 2 : AnimationNodeAnimation run
  node Animation 3 : AnimationNodeAnimation jump
  node Animation 4 : AnimationNodeAnimation falling
  node Animation 5 : AnimationNodeAnimation shooting_standing
  node Animation 6 : AnimationNodeAnimation walk
  node air_dir : AnimationNodeBlend2 
  node gun : AnimationNodeBlend2 
  node output : AnimationNodeOutput 
  node run : AnimationNodeBlend2 
  node scale : AnimationNodeTimeScale 
  node speed : AnimationNodeBlend2 
  node state : AnimationNodeBlend2 
