Godot Engine v4.7.2.stable.official.ed1daf0bf - https://godotengine.org

  0 in=                 floor=false vy=  0.00 hs= 0.00 state=0 air_dir=0.00 run=0.00 speed=0.00 gun=0.00
  1 in=                 floor=false vy= -0.18 hs= 0.00 state=1 air_dir=0.55 run=0.00 speed=0.00 gun=0.00
  2 in=                 floor=false vy= -0.37 hs= 0.00 state=1 air_dir=0.59 run=0.00 speed=0.00 gun=0.00
  3 in=                 floor=false vy= -0.55 hs= 0.00 state=1 air_dir=0.64 run=0.00 speed=0.00 gun=0.00
  4 in=                 floor=false vy= -0.73 hs= 0.00 state=1 air_dir=0.68 run=0.00 speed=0.00 gun=0.00
  5 in=                 floor=false vy= -0.92 hs= 0.00 state=1 air_dir=0.73 run=0.00 speed=0.00 gun=0.00
  6 in=                 floor=false vy= -1.10 hs= 0.00 state=1 air_dir=0.78 run=0.00 speed=0.00 gun=0.00
  7 in=                 floor=false vy= -1.28 hs= 0.00 state=1 air_dir=0.82 run=0.00 speed=0.00 gun=0.00
  8 in=                 floor=false vy= -1.47 hs= 0.00 state=1 air_dir=0.87 run=0.00 speed=0.00 gun=0.00
  9 in=                 floor=false vy= -1.65 hs= 0.00 state=1 air_dir=0.91 run=0.00 speed=0.00 gun=0.00
 10 in=                 floor=false vy= -1.83 hs= 0.00 state=1 air_dir=0.96 run=0.00 speed=0.00 gun=0.00
 11 in=                 floor=false vy= -2.02 hs= 0.00 state=1 air_dir=1.00 run=0.00 speed=0.00 gun=0.00
 12 in=                 floor=false vy= -2.20 hs= 0.00 state=1 air_dir=1.00 run=0.00 speed=0.00 gun=0.00
 13 in=                 floor=false vy= -2.38 hs= 0.00 state=1 air_dir=1.00 run=0.00 speed=0.00 gun=0.00
 14 in=                 floor=true vy=  0.00 hs= 0.00 state=1 air_dir=0.50 run=0.00 speed=0.00 gun=0.00
 15 in=                 floor=true vy=  0.00 hs= 0.00 state=0 air_dir=0.50 run=0.00 speed=0.00 gun=0.00
 16 in=                 floor=true vy=  0.00 hs= 0.00 state=0 air_dir=0.50 run=0.00 speed=0.00 gun=0.00
 17 in=                 floor=true vy=  0.00 hs= 0.00 state=0 air_dir=0.50 run=0.00 speed=0.00 gun=0.00
 18 in=                 floor=true vy=  0.00 hs= 0.00 state=0 air_dir=0.50 run=0.00 speed=0.00 gun=0.00
 19 in=                 floor=true vy=  0.00 hs= 0.00 state=0 air_dir=0.50 run=0.00 speed=0.00 gun=0.00
 20 in=                 floor=true vy=  0.00 hs= 0.00 state=0 air_dir=0.50 run=0.00 speed=0.00 gun=0.00
 21 in=                 floor=true vy=  0.00 hs= 0.00 state=0 air_dir=0.50 run=0.00 speed=0.00 gun=0.00
 22 in=                 floor=true vy=  0.00 hs= 0.00 state=0 air_dir=0.50 run=0.00 speed=0.00 gun=0.00
 23 in=                 floor=true vy=  0.00 hs= 0.00 state=0 air_dir=0.50 run=0.00 speed=0.00 gun=0.00
 24 in=                 floor=true vy=  0.00 hs= 0.00 state=0 air_dir=0.50 run=0.00 speed=0.00 gun=0.00
 25 in=                 floor=true vy=  0.00 hs= 0.00 state=0 air_dir=0.50 run=0.00 speed=0.00 gun=0.00
 26 in=                 floor=true vy=  0.00 hs= 0.00 state=0 air_dir=0.50 run=0.00 speed=0.00 gun=0.00
 27 in=                 floor=true vy=  0.00 hs= 0.00 state=0 air_dir=0.50 run=0.00 speed=0.00 gun=0.00
 28 in=                 floor=true vy=  0.00 hs= 0.00 state=0 air_dir=0.50 run=0.00 speed=0.00 gun=0.00
 29 in=                 floor=true vy=  0.00 hs= 0.00 state=0 air_dir=0.50 run=0.00 speed=0.00 gun=0.00
 30 in=                 floor=true vy=  0.00 hs= 0.00 state=0 air_dir=0.50 run=0.00 speed=0.00 gun=0.00
 31 in=                 floor=true vy=  0.00 hs= 0.00 state=0 air_dir=0.50 run=0.00 speed=0.00 gun=0.00
 32 in=                 floor=true vy=  0.00 hs= 0.00 state=0 air_dir=0.50 run=0.00 speed=0.00 gun=0.00
 33 in=                 floor=true vy=  0.00 hs= 0.00 state=0 air_dir=0.50 run=0.00 speed=0.00 gun=0.00
 34 in=                 floor=true vy=  0.00 hs= 0.00 state=0 air_dir=0.50 run=0.00 speed=0.00 gun=0.00
 35 in=                 floor=true vy=  0.00 hs= 0.00 state=0 air_dir=0.50 run=0.00 speed=0.00 gun=0.00
 36 in=                 floor=true vy=  0.00 hs= 0.00 state=0 air_dir=0.50 run=0.00 speed=0.00 gun=0.00
 37 in=                 floor=true vy=  0.00 hs= 0.00 state=0 air_dir=0.50 run=0.00 speed=0.00 gun=0.00
 38 in=                 floor=true vy=  0.00 hs= 0.00 state=0 air_dir=0.50 run=0.00 speed=0.00 gun=0.00
 39 in=                 floor=true vy=  0.00 hs= 0.00 state=0 air_dir=0.50 run=0.00 speed=0.00 gun=0.00
 40 in=                 floor=true vy=  0.00 hs= 0.00 state=0 air_dir=0.50 run=0.00 speed=0.00 gun=0.00
 41 in=                 floor=true vy=  0.00 hs= 0.00 state=0 air_dir=0.50 run=0.00 speed=0.00 gun=0.00
 42 in=                 floor=true vy=  0.00 hs= 0.00 state=0 air_dir=0.50 run=0.00 speed=0.00 gun=0.00
 43 in=                 floor=true vy=  0.00 hs= 0.00 state=0 air_dir=0.50 run=0.00 speed=0.00 gun=0.00
 44 in=                 floor=true vy=  0.00 hs= 0.00 state=0 air_dir=0.50 run=0.00 speed=0.00 gun=0.00
 45 in=                 floor=true vy=  0.00 hs= 0.00 state=0 air_dir=0.50 run=0.00 speed=0.00 gun=0.00
 46 in=                 floor=true vy=  0.00 hs= 0.00 state=0 air_dir=0.50 run=0.00 speed=0.00 gun=0.00
 47 in=                 floor=true vy=  0.00 hs= 0.00 state=0 air_dir=0.50 run=0.00 speed=0.00 gun=0.00
 48 in=                 floor=true vy=  0.00 hs= 0.00 state=0 air_dir=0.50 run=0.00 speed=0.00 gun=0.00
 49 in=                 floor=true vy=  0.00 hs= 0.00 state=0 air_dir=0.50 run=0.00 speed=0.00 gun=0.00
 50 in=                 floor=true vy=  0.00 hs= 0.00 state=0 air_dir=0.50 run=0.00 speed=0.00 gun=0.00
 51 in=                 floor=true vy=  0.00 hs= 0.00 state=0 air_dir=0.50 run=0.00 speed=0.00 gun=0.00
 52 in=                 floor=true vy=  0.00 hs= 0.00 state=0 air_dir=0.50 run=0.00 speed=0.00 gun=0.00
 53 in=                 floor=true vy=  0.00 hs= 0.00 state=0 air_dir=0.50 run=0.00 speed=0.00 gun=0.00
 54 in=                 floor=true vy=  0.00 hs= 0.00 state=0 air_dir=0.50 run=0.00 speed=0.00 gun=0.00
 55 in=                 floor=true vy=  0.00 hs= 0.00 state=0 air_dir=0.50 run=0.00 speed=0.00 gun=0.00
 56 in=                 floor=true vy=  0.00 hs= 0.00 state=0 air_dir=0.50 run=0.00 speed=0.00 gun=0.00
 57 in=                 floor=true vy=  0.00 hs= 0.00 state=0 air_dir=0.50 run=0.00 speed=0.00 gun=0.00
 58 in=                 floor=true vy=  0.00 hs= 0.00 state=0 air_dir=0.50 run=0.00 speed=0.00 gun=0.00
 59 in=                 floor=true vy=  0.00 hs= 0.00 state=0 air_dir=0.50 run=0.00 speed=0.00 gun=0.00
 60 in=                 floor=true vy=  0.00 hs= 0.00 state=0 air_dir=0.50 run=0.00 speed=0.00 gun=0.00
 61 in=                 floor=true vy=  0.00 hs= 0.00 state=0 air_dir=0.50 run=0.00 speed=0.00 gun=0.00
 62 in=                 floor=true vy=  0.00 hs= 0.00 state=0 air_dir=0.50 run=0.00 speed=0.00 gun=0.00
 63 in=                 floor=true vy=  0.00 hs= 0.00 state=0 air_dir=0.50 run=0.00 speed=0.00 gun=0.00
 64 in=                 floor=true vy=  0.00 hs= 0.00 state=0 air_dir=0.50 run=0.00 speed=0.00 gun=0.00
 65 in=                 floor=true vy=  0.00 hs= 0.00 state=0 air_dir=0.50 run=0.00 speed=0.00 gun=0.00
 66 in=                 floor=true vy=  0.00 hs= 0.00 state=0 air_dir=0.50 run=0.00 speed=0.00 gun=0.00
 67 in=                 floor=true vy=  0.00 hs= 0.00 state=0 air_dir=0.50 run=0.00 speed=0.00 gun=0.00
 68 in=                 floor=true vy=  0.00 hs= 0.00 state=0 air_dir=0.50 run=0.00 speed=0.00 gun=0.00
 69 in=                 floor=true vy=  0.00 hs= 0.00 state=0 air_dir=0.50 run=0.00 speed=0.00 gun=0.00
 70 in=                 floor=true vy=  0.00 hs= 0.00 state=0 air_dir=0.50 run=0.00 speed=0.00 gun=0.00
 71 in=                 floor=true vy=  0.00 hs= 0.00 state=0 air_dir=0.50 run=0.00 speed=0.00 gun=0.00
 72 in=                 floor=true vy=  0.00 hs= 0.00 state=0 air_dir=0.50 run=0.00 speed=0.00 gun=0.00
 73 in=                 floor=true vy=  0.00 hs= 0.00 state=0 air_dir=0.50 run=0.00 speed=0.00 gun=0.00
 74 in=                 floor=true vy=  0.00 hs= 0.00 state=0 air_dir=0.50 run=0.00 speed=0.00 gun=0.00
 75 in=                 floor=true vy=  0.00 hs= 0.00 state=0 air_dir=0.50 run=0.00 speed=0.00 gun=0.00
 76 in=                 floor=true vy=  0.00 hs= 0.00 state=0 air_dir=0.50 run=0.00 speed=0.00 gun=0.00
 77 in=                 floor=true vy=  0.00 hs= 0.00 state=0 air_dir=0.50 run=0.00 speed=0.00 gun=0.00
 78 in=                 floor=true vy=  0.00 hs= 0.00 state=0 air_dir=0.50 run=0.00 speed=0.00 gun=0.00
 79 in=                 floor=true vy=  0.00 hs= 0.00 state=0 air_dir=0.50 run=0.00 speed=0.00 gun=0.00
 80 in=                 floor=true vy=  0.00 hs= 0.00 state=0 air_dir=0.50 run=0.00 speed=0.00 gun=0.00
 81 in=                 floor=true vy=  0.00 hs= 0.00 state=0 air_dir=0.50 run=0.00 speed=0.00 gun=0.00
 82 in=                 floor=true vy=  0.00 hs= 0.00 state=0 air_dir=0.50 run=0.00 speed=0.00 gun=0.00
 83 in=                 floor=true vy=  0.00 hs= 0.00 state=0 air_dir=0.50 run=0.00 speed=0.00 gun=0.00
 84 in=                 floor=true vy=  0.00 hs= 0.00 state=0 air_dir=0.50 run=0.00 speed=0.00 gun=0.00
 85 in=                 floor=true vy=  0.00 hs= 0.00 state=0 air_dir=0.50 run=0.00 speed=0.00 gun=0.00
 86 in=                 floor=true vy=  0.00 hs= 0.00 state=0 air_dir=0.50 run=0.00 speed=0.00 gun=0.00
 87 in=                 floor=true vy=  0.00 hs= 0.00 state=0 air_dir=0.50 run=0.00 speed=0.00 gun=0.00
 88 in=                 floor=true vy=  0.00 hs= 0.00 state=0 air_dir=0.50 run=0.00 speed=0.00 gun=0.00
 89 in=                 floor=true vy=  0.00 hs= 0.00 state=0 air_dir=0.50 run=0.00 speed=0.00 gun=0.00
 90 in=move_forward     floor=true vy=  0.00 hs= 0.12 state=0 air_dir=0.50 run=0.02 speed=0.04 gun=0.00
 91 in=move_forward     floor=true vy=  0.00 hs= 0.23 state=0 air_dir=0.50 run=0.04 speed=0.08 gun=0.00
 92 in=move_forward     floor=true vy=  0.00 hs= 0.35 state=0 air_dir=0.50 run=0.06 speed=0.12 gun=0.00
 93 in=move_forward     floor=true vy=  0.00 hs= 0.47 state=0 air_dir=0.50 run=0.08 speed=0.16 gun=0.00
 94 in=move_forward     floor=true vy=  0.00 hs= 0.58 state=0 air_dir=0.50 run=0.10 speed=0.19 gun=0.00
 95 in=move_forward     floor=true vy=  0.00 hs= 0.70 state=0 air_dir=0.50 run=0.12 speed=0.23 gun=0.00
 96 in=move_forward     floor=true vy=  0.00 hs= 0.82 state=0 air_dir=0.50 run=0.14 speed=0.27 gun=0.00
 97 in=move_forward     floor=true vy=  0.00 hs= 0.93 state=0 air_dir=0.50 run=0.16 speed=0.31 gun=0.00
 98 in=move_forward     floor=true vy=  0.00 hs= 1.05 state=0 air_dir=0.50 run=0.18 speed=0.35 gun=0.00
 99 in=move_forward     floor=true vy=  0.00 hs= 1.17 state=0 air_dir=0.50 run=0.19 speed=0.39 gun=0.00
100 in=move_forward     floor=true vy=  0.00 hs= 1.28 state=0 air_dir=0.50 run=0.21 speed=0.43 gun=0.00
101 in=move_forward     floor=true vy=  0.00 hs= 1.40 state=0 air_dir=0.50 run=0.23 speed=0.47 gun=0.00
102 in=move_forward     floor=true vy=  0.00 hs= 1.52 state=0 air_dir=0.50 run=0.25 speed=0.51 gun=0.00
103 in=move_forward     floor=true vy=  0.00 hs= 1.63 state=0 air_dir=0.50 run=0.27 speed=0.54 gun=0.00
104 in=move_forward     floor=true vy=  0.00 hs= 1.75 state=0 air_dir=0.50 run=0.29 speed=0.58 gun=0.00
105 in=move_forward     floor=true vy=  0.00 hs= 1.87 state=0 air_dir=0.50 run=0.31 speed=0.62 gun=0.00
106 in=move_forward     floor=true vy=  0.00 hs= 1.98 state=0 air_dir=0.50 run=0.33 speed=0.66 gun=0.00
107 in=move_forward     floor=true vy=  0.00 hs= 2.10 state=0 air_dir=0.50 run=0.35 speed=0.70 gun=0.00
108 in=move_forward     floor=true vy=  0.00 hs= 2.22 state=0 air_dir=0.50 run=0.37 speed=0.74 gun=0.00
109 in=move_forward     floor=true vy=  0.00 hs= 2.33 state=0 air_dir=0.50 run=0.39 speed=0.78 gun=0.00
110 in=move_forward     floor=true vy=  0.00 hs= 2.45 state=0 air_dir=0.50 run=0.41 speed=0.82 gun=0.00
111 in=move_forward     floor=true vy=  0.00 hs= 2.57 state=0 air_dir=0.50 run=0.43 speed=0.86 gun=0.00
112 in=move_forward     floor=true vy=  0.00 hs= 2.68 state=0 air_dir=0.50 run=0.45 speed=0.89 gun=0.00
113 in=move_forward     floor=true vy=  0.00 hs= 2.80 state=0 air_dir=0.50 run=0.47 speed=0.93 gun=0.00
114 in=move_forward     floor=true vy=  0.00 hs= 2.92 state=0 air_dir=0.50 run=0.49 speed=0.97 gun=0.00
115 in=move_forward     floor=true vy=  0.00 hs= 3.03 state=0 air_dir=0.50 run=0.51 speed=1.00 gun=0.00
116 in=move_forward     floor=true vy=  0.00 hs= 3.15 state=0 air_dir=0.50 run=0.52 speed=1.00 gun=0.00
117 in=move_forward     floor=true vy=  0.00 hs= 3.27 state=0 air_dir=0.50 run=0.54 speed=1.00 gun=0.00
118 in=move_forward     floor=true vy=  0.00 hs= 3.38 state=0 air_dir=0.50 run=0.56 speed=1.00 gun=0.00
119 in=move_forward     floor=true vy=  0.00 hs= 3.50 state=0 air_dir=0.50 run=0.58 speed=1.00 gun=0.00
120 in=move_forward     floor=true vy=  0.00 hs= 3.62 state=0 air_dir=0.50 run=0.60 speed=1.00 gun=0.00
121 in=move_forward     floor=true vy=  0.00 hs= 3.73 state=0 air_dir=0.50 run=0.62 speed=1.00 gun=0.00
122 in=move_forward     floor=true vy=  0.00 hs= 3.85 state=0 air_dir=0.50 run=0.64 speed=1.00 gun=0.00
123 in=move_forward     floor=true vy=  0.00 hs= 3.97 state=0 air_dir=0.50 run=0.66 speed=1.00 gun=0.00
124 in=move_forward     floor=true vy=  0.00 hs= 4.08 state=0 air_dir=0.50 run=0.68 speed=1.00 gun=0.00
125 in=move_forward     floor=true vy=  0.00 hs= 4.20 state=0 air_dir=0.50 run=0.70 speed=1.00 gun=0.00
126 in=move_forward     floor=true vy=  0.00 hs= 4.32 state=0 air_dir=0.50 run=0.72 speed=1.00 gun=0.00
127 in=move_forward     floor=true vy=  0.00 hs= 4.43 state=0 air_dir=0.50 run=0.74 speed=1.00 gun=0.00
128 in=move_forward     floor=true vy=  0.00 hs= 4.55 state=0 air_dir=0.50 run=0.76 speed=1.00 gun=0.00
129 in=move_forward     floor=true vy=  0.00 hs= 4.67 state=0 air_dir=0.50 run=0.78 speed=1.00 gun=0.00
130 in=move_forward     floor=true vy=  0.00 hs= 4.78 state=0 air_dir=0.50 run=0.80 speed=1.00 gun=0.00
131 in=move_forward     floor=true vy=  0.00 hs= 4.90 state=0 air_dir=0.50 run=0.82 speed=1.00 gun=0.00
132 in=move_forward     floor=true vy=  0.00 hs= 5.02 state=0 air_dir=0.50 run=0.84 speed=1.00 gun=0.00
133 in=move_forward     floor=true vy=  0.00 hs= 5.13 state=0 air_dir=0.50 run=0.86 speed=1.00 gun=0.00
134 in=move_forward     floor=true vy=  0.00 hs= 5.25 state=0 air_dir=0.50 run=0.87 speed=1.00 gun=0.00
135 in=move_forward     floor=true vy=  0.00 hs= 5.37 state=0 air_dir=0.50 run=0.89 speed=1.00 gun=0.00
136 in=move_forward     floor=true vy=  0.00 hs= 5.48 state=0 air_dir=0.50 run=0.91 speed=1.00 gun=0.00
137 in=move_forward     floor=true vy=  0.00 hs= 5.60 state=0 air_dir=0.50 run=0.93 speed=1.00 gun=0.00
138 in=move_forward     floor=true vy=  0.00 hs= 5.72 state=0 air_dir=0.50 run=0.95 speed=1.00 gun=0.00
139 in=move_forward     floor=true vy=  0.00 hs= 5.83 state=0 air_dir=0.50 run=0.97 speed=1.00 gun=0.00
140 in=move_forward     floor=true vy=  0.00 hs= 5.95 state=0 air_dir=0.50 run=0.99 speed=1.00 gun=0.00
141 in=move_forward     floor=true vy=  0.00 hs= 6.07 state=0 air_dir=0.50 run=1.01 speed=1.00 gun=0.00
142 in=move_forward     floor=true vy=  0.00 hs= 6.07 state=0 air_dir=0.50 run=1.01 speed=1.00 gun=0.00
143 in=move_forward     floor=true vy=  0.00 hs= 6.07 state=0 air_dir=0.50 run=1.01 speed=1.00 gun=0.00
144 in=move_forward     floor=true vy=  0.00 hs= 6.07 state=0 air_dir=0.50 run=1.01 speed=1.00 gun=0.00
145 in=move_forward     floor=true vy=  0.00 hs= 6.07 state=0 air_dir=0.50 run=1.01 speed=1.00 gun=0.00
146 in=move_forward     floor=true vy=  0.00 hs= 6.07 state=0 air_dir=0.50 run=1.01 speed=1.00 gun=0.00
147 in=move_forward     floor=true vy=  0.00 hs= 6.07 state=0 air_dir=0.50 run=1.01 speed=1.00 gun=0.00
148 in=move_forward     floor=true vy=  0.00 hs= 6.07 state=0 air_dir=0.50 run=1.01 speed=1.00 gun=0.00
149 in=move_forward     floor=true vy=  0.00 hs= 6.07 state=0 air_dir=0.50 run=1.01 speed=1.00 gun=0.00
150 in=move_back        floor=true vy=  0.00 hs= 5.95 state=0 air_dir=0.50 run=0.99 speed=1.00 gun=0.00
151 in=move_back        floor=true vy=  0.00 hs= 5.83 state=0 air_dir=0.50 run=0.97 speed=1.00 gun=0.00
152 in=move_back        floor=true vy=  0.00 hs= 5.72 state=0 air_dir=0.50 run=0.95 speed=1.00 gun=0.00
153 in=move_back        floor=true vy=  0.00 hs= 5.60 state=0 air_dir=0.50 run=0.93 speed=1.00 gun=0.00
154 in=move_back        floor=true vy=  0.00 hs= 5.48 state=0 air_dir=0.50 run=0.91 speed=1.00 gun=0.00
155 in=move_back        floor=true vy=  0.00 hs= 5.37 state=0 air_dir=0.50 run=0.89 speed=1.00 gun=0.00
156 in=move_back        floor=true vy=  0.00 hs= 5.25 state=0 air_dir=0.50 run=0.87 speed=1.00 gun=0.00
157 in=move_back        floor=true vy=  0.00 hs= 5.13 state=0 air_dir=0.50 run=0.86 speed=1.00 gun=0.00
158 in=move_back        floor=true vy=  0.00 hs= 5.02 state=0 air_dir=0.50 run=0.84 speed=1.00 gun=0.00
159 in=move_back        floor=true vy=  0.00 hs= 4.90 state=0 air_dir=0.50 run=0.82 speed=1.00 gun=0.00
160 in=move_back        floor=true vy=  0.00 hs= 4.78 state=0 air_dir=0.50 run=0.80 speed=1.00 gun=0.00
161 in=move_back        floor=true vy=  0.00 hs= 4.67 state=0 air_dir=0.50 run=0.78 speed=1.00 gun=0.00
162 in=move_back        floor=true vy=  0.00 hs= 4.55 state=0 air_dir=0.50 run=0.76 speed=1.00 gun=0.00
163 in=move_back        floor=true vy=  0.00 hs= 4.43 state=0 air_dir=0.50 run=0.74 speed=1.00 gun=0.00
164 in=move_back        floor=true vy=  0.00 hs= 4.32 state=0 air_dir=0.50 run=0.72 speed=1.00 gun=0.00
165 in=move_back        floor=true vy=  0.00 hs= 4.20 state=0 air_dir=0.50 run=0.70 speed=1.00 gun=0.00
166 in=move_back        floor=true vy=  0.00 hs= 4.08 state=0 air_dir=0.50 run=0.68 speed=1.00 gun=0.00
167 in=move_back        floor=true vy=  0.00 hs= 3.97 state=0 air_dir=0.50 run=0.66 speed=1.00 gun=0.00
168 in=move_back        floor=true vy=  0.00 hs= 3.85 state=0 air_dir=0.50 run=0.64 speed=1.00 gun=0.00
169 in=move_back        floor=true vy=  0.00 hs= 3.73 state=0 air_dir=0.50 run=0.62 speed=1.00 gun=0.00
170 in=move_back        floor=true vy=  0.00 hs= 3.62 state=0 air_dir=0.50 run=0.60 speed=1.00 gun=0.00
171 in=move_back        floor=true vy=  0.00 hs= 3.50 state=0 air_dir=0.50 run=0.58 speed=1.00 gun=0.00
172 in=move_back        floor=true vy=  0.00 hs= 3.38 state=0 air_dir=0.50 run=0.56 speed=1.00 gun=0.00
173 in=move_back        floor=true vy=  0.00 hs= 3.27 state=0 air_dir=0.50 run=0.54 speed=1.00 gun=0.00
174 in=move_back        floor=true vy=  0.00 hs= 3.15 state=0 air_dir=0.50 run=0.52 speed=1.00 gun=0.00
175 in=move_back        floor=true vy=  0.00 hs= 3.03 state=0 air_dir=0.50 run=0.51 speed=1.00 gun=0.00
176 in=move_back        floor=true vy=  0.00 hs= 2.92 state=0 air_dir=0.50 run=0.49 speed=0.97 gun=0.00
177 in=move_back        floor=true vy=  0.00 hs= 2.80 state=0 air_dir=0.50 run=0.47 speed=0.93 gun=0.00
178 in=move_back        floor=true vy=  0.00 hs= 2.68 state=0 air_dir=0.50 run=0.45 speed=0.89 gun=0.00
179 in=move_back        floor=true vy=  0.00 hs= 2.57 state=0 air_dir=0.50 run=0.43 speed=0.86 gun=0.00
180 in=move_back        floor=true vy=  0.00 hs= 2.45 state=0 air_dir=0.50 run=0.41 speed=0.82 gun=0.00
181 in=move_back        floor=true vy=  0.00 hs= 2.33 state=0 air_dir=0.50 run=0.39 speed=0.78 gun=0.00
182 in=move_back        floor=true vy=  0.00 hs= 2.22 state=0 air_dir=0.50 run=0.37 speed=0.74 gun=0.00
183 in=move_back        floor=true vy=  0.00 hs= 2.10 state=0 air_dir=0.50 run=0.35 speed=0.70 gun=0.00
184 in=move_back        floor=true vy=  0.00 hs= 1.98 state=0 air_dir=0.50 run=0.33 speed=0.66 gun=0.00
185 in=move_back        floor=true vy=  0.00 hs= 1.87 state=0 air_dir=0.50 run=0.31 speed=0.62 gun=0.00
186 in=move_back        floor=true vy=  0.00 hs= 1.75 state=0 air_dir=0.50 run=0.29 speed=0.58 gun=0.00
187 in=move_back        floor=true vy=  0.00 hs= 1.63 state=0 air_dir=0.50 run=0.27 speed=0.54 gun=0.00
188 in=move_back        floor=true vy=  0.00 hs= 1.52 state=0 air_dir=0.50 run=0.25 speed=0.51 gun=0.00
189 in=move_back        floor=true vy=  0.00 hs= 1.40 state=0 air_dir=0.50 run=0.23 speed=0.47 gun=0.00
190 in=move_back        floor=true vy=  0.00 hs= 1.28 state=0 air_dir=0.50 run=0.21 speed=0.43 gun=0.00
191 in=move_back        floor=true vy=  0.00 hs= 1.17 state=0 air_dir=0.50 run=0.19 speed=0.39 gun=0.00
192 in=move_back        floor=true vy=  0.00 hs= 1.05 state=0 air_dir=0.50 run=0.18 speed=0.35 gun=0.00
193 in=move_back        floor=true vy=  0.00 hs= 0.93 state=0 air_dir=0.50 run=0.16 speed=0.31 gun=0.00
194 in=move_back        floor=true vy=  0.00 hs= 0.82 state=0 air_dir=0.50 run=0.14 speed=0.27 gun=0.00
195 in=move_back        floor=true vy=  0.00 hs= 0.70 state=0 air_dir=0.50 run=0.12 speed=0.23 gun=0.00
196 in=move_back        floor=true vy=  0.00 hs= 0.58 state=0 air_dir=0.50 run=0.10 speed=0.19 gun=0.00
197 in=move_back        floor=true vy=  0.00 hs= 0.47 state=0 air_dir=0.50 run=0.08 speed=0.16 gun=0.00
198 in=move_back        floor=true vy=  0.00 hs= 0.35 state=0 air_dir=0.50 run=0.06 speed=0.12 gun=0.00
199 in=move_back        floor=true vy=  0.00 hs= 0.23 state=0 air_dir=0.50 run=0.04 speed=0.08 gun=0.00
200 in=move_back        floor=true vy=  0.00 hs= 0.12 state=0 air_dir=0.50 run=0.02 speed=0.04 gun=0.00
201 in=move_back        floor=true vy=  0.00 hs= 0.00 state=0 air_dir=0.50 run=0.00 speed=0.00 gun=0.00
202 in=move_back        floor=true vy=  0.00 hs= 0.12 state=0 air_dir=0.50 run=0.02 speed=0.04 gun=0.00
203 in=move_back        floor=true vy=  0.00 hs= 0.23 state=0 air_dir=0.50 run=0.04 speed=0.08 gun=0.00
204 in=move_back        floor=true vy=  0.00 hs= 0.35 state=0 air_dir=0.50 run=0.06 speed=0.12 gun=0.00
205 in=move_back        floor=true vy=  0.00 hs= 0.47 state=0 air_dir=0.50 run=0.08 speed=0.16 gun=0.00
206 in=move_back        floor=true vy=  0.00 hs= 0.58 state=0 air_dir=0.50 run=0.10 speed=0.19 gun=0.00
207 in=move_back        floor=true vy=  0.00 hs= 0.70 state=0 air_dir=0.50 run=0.12 speed=0.23 gun=0.00
208 in=move_back        floor=true vy=  0.00 hs= 0.82 state=0 air_dir=0.50 run=0.14 speed=0.27 gun=0.00
209 in=move_back        floor=true vy=  0.00 hs= 0.93 state=0 air_dir=0.50 run=0.16 speed=0.31 gun=0.00
210 in=jump             floor=false vy= 12.50 hs= 0.82 state=0 air_dir=0.00 run=0.16 speed=0.31 gun=0.00
211 in=jump             floor=false vy= 12.32 hs= 0.82 state=1 air_dir=0.00 run=0.16 speed=0.31 gun=0.00
212 in=jump             floor=false vy= 12.13 hs= 0.82 state=1 air_dir=0.00 run=0.16 speed=0.31 gun=0.00
213 in=jump             floor=false vy= 11.95 hs= 0.82 state=1 air_dir=0.00 run=0.16 speed=0.31 gun=0.00
214 in=jump             floor=false vy= 11.77 hs= 0.82 state=1 air_dir=0.00 run=0.16 speed=0.31 gun=0.00
215 in=jump             floor=false vy= 11.58 hs= 0.82 state=1 air_dir=0.00 run=0.16 speed=0.31 gun=0.00
216 in=jump             floor=false vy= 11.40 hs= 0.82 state=1 air_dir=0.00 run=0.16 speed=0.31 gun=0.00
217 in=jump             floor=false vy= 11.22 hs= 0.82 state=1 air_dir=0.00 run=0.16 speed=0.31 gun=0.00
218 in=jump             floor=false vy= 11.03 hs= 0.82 state=1 air_dir=0.00 run=0.16 speed=0.31 gun=0.00
219 in=jump             floor=false vy= 10.85 hs= 0.82 state=1 air_dir=0.00 run=0.16 speed=0.31 gun=0.00
220 in=jump             floor=false vy= 10.67 hs= 0.82 state=1 air_dir=0.00 run=0.16 speed=0.31 gun=0.00
221 in=jump             floor=false vy= 10.48 hs= 0.82 state=1 air_dir=0.00 run=0.16 speed=0.31 gun=0.00
222 in=jump             floor=false vy= 10.30 hs= 0.82 state=1 air_dir=0.00 run=0.16 speed=0.31 gun=0.00
223 in=jump             floor=false vy= 10.12 hs= 0.82 state=1 air_dir=0.00 run=0.16 speed=0.31 gun=0.00
224 in=jump             floor=false vy=  9.93 hs= 0.82 state=1 air_dir=0.00 run=0.16 speed=0.31 gun=0.00
225 in=jump             floor=false vy=  9.75 hs= 0.82 state=1 air_dir=0.00 run=0.16 speed=0.31 gun=0.00
226 in=jump             floor=false vy=  9.57 hs= 0.82 state=1 air_dir=0.00 run=0.16 speed=0.31 gun=0.00
227 in=jump             floor=false vy=  9.38 hs= 0.82 state=1 air_dir=0.00 run=0.16 speed=0.31 gun=0.00
228 in=jump             floor=false vy=  9.20 hs= 0.82 state=1 air_dir=0.00 run=0.16 speed=0.31 gun=0.00
229 in=jump             floor=false vy=  9.02 hs= 0.82 state=1 air_dir=0.00 run=0.16 speed=0.31 gun=0.00
230 in=jump             floor=false vy=  8.83 hs= 0.82 state=1 air_dir=0.00 run=0.16 speed=0.31 gun=0.00
231 in=jump             floor=false vy=  8.65 hs= 0.82 state=1 air_dir=0.00 run=0.16 speed=0.31 gun=0.00
232 in=jump             floor=false vy=  8.47 hs= 0.82 state=1 air_dir=0.00 run=0.16 speed=0.31 gun=0.00
233 in=jump             floor=false vy=  8.28 hs= 0.82 state=1 air_dir=0.00 run=0.16 speed=0.31 gun=0.00
234 in=jump             floor=false vy=  8.10 hs= 0.82 state=1 air_dir=0.00 run=0.16 speed=0.31 gun=0.00
235 in=jump             floor=false vy=  7.92 hs= 0.82 state=1 air_dir=0.00 run=0.16 speed=0.31 gun=0.00
236 in=jump             floor=false vy=  7.73 hs= 0.82 state=1 air_dir=0.00 run=0.16 speed=0.31 gun=0.00
237 in=jump             floor=false vy=  7.55 hs= 0.82 state=1 air_dir=0.00 run=0.16 speed=0.31 gun=0.00
238 in=jump             floor=false vy=  7.37 hs= 0.82 state=1 air_dir=0.00 run=0.16 speed=0.31 gun=0.00
239 in=jump             floor=false vy=  7.18 hs= 0.82 state=1 air_dir=0.00 run=0.16 speed=0.31 gun=0.00
240 in=jump             floor=false vy=  7.00 hs= 0.82 state=1 air_dir=0.00 run=0.16 speed=0.31 gun=0.00
241 in=jump             floor=false vy=  6.82 hs= 0.82 state=1 air_dir=0.00 run=0.16 speed=0.31 gun=0.00
242 in=jump             floor=false vy=  6.63 hs= 0.82 state=1 air_dir=0.00 run=0.16 speed=0.31 gun=0.00
243 in=jump             floor=false vy=  6.45 hs= 0.82 state=1 air_dir=0.00 run=0.16 speed=0.31 gun=0.00
244 in=jump             floor=false vy=  6.27 hs= 0.82 state=1 air_dir=0.00 run=0.16 speed=0.31 gun=0.00
245 in=jump             floor=false vy=  6.08 hs= 0.82 state=1 air_dir=0.00 run=0.16 speed=0.31 gun=0.00
246 in=jump             floor=false vy=  5.90 hs= 0.82 state=1 air_dir=0.00 run=0.16 speed=0.31 gun=0.00
247 in=jump             floor=false vy=  5.72 hs= 0.82 state=1 air_dir=0.00 run=0.16 speed=0.31 gun=0.00
248 in=jump             floor=false vy=  5.53 hs= 0.82 state=1 air_dir=0.00 run=0.16 speed=0.31 gun=0.00
249 in=jump             floor=false vy=  5.35 hs= 0.82 state=1 air_dir=0.00 run=0.16 speed=0.31 gun=0.00
250 in=jump             floor=false vy=  5.17 hs= 0.82 state=1 air_dir=0.00 run=0.16 speed=0.31 gun=0.00
251 in=jump             floor=false vy=  4.98 hs= 0.82 state=1 air_dir=0.00 run=0.16 speed=0.31 gun=0.00
252 in=jump             floor=false vy=  4.80 hs= 0.82 state=1 air_dir=0.00 run=0.16 speed=0.31 gun=0.00
253 in=jump             floor=false vy=  4.62 hs= 0.82 state=1 air_dir=0.00 run=0.16 speed=0.31 gun=0.00
254 in=jump             floor=false vy=  4.43 hs= 0.82 state=1 air_dir=0.00 run=0.16 speed=0.31 gun=0.00
255 in=jump             floor=false vy=  4.25 hs= 0.82 state=1 air_dir=0.00 run=0.16 speed=0.31 gun=0.00
256 in=jump             floor=false vy=  4.07 hs= 0.82 state=1 air_dir=0.00 run=0.16 speed=0.31 gun=0.00
257 in=jump             floor=false vy=  3.88 hs= 0.82 state=1 air_dir=0.00 run=0.16 speed=0.31 gun=0.00
258 in=jump             floor=false vy=  3.70 hs= 0.82 state=1 air_dir=0.00 run=0.16 speed=0.31 gun=0.00
259 in=jump             floor=false vy=  3.52 hs= 0.82 state=1 air_dir=0.00 run=0.16 speed=0.31 gun=0.00
260 in=jump             floor=false vy=  3.33 hs= 0.82 state=1 air_dir=0.00 run=0.16 speed=0.31 gun=0.00
261 in=jump             floor=false vy=  3.15 hs= 0.82 state=1 air_dir=0.00 run=0.16 speed=0.31 gun=0.00
262 in=jump             floor=false vy=  2.97 hs= 0.82 state=1 air_dir=0.00 run=0.16 speed=0.31 gun=0.00
263 in=jump             floor=false vy=  2.78 hs= 0.82 state=1 air_dir=0.00 run=0.16 speed=0.31 gun=0.00
264 in=jump             floor=false vy=  2.60 hs= 0.82 state=1 air_dir=0.00 run=0.16 speed=0.31 gun=0.00
265 in=jump             floor=false vy=  2.42 hs= 0.82 state=1 air_dir=0.00 run=0.16 speed=0.31 gun=0.00
266 in=jump             floor=false vy=  2.23 hs= 0.82 state=1 air_dir=0.00 run=0.16 speed=0.31 gun=0.00
267 in=jump             floor=false vy=  2.05 hs= 0.82 state=1 air_dir=0.00 run=0.16 speed=0.31 gun=0.00
268 in=jump             floor=false vy=  1.87 hs= 0.82 state=1 air_dir=0.03 run=0.16 speed=0.31 gun=0.00
269 in=jump             floor=false vy=  1.68 hs= 0.82 state=1 air_dir=0.08 run=0.16 speed=0.31 gun=0.00
270 in=jump             floor=false vy=  1.50 hs= 0.82 state=1 air_dir=0.13 run=0.16 speed=0.31 gun=0.00
271 in=jump             floor=false vy=  1.32 hs= 0.82 state=1 air_dir=0.17 run=0.16 speed=0.31 gun=0.00
272 in=jump             floor=false vy=  1.13 hs= 0.82 state=1 air_dir=0.22 run=0.16 speed=0.31 gun=0.00
273 in=jump             floor=false vy=  0.95 hs= 0.82 state=1 air_dir=0.26 run=0.16 speed=0.31 gun=0.00
274 in=jump             floor=false vy=  0.77 hs= 0.82 state=1 air_dir=0.31 run=0.16 speed=0.31 gun=0.00
275 in=jump             floor=false vy=  0.58 hs= 0.82 state=1 air_dir=0.35 run=0.16 speed=0.31 gun=0.00
276 in=jump             floor=false vy=  0.40 hs= 0.82 state=1 air_dir=0.40 run=0.16 speed=0.31 gun=0.00
277 in=jump             floor=false vy=  0.22 hs= 0.82 state=1 air_dir=0.45 run=0.16 speed=0.31 gun=0.00
278 in=jump             floor=false vy=  0.03 hs= 0.82 state=1 air_dir=0.49 run=0.16 speed=0.31 gun=0.00
279 in=jump             floor=false vy= -0.15 hs= 0.82 state=1 air_dir=0.54 run=0.16 speed=0.31 gun=0.00
280 in=jump             floor=false vy= -0.33 hs= 0.82 state=1 air_dir=0.58 run=0.16 speed=0.31 gun=0.00
281 in=jump             floor=false vy= -0.52 hs= 0.82 state=1 air_dir=0.63 run=0.16 speed=0.31 gun=0.00
282 in=jump             floor=false vy= -0.70 hs= 0.82 state=1 air_dir=0.68 run=0.16 speed=0.31 gun=0.00
283 in=jump             floor=false vy= -0.88 hs= 0.82 state=1 air_dir=0.72 run=0.16 speed=0.31 gun=0.00
284 in=jump             floor=false vy= -1.07 hs= 0.82 state=1 air_dir=0.77 run=0.16 speed=0.31 gun=0.00
285 in=jump             floor=false vy= -1.25 hs= 0.82 state=1 air_dir=0.81 run=0.16 speed=0.31 gun=0.00
286 in=jump             floor=false vy= -1.43 hs= 0.82 state=1 air_dir=0.86 run=0.16 speed=0.31 gun=0.00
287 in=jump             floor=false vy= -1.62 hs= 0.82 state=1 air_dir=0.90 run=0.16 speed=0.31 gun=0.00
288 in=jump             floor=false vy= -1.80 hs= 0.82 state=1 air_dir=0.95 run=0.16 speed=0.31 gun=0.00
289 in=jump             floor=false vy= -1.98 hs= 0.82 state=1 air_dir=1.00 run=0.16 speed=0.31 gun=0.00
290 in=jump             floor=false vy= -2.17 hs= 0.82 state=1 air_dir=1.00 run=0.16 speed=0.31 gun=0.00
291 in=jump             floor=false vy= -2.35 hs= 0.82 state=1 air_dir=1.00 run=0.16 speed=0.31 gun=0.00
292 in=jump             floor=false vy= -2.53 hs= 0.82 state=1 air_dir=1.00 run=0.16 speed=0.31 gun=0.00
293 in=jump             floor=false vy= -2.72 hs= 0.82 state=1 air_dir=1.00 run=0.16 speed=0.31 gun=0.00
294 in=jump             floor=false vy= -2.90 hs= 0.82 state=1 air_dir=1.00 run=0.16 speed=0.31 gun=0.00
295 in=jump             floor=false vy= -3.08 hs= 0.82 state=1 air_dir=1.00 run=0.16 speed=0.31 gun=0.00
296 in=jump             floor=false vy= -3.27 hs= 0.82 state=1 air_dir=1.00 run=0.16 speed=0.31 gun=0.00
297 in=jump             floor=false vy= -3.45 hs= 0.82 state=1 air_dir=1.00 run=0.16 speed=0.31 gun=0.00
298 in=jump             floor=false vy= -3.63 hs= 0.82 state=1 air_dir=1.00 run=0.16 speed=0.31 gun=0.00
299 in=jump             floor=false vy= -3.82 hs= 0.82 state=1 air_dir=1.00 run=0.16 speed=0.31 gun=0.00
300 in=jump             floor=false vy= -4.00 hs= 0.82 state=1 air_dir=1.00 run=0.16 speed=0.31 gun=0.00
301 in=jump             floor=false vy= -4.18 hs= 0.82 state=1 air_dir=1.00 run=0.16 speed=0.31 gun=0.00
302 in=jump             floor=false vy= -4.37 hs= 0.82 state=1 air_dir=1.00 run=0.16 speed=0.31 gun=0.00
303 in=jump             floor=false vy= -4.55 hs= 0.82 state=1 air_dir=1.00 run=0.16 speed=0.31 gun=0.00
304 in=jump             floor=false vy= -4.73 hs= 0.82 state=1 air_dir=1.00 run=0.16 speed=0.31 gun=0.00
305 in=jump             floor=false vy= -4.92 hs= 0.82 state=1 air_dir=1.00 run=0.16 speed=0.31 gun=0.00
306 in=jump             floor=false vy= -5.10 hs= 0.82 state=1 air_dir=1.00 run=0.16 speed=0.31 gun=0.00
307 in=jump             floor=false vy= -5.28 hs= 0.82 state=1 air_dir=1.00 run=0.16 speed=0.31 gun=0.00
308 in=jump             floor=false vy= -5.47 hs= 0.82 state=1 air_dir=1.00 run=0.16 speed=0.31 gun=0.00
309 in=jump             floor=false vy= -5.65 hs= 0.82 state=1 air_dir=1.00 run=0.16 speed=0.31 gun=0.00
310 in=jump             floor=false vy= -5.83 hs= 0.82 state=1 air_dir=1.00 run=0.16 speed=0.31 gun=0.00
311 in=jump             floor=false vy= -6.02 hs= 0.82 state=1 air_dir=1.00 run=0.16 speed=0.31 gun=0.00
312 in=jump             floor=false vy= -6.20 hs= 0.82 state=1 air_dir=1.00 run=0.16 speed=0.31 gun=0.00
313 in=jump             floor=false vy= -6.38 hs= 0.82 state=1 air_dir=1.00 run=0.16 speed=0.31 gun=0.00
314 in=jump             floor=false vy= -6.57 hs= 0.82 state=1 air_dir=1.00 run=0.16 speed=0.31 gun=0.00
315 in=jump             floor=false vy= -6.75 hs= 0.82 state=1 air_dir=1.00 run=0.16 speed=0.31 gun=0.00
316 in=jump             floor=false vy= -6.93 hs= 0.82 state=1 air_dir=1.00 run=0.16 speed=0.31 gun=0.00
317 in=jump             floor=false vy= -7.12 hs= 0.82 state=1 air_dir=1.00 run=0.16 speed=0.31 gun=0.00
318 in=jump             floor=false vy= -7.30 hs= 0.82 state=1 air_dir=1.00 run=0.16 speed=0.31 gun=0.00
319 in=jump             floor=false vy= -7.48 hs= 0.82 state=1 air_dir=1.00 run=0.16 speed=0.31 gun=0.00
320 in=jump             floor=false vy= -7.67 hs= 0.82 state=1 air_dir=1.00 run=0.16 speed=0.31 gun=0.00
321 in=jump             floor=false vy= -7.85 hs= 0.82 state=1 air_dir=1.00 run=0.16 speed=0.31 gun=0.00
322 in=jump             floor=false vy= -8.03 hs= 0.82 state=1 air_dir=1.00 run=0.16 speed=0.31 gun=0.00
323 in=jump             floor=false vy= -8.22 hs= 0.82 state=1 air_dir=1.00 run=0.16 speed=0.31 gun=0.00
324 in=jump             floor=false vy= -8.40 hs= 0.82 state=1 air_dir=1.00 run=0.16 speed=0.31 gun=0.00
325 in=jump             floor=false vy= -8.58 hs= 0.82 state=1 air_dir=1.00 run=0.16 speed=0.31 gun=0.00
326 in=jump             floor=false vy= -8.77 hs= 0.82 state=1 air_dir=1.00 run=0.16 speed=0.31 gun=0.00
327 in=jump             floor=false vy= -8.95 hs= 0.82 state=1 air_dir=1.00 run=0.16 speed=0.31 gun=0.00
328 in=jump             floor=false vy= -9.13 hs= 0.82 state=1 air_dir=1.00 run=0.16 speed=0.31 gun=0.00
329 in=jump             floor=false vy= -9.32 hs= 0.82 state=1 air_dir=1.00 run=0.16 speed=0.31 gun=0.00
330 in=                 floor=false vy= -9.50 hs= 0.82 state=1 air_dir=1.00 run=0.16 speed=0.31 gun=0.00
331 in=                 floor=false vy= -9.68 hs= 0.82 state=1 air_dir=1.00 run=0.16 speed=0.31 gun=0.00
332 in=                 floor=false vy= -9.87 hs= 0.82 state=1 air_dir=1.00 run=0.16 speed=0.31 gun=0.00
333 in=                 floor=false vy=-10.05 hs= 0.82 state=1 air_dir=1.00 run=0.16 speed=0.31 gun=0.00
334 in=                 floor=false vy=-10.23 hs= 0.82 state=1 air_dir=1.00 run=0.16 speed=0.31 gun=0.00
335 in=                 floor=false vy=-10.42 hs= 0.82 state=1 air_dir=1.00 run=0.16 speed=0.31 gun=0.00
336 in=                 floor=false vy=-10.60 hs= 0.82 state=1 air_dir=1.00 run=0.16 speed=0.31 gun=0.00
337 in=                 floor=false vy=-10.78 hs= 0.82 state=1 air_dir=1.00 run=0.16 speed=0.31 gun=0.00
338 in=                 floor=false vy=-10.97 hs= 0.82 state=1 air_dir=1.00 run=0.16 speed=0.31 gun=0.00
339 in=                 floor=false vy=-11.15 hs= 0.82 state=1 air_dir=1.00 run=0.16 speed=0.31 gun=0.00
340 in=                 floor=false vy=-11.33 hs= 0.82 state=1 air_dir=1.00 run=0.16 speed=0.31 gun=0.00
341 in=                 floor=false vy=-11.52 hs= 0.82 state=1 air_dir=1.00 run=0.16 speed=0.31 gun=0.00
342 in=                 floor=false vy=-11.70 hs= 0.82 state=1 air_dir=1.00 run=0.16 speed=0.31 gun=0.00
343 in=                 floor=false vy=-11.88 hs= 0.82 state=1 air_dir=1.00 run=0.16 speed=0.31 gun=0.00
344 in=                 floor=false vy=-12.07 hs= 0.82 state=1 air_dir=1.00 run=0.16 speed=0.31 gun=0.00
345 in=                 floor=false vy=-12.25 hs= 0.82 state=1 air_dir=1.00 run=0.16 speed=0.31 gun=0.00
346 in=                 floor=false vy=-12.43 hs= 0.82 state=1 air_dir=1.00 run=0.16 speed=0.31 gun=0.00
347 in=                 floor=true vy=  0.00 hs= 0.82 state=1 air_dir=0.50 run=0.14 speed=0.27 gun=0.00
348 in=                 floor=true vy=  0.00 hs= 0.70 state=0 air_dir=0.50 run=0.12 speed=0.23 gun=0.00
349 in=                 floor=true vy=  0.00 hs= 0.58 state=0 air_dir=0.50 run=0.10 speed=0.19 gun=0.00
350 in=                 floor=true vy=  0.00 hs= 0.47 state=0 air_dir=0.50 run=0.08 speed=0.16 gun=0.00
351 in=                 floor=true vy=  0.00 hs= 0.35 state=0 air_dir=0.50 run=0.06 speed=0.12 gun=0.00
352 in=                 floor=true vy=  0.00 hs= 0.23 state=0 air_dir=0.50 run=0.04 speed=0.08 gun=0.00
353 in=                 floor=true vy=  0.00 hs= 0.12 state=0 air_dir=0.50 run=0.02 speed=0.04 gun=0.00
354 in=                 floor=true vy=  0.00 hs= 0.00 state=0 air_dir=0.50 run=0.00 speed=0.00 gun=0.00
355 in=                 floor=true vy=  0.00 hs= 0.00 state=0 air_dir=0.50 run=0.00 speed=0.00 gun=0.00
356 in=                 floor=true vy=  0.00 hs= 0.00 state=0 air_dir=0.50 run=0.00 speed=0.00 gun=0.00
357 in=                 floor=true vy=  0.00 hs= 0.00 state=0 air_dir=0.50 run=0.00 speed=0.00 gun=0.00
358 in=                 floor=true vy=  0.00 hs= 0.00 state=0 air_dir=0.50 run=0.00 speed=0.00 gun=0.00
359 in=                 floor=true vy=  0.00 hs= 0.00 state=0 air_dir=0.50 run=0.00 speed=0.00 gun=0.00
360 in=jump             floor=false vy= 12.50 hs= 0.00 state=0 air_dir=0.00 run=0.00 speed=0.00 gun=0.00
361 in=jump             floor=false vy= 12.32 hs= 0.00 state=1 air_dir=0.00 run=0.00 speed=0.00 gun=0.00
362 in=jump             floor=false vy= 12.13 hs= 0.00 state=1 air_dir=0.00 run=0.00 speed=0.00 gun=0.00
363 in=jump             floor=false vy= 11.95 hs= 0.00 state=1 air_dir=0.00 run=0.00 speed=0.00 gun=0.00
364 in=jump             floor=false vy= 11.77 hs= 0.00 state=1 air_dir=0.00 run=0.00 speed=0.00 gun=0.00
365 in=jump             floor=false vy= 11.58 hs= 0.00 state=1 air_dir=0.00 run=0.00 speed=0.00 gun=0.00
366 in=jump             floor=false vy= 11.40 hs= 0.00 state=1 air_dir=0.00 run=0.00 speed=0.00 gun=0.00
367 in=jump             floor=false vy= 11.22 hs= 0.00 state=1 air_dir=0.00 run=0.00 speed=0.00 gun=0.00
368 in=jump             floor=false vy= 11.03 hs= 0.00 state=1 air_dir=0.00 run=0.00 speed=0.00 gun=0.00
369 in=jump             floor=false vy= 10.85 hs= 0.00 state=1 air_dir=0.00 run=0.00 speed=0.00 gun=0.00
370 in=jump             floor=false vy= 10.67 hs= 0.00 state=1 air_dir=0.00 run=0.00 speed=0.00 gun=0.00
371 in=jump             floor=false vy= 10.48 hs= 0.00 state=1 air_dir=0.00 run=0.00 speed=0.00 gun=0.00
372 in=jump             floor=false vy= 10.30 hs= 0.00 state=1 air_dir=0.00 run=0.00 speed=0.00 gun=0.00
373 in=jump             floor=false vy= 10.12 hs= 0.00 state=1 air_dir=0.00 run=0.00 speed=0.00 gun=0.00
374 in=jump             floor=false vy=  9.93 hs= 0.00 state=1 air_dir=0.00 run=0.00 speed=0.00 gun=0.00
375 in=jump             floor=false vy=  9.75 hs= 0.00 state=1 air_dir=0.00 run=0.00 speed=0.00 gun=0.00
376 in=jump             floor=false vy=  9.57 hs= 0.00 state=1 air_dir=0.00 run=0.00 speed=0.00 gun=0.00
377 in=jump             floor=false vy=  9.38 hs= 0.00 state=1 air_dir=0.00 run=0.00 speed=0.00 gun=0.00
378 in=jump             floor=false vy=  9.20 hs= 0.00 state=1 air_dir=0.00 run=0.00 speed=0.00 gun=0.00
379 in=jump             floor=false vy=  9.02 hs= 0.00 state=1 air_dir=0.00 run=0.00 speed=0.00 gun=0.00
380 in=reset_position   floor=false vy= -0.18 hs= 0.00 state=1 air_dir=0.55 run=0.00 speed=0.00 gun=0.00
381 in=reset_position   floor=false vy= -0.18 hs= 0.00 state=1 air_dir=0.55 run=0.00 speed=0.00 gun=0.00
382 in=reset_position   floor=false vy= -0.18 hs= 0.00 state=1 air_dir=0.55 run=0.00 speed=0.00 gun=0.00
383 in=reset_position   floor=false vy= -0.18 hs= 0.00 state=1 air_dir=0.55 run=0.00 speed=0.00 gun=0.00
384 in=reset_position   floor=false vy= -0.18 hs= 0.00 state=1 air_dir=0.55 run=0.00 speed=0.00 gun=0.00
385 in=reset_position   floor=false vy= -0.18 hs= 0.00 state=1 air_dir=0.55 run=0.00 speed=0.00 gun=0.00
386 in=reset_position   floor=false vy= -0.18 hs= 0.00 state=1 air_dir=0.55 run=0.00 speed=0.00 gun=0.00
387 in=reset_position   floor=false vy= -0.18 hs= 0.00 state=1 air_dir=0.55 run=0.00 speed=0.00 gun=0.00
388 in=reset_position   floor=false vy= -0.18 hs= 0.00 state=1 air_dir=0.55 run=0.00 speed=0.00 gun=0.00
389 in=reset_position   floor=false vy= -0.18 hs= 0.00 state=1 air_dir=0.55 run=0.00 speed=0.00 gun=0.00
390 in=                 floor=false vy= -0.37 hs= 0.00 state=1 air_dir=0.59 run=0.00 speed=0.00 gun=0.00
391 in=                 floor=false vy= -0.55 hs= 0.00 state=1 air_dir=0.64 run=0.00 speed=0.00 gun=0.00
392 in=                 floor=false vy= -0.73 hs= 0.00 state=1 air_dir=0.68 run=0.00 speed=0.00 gun=0.00
393 in=                 floor=false vy= -0.92 hs= 0.00 state=1 air_dir=0.73 run=0.00 speed=0.00 gun=0.00
394 in=                 floor=false vy= -1.10 hs= 0.00 state=1 air_dir=0.78 run=0.00 speed=0.00 gun=0.00
395 in=                 floor=false vy= -1.28 hs= 0.00 state=1 air_dir=0.82 run=0.00 speed=0.00 gun=0.00
396 in=                 floor=false vy= -1.47 hs= 0.00 state=1 air_dir=0.87 run=0.00 speed=0.00 gun=0.00
397 in=                 floor=false vy= -1.65 hs= 0.00 state=1 air_dir=0.91 run=0.00 speed=0.00 gun=0.00
398 in=                 floor=false vy= -1.83 hs= 0.00 state=1 air_dir=0.96 run=0.00 speed=0.00 gun=0.00
399 in=                 floor=false vy= -2.02 hs= 0.00 state=1 air_dir=1.00 run=0.00 speed=0.00 gun=0.00
400 in=                 floor=false vy= -2.20 hs= 0.00 state=1 air_dir=1.00 run=0.00 speed=0.00 gun=0.00
401 in=                 floor=false vy= -2.38 hs= 0.00 state=1 air_dir=1.00 run=0.00 speed=0.00 gun=0.00
402 in=                 floor=true vy=  0.00 hs= 0.00 state=1 air_dir=0.50 run=0.00 speed=0.00 gun=0.00
403 in=                 floor=true vy=  0.00 hs= 0.00 state=0 air_dir=0.50 run=0.00 speed=0.00 gun=0.00
404 in=                 floor=true vy=  0.00 hs= 0.00 state=0 air_dir=0.50 run=0.00 speed=0.00 gun=0.00
405 in=                 floor=true vy=  0.00 hs= 0.00 state=0 air_dir=0.50 run=0.00 speed=0.00 gun=0.00
406 in=                 floor=true vy=  0.00 hs= 0.00 state=0 air_dir=0.50 run=0.00 speed=0.00 gun=0.00
407 in=                 floor=true vy=  0.00 hs= 0.00 state=0 air_dir=0.50 run=0.00 speed=0.00 gun=0.00
408 in=                 floor=true vy=  0.00 hs= 0.00 state=0 air_dir=0.50 run=0.00 speed=0.00 gun=0.00
409 in=                 floor=true vy=  0.00 hs= 0.00 state=0 air_dir=0.50 run=0.00 speed=0.00 gun=0.00
410 in=                 floor=true vy=  0.00 hs= 0.00 state=0 air_dir=0.50 run=0.00 speed=0.00 gun=0.00
411 in=                 floor=true vy=  0.00 hs= 0.00 state=0 air_dir=0.50 run=0.00 speed=0.00 gun=0.00
412 in=                 floor=true vy=  0.00 hs= 0.00 state=0 air_dir=0.50 run=0.00 speed=0.00 gun=0.00
413 in=                 floor=true vy=  0.00 hs= 0.00 state=0 air_dir=0.50 run=0.00 speed=0.00 gun=0.00
414 in=                 floor=true vy=  0.00 hs= 0.00 state=0 air_dir=0.50 run=0.00 speed=0.00 gun=0.00
415 in=                 floor=true vy=  0.00 hs= 0.00 state=0 air_dir=0.50 run=0.00 speed=0.00 gun=0.00
416 in=                 floor=true vy=  0.00 hs= 0.00 state=0 air_dir=0.50 run=0.00 speed=0.00 gun=0.00
417 in=                 floor=true vy=  0.00 hs= 0.00 state=0 air_dir=0.50 run=0.00 speed=0.00 gun=0.00
418 in=                 floor=true vy=  0.00 hs= 0.00 state=0 air_dir=0.50 run=0.00 speed=0.00 gun=0.00
419 in=                 floor=true vy=  0.00 hs= 0.00 state=0 air_dir=0.50 run=0.00 speed=0.00 gun=0.00
420 in=                 floor=true vy=  0.00 hs= 0.00 state=0 air_dir=0.50 run=0.00 speed=0.00 gun=0.00
421 in=                 floor=true vy=  0.00 hs= 0.00 state=0 air_dir=0.50 run=0.00 speed=0.00 gun=0.00
422 in=                 floor=true vy=  0.00 hs= 0.00 state=0 air_dir=0.50 run=0.00 speed=0.00 gun=0.00
423 in=                 floor=true vy=  0.00 hs= 0.00 state=0 air_dir=0.50 run=0.00 speed=0.00 gun=0.00
424 in=                 floor=true vy=  0.00 hs= 0.00 state=0 air_dir=0.50 run=0.00 speed=0.00 gun=0.00
425 in=                 floor=true vy=  0.00 hs= 0.00 state=0 air_dir=0.50 run=0.00 speed=0.00 gun=0.00
426 in=                 floor=true vy=  0.00 hs= 0.00 state=0 air_dir=0.50 run=0.00 speed=0.00 gun=0.00
427 in=                 floor=true vy=  0.00 hs= 0.00 state=0 air_dir=0.50 run=0.00 speed=0.00 gun=0.00
428 in=                 floor=true vy=  0.00 hs= 0.00 state=0 air_dir=0.50 run=0.00 speed=0.00 gun=0.00
429 in=                 floor=true vy=  0.00 hs= 0.00 state=0 air_dir=0.50 run=0.00 speed=0.00 gun=0.00
430 in=                 floor=true vy=  0.00 hs= 0.00 state=0 air_dir=0.50 run=0.00 speed=0.00 gun=0.00
431 in=                 floor=true vy=  0.00 hs= 0.00 state=0 air_dir=0.50 run=0.00 speed=0.00 gun=0.00
432 in=                 floor=true vy=  0.00 hs= 0.00 state=0 air_dir=0.50 run=0.00 speed=0.00 gun=0.00
433 in=                 floor=true vy=  0.00 hs= 0.00 state=0 air_dir=0.50 run=0.00 speed=0.00 gun=0.00
434 in=                 floor=true vy=  0.00 hs= 0.00 state=0 air_dir=0.50 run=0.00 speed=0.00 gun=0.00
435 in=                 floor=true vy=  0.00 hs= 0.00 state=0 air_dir=0.50 run=0.00 speed=0.00 gun=0.00
436 in=                 floor=true vy=  0.00 hs= 0.00 state=0 air_dir=0.50 run=0.00 speed=0.00 gun=0.00
437 in=                 floor=true vy=  0.00 hs= 0.00 state=0 air_dir=0.50 run=0.00 speed=0.00 gun=0.00
438 in=                 floor=true vy=  0.00 hs= 0.00 state=0 air_dir=0.50 run=0.00 speed=0.00 gun=0.00
439 in=                 floor=true vy=  0.00 hs= 0.00 state=0 air_dir=0.50 run=0.00 speed=0.00 gun=0.00
440 in=                 floor=true vy=  0.00 hs= 0.00 state=0 air_dir=0.50 run=0.00 speed=0.00 gun=0.00
441 in=                 floor=true vy=  0.00 hs= 0.00 state=0 air_dir=0.50 run=0.00 speed=0.00 gun=0.00
442 in=                 floor=true vy=  0.00 hs= 0.00 state=0 air_dir=0.50 run=0.00 speed=0.00 gun=0.00
443 in=                 floor=true vy=  0.00 hs= 0.00 state=0 air_dir=0.50 run=0.00 speed=0.00 gun=0.00
444 in=                 floor=true vy=  0.00 hs= 0.00 state=0 air_dir=0.50 run=0.00 speed=0.00 gun=0.00
445 in=                 floor=true vy=  0.00 hs= 0.00 state=0 air_dir=0.50 run=0.00 speed=0.00 gun=0.00
446 in=                 floor=true vy=  0.00 hs= 0.00 state=0 air_dir=0.50 run=0.00 speed=0.00 gun=0.00
447 in=                 floor=true vy=  0.00 hs= 0.00 state=0 air_dir=0.50 run=0.00 speed=0.00 gun=0.00
448 in=                 floor=true vy=  0.00 hs= 0.00 state=0 air_dir=0.50 run=0.00 speed=0.00 gun=0.00
449 in=                 floor=true vy=  0.00 hs= 0.00 state=0 air_dir=0.50 run=0.00 speed=0.00 gun=0.00
450 in=                 floor=true vy=  0.00 hs= 0.00 state=0 air_dir=0.50 run=0.00 speed=0.00 gun=0.00
451 in=                 floor=true vy=  0.00 hs= 0.00 state=0 air_dir=0.50 run=0.00 speed=0.00 gun=0.00
452 in=                 floor=true vy=  0.00 hs= 0.00 state=0 air_dir=0.50 run=0.00 speed=0.00 gun=0.00
453 in=                 floor=true vy=  0.00 hs= 0.00 state=0 air_dir=0.50 run=0.00 speed=0.00 gun=0.00
454 in=                 floor=true vy=  0.00 hs= 0.00 state=0 air_dir=0.50 run=0.00 speed=0.00 gun=0.00
455 in=                 floor=true vy=  0.00 hs= 0.00 state=0 air_dir=0.50 run=0.00 speed=0.00 gun=0.00
456 in=                 floor=true vy=  0.00 hs= 0.00 state=0 air_dir=0.50 run=0.00 speed=0.00 gun=0.00
457 in=                 floor=true vy=  0.00 hs= 0.00 state=0 air_dir=0.50 run=0.00 speed=0.00 gun=0.00
458 in=                 floor=true vy=  0.00 hs= 0.00 state=0 air_dir=0.50 run=0.00 speed=0.00 gun=0.00
459 in=                 floor=true vy=  0.00 hs= 0.00 state=0 air_dir=0.50 run=0.00 speed=0.00 gun=0.00
460 in=                 floor=true vy=  0.00 hs= 0.00 state=0 air_dir=0.50 run=0.00 speed=0.00 gun=0.00
461 in=                 floor=true vy=  0.00 hs= 0.00 state=0 air_dir=0.50 run=0.00 speed=0.00 gun=0.00
462 in=                 floor=true vy=  0.00 hs= 0.00 state=0 air_dir=0.50 run=0.00 speed=0.00 gun=0.00
463 in=                 floor=true vy=  0.00 hs= 0.00 state=0 air_dir=0.50 run=0.00 speed=0.00 gun=0.00
464 in=                 floor=true vy=  0.00 hs= 0.00 state=0 air_dir=0.50 run=0.00 speed=0.00 gun=0.00
465 in=                 floor=true vy=  0.00 hs= 0.00 state=0 air_dir=0.50 run=0.00 speed=0.00 gun=0.00
466 in=                 floor=true vy=  0.00 hs= 0.00 state=0 air_dir=0.50 run=0.00 speed=0.00 gun=0.00
467 in=                 floor=true vy=  0.00 hs= 0.00 state=0 air_dir=0.50 run=0.00 speed=0.00 gun=0.00
468 in=                 floor=true vy=  0.00 hs= 0.00 state=0 air_dir=0.50 run=0.00 speed=0.00 gun=0.00
469 in=                 floor=true vy=  0.00 hs= 0.00 state=0 air_dir=0.50 run=0.00 speed=0.00 gun=0.00
470 in=                 floor=true vy=  0.00 hs= 0.00 state=0 air_dir=0.50 run=0.00 speed=0.00 gun=0.00
471 in=                 floor=true vy=  0.00 hs= 0.00 state=0 air_dir=0.50 run=0.00 speed=0.00 gun=0.00
472 in=                 floor=true vy=  0.00 hs= 0.00 state=0 air_dir=0.50 run=0.00 speed=0.00 gun=0.00
473 in=                 floor=true vy=  0.00 hs= 0.00 state=0 air_dir=0.50 run=0.00 speed=0.00 gun=0.00
474 in=                 floor=true vy=  0.00 hs= 0.00 state=0 air_dir=0.50 run=0.00 speed=0.00 gun=0.00
475 in=                 floor=true vy=  0.00 hs= 0.00 state=0 air_dir=0.50 run=0.00 speed=0.00 gun=0.00
476 in=                 floor=true vy=  0.00 hs= 0.00 state=0 air_dir=0.50 run=0.00 speed=0.00 gun=0.00
477 in=                 floor=true vy=  0.00 hs= 0.00 state=0 air_dir=0.50 run=0.00 speed=0.00 gun=0.00
478 in=                 floor=true vy=  0.00 hs= 0.00 state=0 air_dir=0.50 run=0.00 speed=0.00 gun=0.00
479 in=                 floor=true vy=  0.00 hs= 0.00 state=0 air_dir=0.50 run=0.00 speed=0.00 gun=0.00
WARNING: 9 ObjectDB instances were leaked at exit (run with `--verbose` for details).
   at: cleanup (core/object/object.cpp:2536)
ERROR: 3 resources still in use at exit (run with --verbose for details).
   at: clear (core/io/resource.cpp:822)
