Godot Engine v4.7.2.stable.official.ed1daf0bf - https://godotengine.org

  0 state=Jump     stack=Jump,Idle              height=4.9
  4 state=Jump     stack=Jump,Idle              height=23.3
  8 state=Jump     stack=Jump,Idle              height=40.0
 12 state=Jump     stack=Jump,Idle              height=54.9
 16 state=Jump     stack=Jump,Idle              height=68.0
 18 state=Jump     stack=Jump,Idle              height=73.9
 19 state=Jump     stack=Jump,Idle              height=76.7
 20 state=Jump     stack=Jump,Idle              height=79.3
 21 state=Attack   stack=Attack,Jump,Idle       height=79.3
 22 state=Attack   stack=Attack,Jump,Idle       height=79.3
 23 state=Attack   stack=Attack,Jump,Idle       height=79.3
 24 state=Attack   stack=Attack,Jump,Idle       height=79.3
 25 state=Attack   stack=Attack,Jump,Idle       height=79.3
 26 state=Attack   stack=Attack,Jump,Idle       height=79.3
 28 state=Attack   stack=Attack,Jump,Idle       height=79.3
 32 state=Attack   stack=Attack,Jump,Idle       height=79.3
 36 state=Attack   stack=Attack,Jump,Idle       height=79.3
 40 state=Attack   stack=Attack,Jump,Idle       height=79.3
 44 state=Attack   stack=Attack,Jump,Idle       height=79.3
 48 state=Attack   stack=Attack,Jump,Idle       height=79.3
 52 state=Attack   stack=Attack,Jump,Idle       height=79.3
 56 state=Attack   stack=Attack,Jump,Idle       height=79.3
 60 state=Attack   stack=Attack,Jump,Idle       height=79.3
 64 state=Attack   stack=Attack,Jump,Idle       height=79.3
 68 state=Attack   stack=Attack,Jump,Idle       height=79.3
 72 state=Attack   stack=Attack,Jump,Idle       height=79.3
 76 state=Jump     stack=Jump,Idle              height=81.9
 80 state=Jump     stack=Jump,Idle              height=91.0
 84 state=Jump     stack=Jump,Idle              height=98.3
 88 state=Jump     stack=Jump,Idle              height=103.9
 92 state=Jump     stack=Jump,Idle              height=107.7
 96 state=Jump     stack=Jump,Idle              height=109.7
100 state=Jump     stack=Jump,Idle              height=109.9
104 state=Jump     stack=Jump,Idle              height=108.3
108 state=Jump     stack=Jump,Idle              height=105.0
112 state=Jump     stack=Jump,Idle              height=99.9
116 state=Jump     stack=Jump,Idle              height=93.0
120 state=Jump     stack=Jump,Idle              height=84.3
124 state=Jump     stack=Jump,Idle              height=73.9
128 state=Jump     stack=Jump,Idle              height=61.7
132 state=Jump     stack=Jump,Idle              height=47.7
136 state=Jump     stack=Jump,Idle              height=31.9
140 state=Jump     stack=Jump,Idle              height=14.3
144 state=Idle     stack=Idle                   height=0.0
148 state=Idle     stack=Idle                   height=0.0
152 state=Idle     stack=Idle                   height=0.0
156 state=Idle     stack=Idle                   height=0.0
