Godot Engine v4.7.2.stable.official.ed1daf0bf - https://godotengine.org

  0 frame=40 floor=false vy= 12.50 state=ground  <-- floor left
 10 frame=45 floor=false vy= 10.67 state=jump
 20 frame=50 floor=false vy=  8.83 state=jump
 30 frame=55 floor=false vy=  7.00 state=jump
 40 frame=60 floor=false vy=  5.17 state=jump
 50 frame=65 floor=false vy=  3.33 state=jump
 60 frame=70 floor=false vy=  1.50 state=jump
 70 frame=75 floor=false vy= -0.33 state=fall
 80 frame=80 floor=false vy= -2.17 state=fall
 90 frame=85 floor=false vy= -4.00 state=fall
100 frame=90 floor=false vy= -5.83 state=fall
110 frame=95 floor=false vy= -7.67 state=fall
120 frame=100 floor=false vy= -9.50 state=fall
130 frame=105 floor=false vy=-11.33 state=fall
137 frame=109 floor=true vy=  0.00 state=ground  <-- floor contact
138 frame=109 floor=false vy= 12.50 state=ground  <-- floor left
140 frame=110 floor=false vy= 12.13 state=ground
150 frame=115 floor=false vy= 10.30 state=jump
160 frame=120 floor=false vy=  8.47 state=jump
170 frame=125 floor=false vy=  6.63 state=jump
180 frame=130 floor=false vy=  4.80 state=jump
190 frame=135 floor=false vy=  2.97 state=jump
200 frame=140 floor=false vy=  1.13 state=jump
210 frame=145 floor=false vy= -0.70 state=fall
220 frame=150 floor=false vy= -2.53 state=fall
230 frame=155 floor=false vy= -4.37 state=fall
240 frame=160 floor=false vy= -6.20 state=fall
250 frame=165 floor=false vy= -8.03 state=fall
260 frame=170 floor=false vy= -9.87 state=fall
270 frame=175 floor=false vy=-11.70 state=fall
275 frame=178 floor=true vy=  0.00 state=ground  <-- floor contact
276 frame=178 floor=false vy= 12.50 state=ground  <-- floor left
280 frame=180 floor=false vy= 11.77 state=ground
290 frame=185 floor=false vy=  9.93 state=jump
300 frame=190 floor=false vy=  8.10 state=jump
310 frame=195 floor=false vy=  6.27 state=jump
