PASS 1a: standing is ground
PASS 1b: jump→fall→ground order
TRACE2   0 pframe=114 floor=false vy= 12.50 state=jump pos=(-9.49833, -3.894799, 3.9334)
TRACE2   1 pframe=114 floor=false vy= 12.32 state=jump pos=(-9.49833, -3.79216, 3.9334)
TRACE2   2 pframe=115 floor=false vy= 12.13 state=jump pos=(-9.49833, -3.691049, 3.9334)
TRACE2   3 pframe=115 floor=false vy= 11.95 state=jump pos=(-9.49833, -3.591465, 3.9334)
TRACE2   4 pframe=116 floor=false vy= 11.77 state=jump pos=(-9.49833, -3.49341, 3.9334)
TRACE2   5 pframe=116 floor=false vy= 11.58 state=jump pos=(-9.49833, -3.396882, 3.9334)
TRACE2   6 pframe=117 floor=false vy= 11.40 state=jump pos=(-9.49833, -3.301882, 3.9334)
TRACE2   7 pframe=117 floor=false vy= 11.22 state=jump pos=(-9.49833, -3.20841, 3.9334)
TRACE2   8 pframe=118 floor=false vy= 11.03 state=jump pos=(-9.49833, -3.116465, 3.9334)
TRACE2   9 pframe=118 floor=false vy= 10.85 state=jump pos=(-9.49833, -3.026048, 3.9334)
TRACE2  10 pframe=119 floor=false vy= 10.67 state=jump pos=(-9.49833, -2.93716, 3.9334)
TRACE2  11 pframe=119 floor=false vy= 10.48 state=jump pos=(-9.49833, -2.849798, 3.9334)
TRACE2  12 pframe=120 floor=false vy= 10.30 state=jump pos=(-9.49833, -2.763965, 3.9334)
TRACE2  13 pframe=120 floor=false vy= 10.12 state=jump pos=(-9.49833, -2.67966, 3.9334)
TRACE2  14 pframe=121 floor=false vy=  9.93 state=jump pos=(-9.49833, -2.596882, 3.9334)
TRACE2  15 pframe=121 floor=false vy=  9.75 state=jump pos=(-9.49833, -2.515632, 3.9334)
TRACE2  16 pframe=122 floor=false vy=  9.57 state=jump pos=(-9.49833, -2.43591, 3.9334)
TRACE2  17 pframe=122 floor=false vy=  9.38 state=jump pos=(-9.49833, -2.357715, 3.9334)
TRACE2  18 pframe=123 floor=false vy=  9.20 state=jump pos=(-9.49833, -2.281049, 3.9334)
TRACE2  19 pframe=123 floor=false vy=  9.02 state=jump pos=(-9.49833, -2.20591, 3.9334)
TRACE2  20 pframe=124 floor=false vy=  8.83 state=jump pos=(-9.49833, -2.132299, 3.9334)
TRACE2  21 pframe=124 floor=false vy=  8.65 state=jump pos=(-9.49833, -2.060216, 3.9334)
TRACE2  22 pframe=125 floor=false vy=  8.47 state=jump pos=(-9.49833, -1.98966, 3.9334)
TRACE2  23 pframe=125 floor=false vy=  8.28 state=jump pos=(-9.49833, -1.920632, 3.9334)
TRACE2  24 pframe=126 floor=false vy=  8.10 state=jump pos=(-9.49833, -1.853132, 3.9334)
TRACE2  25 pframe=126 floor=false vy=  7.92 state=jump pos=(-9.49833, -1.78716, 3.9334)
TRACE2  26 pframe=127 floor=false vy=  7.73 state=jump pos=(-9.49833, -1.722716, 3.9334)
TRACE2  27 pframe=127 floor=false vy=  7.55 state=jump pos=(-9.49833, -1.659799, 3.9334)
TRACE2  28 pframe=128 floor=false vy=  7.37 state=jump pos=(-9.49833, -1.59841, 3.9334)
TRACE2  29 pframe=128 floor=false vy=  7.18 state=jump pos=(-9.49833, -1.538549, 3.9334)
TRACE2  30 pframe=129 floor=false vy=  7.00 state=jump pos=(-9.49833, -1.480216, 3.9334)
TRACE2  31 pframe=129 floor=false vy=  6.82 state=jump pos=(-9.49833, -1.42341, 3.9334)
TRACE2  32 pframe=130 floor=false vy=  6.63 state=jump pos=(-9.49833, -1.368133, 3.9334)
TRACE2  33 pframe=130 floor=false vy=  6.45 state=jump pos=(-9.49833, -1.314383, 3.9334)
TRACE2  34 pframe=131 floor=false vy=  6.27 state=jump pos=(-9.49833, -1.26216, 3.9334)
TRACE2  35 pframe=131 floor=false vy=  6.08 state=jump pos=(-9.49833, -1.211466, 3.9334)
TRACE2  36 pframe=132 floor=false vy=  5.90 state=jump pos=(-9.49833, -1.162299, 3.9334)
TRACE2  37 pframe=132 floor=false vy=  5.72 state=jump pos=(-9.49833, -1.11466, 3.9334)
TRACE2  38 pframe=133 floor=false vy=  5.53 state=jump pos=(-9.49833, -1.068549, 3.9334)
TRACE2  39 pframe=133 floor=false vy=  5.35 state=jump pos=(-9.49833, -1.023966, 3.9334)
TRACE2  40 pframe=134 floor=false vy=  5.17 state=jump pos=(-9.49833, -0.98091, 3.9334)
TRACE2  41 pframe=134 floor=false vy=  4.98 state=jump pos=(-9.49833, -0.939383, 3.9334)
TRACE2  42 pframe=135 floor=false vy=  4.80 state=jump pos=(-9.49833, -0.899383, 3.9334)
TRACE2  43 pframe=135 floor=false vy=  4.62 state=jump pos=(-9.49833, -0.86091, 3.9334)
TRACE2  44 pframe=136 floor=false vy=  4.43 state=jump pos=(-9.49833, -0.823966, 3.9334)
TRACE2  45 pframe=136 floor=false vy=  4.25 state=jump pos=(-9.49833, -0.788549, 3.9334)
TRACE2  46 pframe=137 floor=false vy=  4.07 state=jump pos=(-9.49833, -0.75466, 3.9334)
TRACE2  47 pframe=137 floor=false vy=  3.88 state=jump pos=(-9.49833, -0.722299, 3.9334)
TRACE2  48 pframe=138 floor=false vy=  3.70 state=jump pos=(-9.49833, -0.691466, 3.9334)
TRACE2  49 pframe=138 floor=false vy=  3.52 state=jump pos=(-9.49833, -0.662161, 3.9334)
TRACE2  50 pframe=139 floor=false vy=  3.33 state=jump pos=(-9.49833, -0.634383, 3.9334)
TRACE2  51 pframe=139 floor=false vy=  3.15 state=jump pos=(-9.49833, -0.608133, 3.9334)
TRACE2  52 pframe=140 floor=false vy=  2.97 state=jump pos=(-9.49833, -0.583411, 3.9334)
TRACE2  53 pframe=140 floor=false vy=  2.78 state=jump pos=(-9.49833, -0.560216, 3.9334)
TRACE2  54 pframe=141 floor=false vy=  2.60 state=jump pos=(-9.49833, -0.53855, 3.9334)
TRACE2  55 pframe=141 floor=false vy=  2.42 state=jump pos=(-9.49833, -0.518411, 3.9334)
TRACE2  56 pframe=142 floor=false vy=  2.23 state=jump pos=(-9.49833, -0.4998, 3.9334)
TRACE2  57 pframe=142 floor=false vy=  2.05 state=jump pos=(-9.49833, -0.482716, 3.9334)
TRACE2  58 pframe=143 floor=false vy=  1.87 state=jump pos=(-9.49833, -0.467161, 3.9334)
TRACE2  59 pframe=143 floor=false vy=  1.68 state=jump pos=(-9.49833, -0.453133, 3.9334)
TRACE2  60 pframe=144 floor=false vy=  1.50 state=jump pos=(-9.49833, -0.440633, 3.9334)
TRACE2  61 pframe=144 floor=false vy=  1.32 state=jump pos=(-9.49833, -0.429661, 3.9334)
TRACE2  62 pframe=145 floor=false vy=  1.13 state=jump pos=(-9.49833, -0.420216, 3.9334)
TRACE2  63 pframe=145 floor=false vy=  0.95 state=jump pos=(-9.49833, -0.4123, 3.9334)
TRACE2  64 pframe=146 floor=false vy=  0.77 state=jump pos=(-9.49833, -0.405911, 3.9334)
TRACE2  65 pframe=146 floor=false vy=  0.58 state=jump pos=(-9.49833, -0.40105, 3.9334)
TRACE2  66 pframe=147 floor=false vy=  0.40 state=jump pos=(-9.49833, -0.397717, 3.9334)
TRACE2  67 pframe=147 floor=false vy=  0.22 state=jump pos=(-9.49833, -0.395911, 3.9334)
TRACE2  68 pframe=148 floor=false vy=  0.03 state=jump pos=(-9.49833, -0.395633, 3.9334)
TRACE2  69 pframe=148 floor=false vy= -0.15 state=jump pos=(-9.49833, -0.396883, 3.9334)
TRACE2  70 pframe=149 floor=false vy= -0.33 state=fall pos=(-9.49833, -0.399661, 3.9334)
TRACE2  71 pframe=149 floor=false vy= -0.52 state=fall pos=(-9.49833, -0.403967, 3.9334)
TRACE2  72 pframe=150 floor=false vy= -0.70 state=fall pos=(-9.49833, -0.4098, 3.9334)
TRACE2  73 pframe=150 floor=false vy= -0.88 state=fall pos=(-9.49833, -0.417161, 3.9334)
TRACE2  74 pframe=151 floor=false vy= -1.07 state=fall pos=(-9.49833, -0.42605, 3.9334)
TRACE2  75 pframe=151 floor=false vy= -1.25 state=fall pos=(-9.49833, -0.436467, 3.9334)
TRACE2  76 pframe=152 floor=false vy= -1.43 state=fall pos=(-9.49833, -0.448411, 3.9334)
TRACE2  77 pframe=152 floor=false vy= -1.62 state=fall pos=(-9.49833, -0.461884, 3.9334)
TRACE2  78 pframe=153 floor=false vy= -1.80 state=fall pos=(-9.49833, -0.476884, 3.9334)
TRACE2  79 pframe=153 floor=false vy= -1.98 state=fall pos=(-9.49833, -0.493411, 3.9334)
TRACE2  80 pframe=154 floor=false vy= -2.17 state=fall pos=(-9.49833, -0.511467, 3.9334)
TRACE2  81 pframe=154 floor=false vy= -2.35 state=fall pos=(-9.49833, -0.53105, 3.9334)
TRACE2  82 pframe=155 floor=false vy= -2.53 state=fall pos=(-9.49833, -0.552162, 3.9334)
TRACE2  83 pframe=155 floor=false vy= -2.72 state=fall pos=(-9.49833, -0.5748, 3.9334)
TRACE2  84 pframe=156 floor=false vy= -2.90 state=fall pos=(-9.49833, -0.598967, 3.9334)
TRACE2  85 pframe=156 floor=false vy= -3.08 state=fall pos=(-9.49833, -0.624662, 3.9334)
TRACE2  86 pframe=157 floor=false vy= -3.27 state=fall pos=(-9.49833, -0.651884, 3.9334)
TRACE2  87 pframe=157 floor=false vy= -3.45 state=fall pos=(-9.49833, -0.680634, 3.9334)
TRACE2  88 pframe=158 floor=false vy= -3.63 state=fall pos=(-9.49833, -0.710912, 3.9334)
TRACE2  89 pframe=158 floor=false vy= -3.82 state=fall pos=(-9.49833, -0.742717, 3.9334)
TRACE2  90 pframe=159 floor=false vy= -4.00 state=fall pos=(-9.49833, -0.776051, 3.9334)
TRACE2  91 pframe=159 floor=false vy= -4.18 state=fall pos=(-9.49833, -0.810912, 3.9334)
TRACE2  92 pframe=160 floor=false vy= -4.37 state=fall pos=(-9.49833, -0.847301, 3.9334)
TRACE2  93 pframe=160 floor=false vy= -4.55 state=fall pos=(-9.49833, -0.885218, 3.9334)
TRACE2  94 pframe=161 floor=false vy= -4.73 state=fall pos=(-9.49833, -0.924662, 3.9334)
TRACE2  95 pframe=161 floor=false vy= -4.92 state=fall pos=(-9.49833, -0.965634, 3.9334)
TRACE2  96 pframe=162 floor=false vy= -5.10 state=fall pos=(-9.49833, -1.008134, 3.9334)
TRACE2  97 pframe=162 floor=false vy= -5.28 state=fall pos=(-9.49833, -1.052162, 3.9334)
TRACE2  98 pframe=163 floor=false vy= -5.47 state=fall pos=(-9.49833, -1.097718, 3.9334)
TRACE2  99 pframe=163 floor=false vy= -5.65 state=fall pos=(-9.49833, -1.144801, 3.9334)
TRACE2 100 pframe=164 floor=false vy= -5.83 state=fall pos=(-9.49833, -1.193412, 3.9334)
TRACE2 101 pframe=164 floor=false vy= -6.02 state=fall pos=(-9.49833, -1.243551, 3.9334)
TRACE2 102 pframe=165 floor=false vy= -6.20 state=fall pos=(-9.49833, -1.295218, 3.9334)
TRACE2 103 pframe=165 floor=false vy= -6.38 state=fall pos=(-9.49833, -1.348413, 3.9334)
TRACE2 104 pframe=166 floor=false vy= -6.57 state=fall pos=(-9.49833, -1.403135, 3.9334)
TRACE2 105 pframe=166 floor=false vy= -6.75 state=fall pos=(-9.49833, -1.459385, 3.9334)
TRACE2 106 pframe=167 floor=false vy= -6.93 state=fall pos=(-9.49833, -1.517163, 3.9334)
TRACE2 107 pframe=167 floor=false vy= -7.12 state=fall pos=(-9.49833, -1.576468, 3.9334)
TRACE2 108 pframe=168 floor=false vy= -7.30 state=fall pos=(-9.49833, -1.637302, 3.9334)
TRACE2 109 pframe=168 floor=false vy= -7.48 state=fall pos=(-9.49833, -1.699663, 3.9334)
TRACE2 110 pframe=169 floor=false vy= -7.67 state=fall pos=(-9.49833, -1.763552, 3.9334)
TRACE2 111 pframe=169 floor=false vy= -7.85 state=fall pos=(-9.49833, -1.828969, 3.9334)
TRACE2 112 pframe=170 floor=false vy= -8.03 state=fall pos=(-9.49833, -1.895913, 3.9334)
TRACE2 113 pframe=170 floor=false vy= -8.22 state=fall pos=(-9.49833, -1.964385, 3.9334)
TRACE2 114 pframe=171 floor=false vy= -8.40 state=fall pos=(-9.49833, -2.034385, 3.9334)
TRACE2 115 pframe=171 floor=false vy= -8.58 state=fall pos=(-9.49833, -2.105913, 3.9334)
TRACE2 116 pframe=172 floor=false vy= -8.77 state=fall pos=(-9.49833, -2.178968, 3.9334)
TRACE2 117 pframe=172 floor=false vy= -8.95 state=fall pos=(-9.49833, -2.253552, 3.9334)
TRACE2 118 pframe=173 floor=false vy= -9.13 state=fall pos=(-9.49833, -2.329663, 3.9334)
TRACE2 119 pframe=173 floor=false vy= -9.32 state=fall pos=(-9.49833, -2.407302, 3.9334)
TRACE2 120 pframe=174 floor=false vy= -9.50 state=fall pos=(-9.49833, -2.486468, 3.9334)
TRACE2 121 pframe=174 floor=false vy= -9.68 state=fall pos=(-9.49833, -2.567163, 3.9334)
TRACE2 122 pframe=175 floor=false vy= -9.87 state=fall pos=(-9.49833, -2.649385, 3.9334)
TRACE2 123 pframe=175 floor=false vy=-10.05 state=fall pos=(-9.49833, -2.733135, 3.9334)
TRACE2 124 pframe=176 floor=false vy=-10.23 state=fall pos=(-9.49833, -2.818413, 3.9334)
TRACE2 125 pframe=176 floor=false vy=-10.42 state=fall pos=(-9.49833, -2.905218, 3.9334)
TRACE2 126 pframe=177 floor=false vy=-10.60 state=fall pos=(-9.49833, -2.993552, 3.9334)
TRACE2 127 pframe=177 floor=false vy=-10.78 state=fall pos=(-9.49833, -3.083413, 3.9334)
TRACE2 128 pframe=178 floor=false vy=-10.97 state=fall pos=(-9.49833, -3.174802, 3.9334)
TRACE2 129 pframe=178 floor=false vy=-11.15 state=fall pos=(-9.49833, -3.267719, 3.9334)
TRACE2 130 pframe=179 floor=false vy=-11.33 state=fall pos=(-9.49833, -3.362163, 3.9334)
TRACE2 131 pframe=179 floor=false vy=-11.52 state=fall pos=(-9.49833, -3.458135, 3.9334)
TRACE2 132 pframe=180 floor=false vy=-11.70 state=fall pos=(-9.49833, -3.555635, 3.9334)
TRACE2 133 pframe=180 floor=false vy=-11.88 state=fall pos=(-9.49833, -3.654663, 3.9334)
TRACE2 134 pframe=181 floor=false vy=-12.07 state=fall pos=(-9.49833, -3.755219, 3.9334)
TRACE2 135 pframe=181 floor=false vy=-12.25 state=fall pos=(-9.49833, -3.857302, 3.9334)
TRACE2 136 pframe=182 floor=false vy=-12.43 state=fall pos=(-9.49833, -3.960914, 3.9334)
TRACE2 137 pframe=182 floor=true vy=  0.00 state=fall pos=(-9.49833, -3.998698, 3.9334)
TRACE2 138 pframe=183 floor=false vy= 12.50 state=fall pos=(-9.49833, -3.894531, 3.9334)
TRACE2 139 pframe=183 floor=false vy= 12.32 state=fall pos=(-9.49833, -3.791892, 3.9334)
TRACE2 140 pframe=184 floor=false vy= 12.13 state=fall pos=(-9.49833, -3.690781, 3.9334)
TRACE2 141 pframe=184 floor=false vy= 11.95 state=fall pos=(-9.49833, -3.591198, 3.9334)
TRACE2 142 pframe=185 floor=false vy= 11.77 state=fall pos=(-9.49833, -3.493142, 3.9334)
TRACE2 143 pframe=185 floor=false vy= 11.58 state=fall pos=(-9.49833, -3.396614, 3.9334)
TRACE2 144 pframe=186 floor=false vy= 11.40 state=fall pos=(-9.49833, -3.301614, 3.9334)
TRACE2 145 pframe=186 floor=false vy= 11.22 state=fall pos=(-9.49833, -3.208142, 3.9334)
TRACE2 146 pframe=187 floor=false vy= 11.03 state=fall pos=(-9.49833, -3.116198, 3.9334)
TRACE2 147 pframe=187 floor=false vy= 10.85 state=fall pos=(-9.49833, -3.025781, 3.9334)
TRACE2 148 pframe=188 floor=false vy= 10.67 state=fall pos=(-9.49833, -2.936892, 3.9334)
TRACE2 149 pframe=188 floor=false vy= 10.48 state=fall pos=(-9.49833, -2.849531, 3.9334)
TRACE2 150 pframe=189 floor=false vy= 10.30 state=fall pos=(-9.49833, -2.763698, 3.9334)
TRACE2 151 pframe=189 floor=false vy= 10.12 state=fall pos=(-9.49833, -2.679392, 3.9334)
TRACE2 152 pframe=190 floor=false vy=  9.93 state=fall pos=(-9.49833, -2.596614, 3.9334)
TRACE2 153 pframe=190 floor=false vy=  9.75 state=fall pos=(-9.49833, -2.515364, 3.9334)
TRACE2 154 pframe=191 floor=false vy=  9.57 state=fall pos=(-9.49833, -2.435642, 3.9334)
TRACE2 155 pframe=191 floor=false vy=  9.38 state=fall pos=(-9.49833, -2.357448, 3.9334)
TRACE2 156 pframe=192 floor=false vy=  9.20 state=fall pos=(-9.49833, -2.280781, 3.9334)
TRACE2 157 pframe=192 floor=false vy=  9.02 state=fall pos=(-9.49833, -2.205642, 3.9334)
TRACE2 158 pframe=193 floor=false vy=  8.83 state=fall pos=(-9.49833, -2.132031, 3.9334)
TRACE2 159 pframe=193 floor=false vy=  8.65 state=fall pos=(-9.49833, -2.059948, 3.9334)
TRACE2 160 pframe=194 floor=false vy=  8.47 state=fall pos=(-9.49833, -1.989393, 3.9334)
TRACE2 161 pframe=194 floor=false vy=  8.28 state=fall pos=(-9.49833, -1.920365, 3.9334)
TRACE2 162 pframe=195 floor=false vy=  8.10 state=fall pos=(-9.49833, -1.852865, 3.9334)
TRACE2 163 pframe=195 floor=false vy=  7.92 state=fall pos=(-9.49833, -1.786893, 3.9334)
TRACE2 164 pframe=196 floor=false vy=  7.73 state=fall pos=(-9.49833, -1.722448, 3.9334)
TRACE2 165 pframe=196 floor=false vy=  7.55 state=fall pos=(-9.49833, -1.659532, 3.9334)
TRACE2 166 pframe=197 floor=false vy=  7.37 state=fall pos=(-9.49833, -1.598143, 3.9334)
TRACE2 167 pframe=197 floor=false vy=  7.18 state=fall pos=(-9.49833, -1.538282, 3.9334)
TRACE2 168 pframe=198 floor=false vy=  7.00 state=fall pos=(-9.49833, -1.479948, 3.9334)
TRACE2 169 pframe=198 floor=false vy=  6.82 state=fall pos=(-9.49833, -1.423143, 3.9334)
TRACE2 170 pframe=199 floor=false vy=  6.63 state=fall pos=(-9.49833, -1.367865, 3.9334)
TRACE2 171 pframe=199 floor=false vy=  6.45 state=fall pos=(-9.49833, -1.314115, 3.9334)
TRACE2 172 pframe=200 floor=false vy=  6.27 state=fall pos=(-9.49833, -1.261893, 3.9334)
TRACE2 173 pframe=200 floor=false vy=  6.08 state=fall pos=(-9.49833, -1.211198, 3.9334)
TRACE2 174 pframe=201 floor=false vy=  5.90 state=fall pos=(-9.49833, -1.162032, 3.9334)
TRACE2 175 pframe=201 floor=false vy=  5.72 state=fall pos=(-9.49833, -1.114393, 3.9334)
TRACE2 176 pframe=202 floor=false vy=  5.53 state=fall pos=(-9.49833, -1.068282, 3.9334)
TRACE2 177 pframe=202 floor=false vy=  5.35 state=fall pos=(-9.49833, -1.023698, 3.9334)
TRACE2 178 pframe=203 floor=false vy=  5.17 state=fall pos=(-9.49833, -0.980643, 3.9334)
TRACE2 179 pframe=203 floor=false vy=  4.98 state=fall pos=(-9.49833, -0.939115, 3.9334)
TRACE2 180 pframe=204 floor=false vy=  4.80 state=fall pos=(-9.49833, -0.899115, 3.9334)
TRACE2 181 pframe=204 floor=false vy=  4.62 state=fall pos=(-9.49833, -0.860643, 3.9334)
TRACE2 182 pframe=205 floor=false vy=  4.43 state=fall pos=(-9.49833, -0.823698, 3.9334)
TRACE2 183 pframe=205 floor=false vy=  4.25 state=fall pos=(-9.49833, -0.788282, 3.9334)
TRACE2 184 pframe=206 floor=false vy=  4.07 state=fall pos=(-9.49833, -0.754393, 3.9334)
TRACE2 185 pframe=206 floor=false vy=  3.88 state=fall pos=(-9.49833, -0.722032, 3.9334)
TRACE2 186 pframe=207 floor=false vy=  3.70 state=fall pos=(-9.49833, -0.691199, 3.9334)
TRACE2 187 pframe=207 floor=false vy=  3.52 state=fall pos=(-9.49833, -0.661893, 3.9334)
TRACE2 188 pframe=208 floor=false vy=  3.33 state=fall pos=(-9.49833, -0.634115, 3.9334)
TRACE2 189 pframe=208 floor=false vy=  3.15 state=fall pos=(-9.49833, -0.607865, 3.9334)
TRACE2 190 pframe=209 floor=false vy=  2.97 state=fall pos=(-9.49833, -0.583143, 3.9334)
TRACE2 191 pframe=209 floor=false vy=  2.78 state=fall pos=(-9.49833, -0.559949, 3.9334)
TRACE2 192 pframe=210 floor=false vy=  2.60 state=fall pos=(-9.49833, -0.538282, 3.9334)
TRACE2 193 pframe=210 floor=false vy=  2.42 state=fall pos=(-9.49833, -0.518143, 3.9334)
TRACE2 194 pframe=211 floor=false vy=  2.23 state=fall pos=(-9.49833, -0.499532, 3.9334)
TRACE2 195 pframe=211 floor=false vy=  2.05 state=fall pos=(-9.49833, -0.482449, 3.9334)
TRACE2 196 pframe=212 floor=false vy=  1.87 state=fall pos=(-9.49833, -0.466893, 3.9334)
TRACE2 197 pframe=212 floor=false vy=  1.68 state=fall pos=(-9.49833, -0.452866, 3.9334)
TRACE2 198 pframe=213 floor=false vy=  1.50 state=fall pos=(-9.49833, -0.440366, 3.9334)
TRACE2 199 pframe=213 floor=false vy=  1.32 state=fall pos=(-9.49833, -0.429393, 3.9334)
TRACE2 200 pframe=214 floor=false vy=  1.13 state=fall pos=(-9.49833, -0.419949, 3.9334)
TRACE2 201 pframe=214 floor=false vy=  0.95 state=fall pos=(-9.49833, -0.412032, 3.9334)
TRACE2 202 pframe=215 floor=false vy=  0.77 state=fall pos=(-9.49833, -0.405643, 3.9334)
TRACE2 203 pframe=215 floor=false vy=  0.58 state=fall pos=(-9.49833, -0.400782, 3.9334)
TRACE2 204 pframe=216 floor=false vy=  0.40 state=fall pos=(-9.49833, -0.397449, 3.9334)
TRACE2 205 pframe=216 floor=false vy=  0.22 state=fall pos=(-9.49833, -0.395644, 3.9334)
TRACE2 206 pframe=217 floor=false vy=  0.03 state=fall pos=(-9.49833, -0.395366, 3.9334)
TRACE2 207 pframe=217 floor=false vy= -0.15 state=fall pos=(-9.49833, -0.396616, 3.9334)
TRACE2 208 pframe=218 floor=false vy= -0.33 state=fall pos=(-9.49833, -0.399394, 3.9334)
TRACE2 209 pframe=218 floor=false vy= -0.52 state=fall pos=(-9.49833, -0.403699, 3.9334)
TRACE2 210 pframe=219 floor=false vy= -0.70 state=fall pos=(-9.49833, -0.409533, 3.9334)
TRACE2 211 pframe=219 floor=false vy= -0.88 state=fall pos=(-9.49833, -0.416894, 3.9334)
TRACE2 212 pframe=220 floor=false vy= -1.07 state=fall pos=(-9.49833, -0.425783, 3.9334)
TRACE2 213 pframe=220 floor=false vy= -1.25 state=fall pos=(-9.49833, -0.436199, 3.9334)
TRACE2 214 pframe=221 floor=false vy= -1.43 state=fall pos=(-9.49833, -0.448144, 3.9334)
TRACE2 215 pframe=221 floor=false vy= -1.62 state=fall pos=(-9.49833, -0.461616, 3.9334)
TRACE2 216 pframe=222 floor=false vy= -1.80 state=fall pos=(-9.49833, -0.476616, 3.9334)
TRACE2 217 pframe=222 floor=false vy= -1.98 state=fall pos=(-9.49833, -0.493144, 3.9334)
TRACE2 218 pframe=223 floor=false vy= -2.17 state=fall pos=(-9.49833, -0.5112, 3.9334)
TRACE2 219 pframe=223 floor=false vy= -2.35 state=fall pos=(-9.49833, -0.530783, 3.9334)
TRACE2 220 pframe=224 floor=false vy= -2.53 state=fall pos=(-9.49833, -0.551894, 3.9334)
TRACE2 221 pframe=224 floor=false vy= -2.72 state=fall pos=(-9.49833, -0.574533, 3.9334)
TRACE2 222 pframe=225 floor=false vy= -2.90 state=fall pos=(-9.49833, -0.5987, 3.9334)
TRACE2 223 pframe=225 floor=false vy= -3.08 state=fall pos=(-9.49833, -0.624394, 3.9334)
TRACE2 224 pframe=226 floor=false vy= -3.27 state=fall pos=(-9.49833, -0.651616, 3.9334)
TRACE2 225 pframe=226 floor=false vy= -3.45 state=fall pos=(-9.49833, -0.680366, 3.9334)
TRACE2 226 pframe=227 floor=false vy= -3.63 state=fall pos=(-9.49833, -0.710644, 3.9334)
TRACE2 227 pframe=227 floor=false vy= -3.82 state=fall pos=(-9.49833, -0.74245, 3.9334)
TRACE2 228 pframe=228 floor=false vy= -4.00 state=fall pos=(-9.49833, -0.775783, 3.9334)
TRACE2 229 pframe=228 floor=false vy= -4.18 state=fall pos=(-9.49833, -0.810644, 3.9334)
TRACE2 230 pframe=229 floor=false vy= -4.37 state=fall pos=(-9.49833, -0.847033, 3.9334)
TRACE2 231 pframe=229 floor=false vy= -4.55 state=fall pos=(-9.49833, -0.88495, 3.9334)
TRACE2 232 pframe=230 floor=false vy= -4.73 state=fall pos=(-9.49833, -0.924395, 3.9334)
TRACE2 233 pframe=230 floor=false vy= -4.92 state=fall pos=(-9.49833, -0.965367, 3.9334)
TRACE2 234 pframe=231 floor=false vy= -5.10 state=fall pos=(-9.49833, -1.007867, 3.9334)
TRACE2 235 pframe=231 floor=false vy= -5.28 state=fall pos=(-9.49833, -1.051895, 3.9334)
TRACE2 236 pframe=232 floor=false vy= -5.47 state=fall pos=(-9.49833, -1.09745, 3.9334)
TRACE2 237 pframe=232 floor=false vy= -5.65 state=fall pos=(-9.49833, -1.144534, 3.9334)
TRACE2 238 pframe=233 floor=false vy= -5.83 state=fall pos=(-9.49833, -1.193145, 3.9334)
TRACE2 239 pframe=233 floor=false vy= -6.02 state=fall pos=(-9.49833, -1.243284, 3.9334)
TRACE2 240 pframe=234 floor=false vy= -6.20 state=fall pos=(-9.49833, -1.29495, 3.9334)
TRACE2 241 pframe=234 floor=false vy= -6.38 state=fall pos=(-9.49833, -1.348145, 3.9334)
TRACE2 242 pframe=235 floor=false vy= -6.57 state=fall pos=(-9.49833, -1.402867, 3.9334)
TRACE2 243 pframe=235 floor=false vy= -6.75 state=fall pos=(-9.49833, -1.459117, 3.9334)
TRACE2 244 pframe=236 floor=false vy= -6.93 state=fall pos=(-9.49833, -1.516895, 3.9334)
TRACE2 245 pframe=236 floor=false vy= -7.12 state=fall pos=(-9.49833, -1.576201, 3.9334)
TRACE2 246 pframe=237 floor=false vy= -7.30 state=fall pos=(-9.49833, -1.637034, 3.9334)
TRACE2 247 pframe=237 floor=false vy= -7.48 state=fall pos=(-9.49833, -1.699395, 3.9334)
TRACE2 248 pframe=238 floor=false vy= -7.67 state=fall pos=(-9.49833, -1.763284, 3.9334)
TRACE2 249 pframe=238 floor=false vy= -7.85 state=fall pos=(-9.49833, -1.828701, 3.9334)
TRACE2 250 pframe=239 floor=false vy= -8.03 state=fall pos=(-9.49833, -1.895645, 3.9334)
TRACE2 251 pframe=239 floor=false vy= -8.22 state=fall pos=(-9.49833, -1.964118, 3.9334)
TRACE2 252 pframe=240 floor=false vy= -8.40 state=fall pos=(-9.49833, -2.034118, 3.9334)
TRACE2 253 pframe=240 floor=false vy= -8.58 state=fall pos=(-9.49833, -2.105645, 3.9334)
TRACE2 254 pframe=241 floor=false vy= -8.77 state=fall pos=(-9.49833, -2.178701, 3.9334)
TRACE2 255 pframe=241 floor=false vy= -8.95 state=fall pos=(-9.49833, -2.253284, 3.9334)
TRACE2 256 pframe=242 floor=false vy= -9.13 state=fall pos=(-9.49833, -2.329395, 3.9334)
TRACE2 257 pframe=242 floor=false vy= -9.32 state=fall pos=(-9.49833, -2.407034, 3.9334)
TRACE2 258 pframe=243 floor=false vy= -9.50 state=fall pos=(-9.49833, -2.486201, 3.9334)
TRACE2 259 pframe=243 floor=false vy= -9.68 state=fall pos=(-9.49833, -2.566895, 3.9334)
TRACE2 260 pframe=244 floor=false vy= -9.87 state=fall pos=(-9.49833, -2.649117, 3.9334)
TRACE2 261 pframe=244 floor=false vy=-10.05 state=fall pos=(-9.49833, -2.732867, 3.9334)
TRACE2 262 pframe=245 floor=false vy=-10.23 state=fall pos=(-9.49833, -2.818145, 3.9334)
TRACE2 263 pframe=245 floor=false vy=-10.42 state=fall pos=(-9.49833, -2.904951, 3.9334)
TRACE2 264 pframe=246 floor=false vy=-10.60 state=fall pos=(-9.49833, -2.993284, 3.9334)
TRACE2 265 pframe=246 floor=false vy=-10.78 state=fall pos=(-9.49833, -3.083145, 3.9334)
TRACE2 266 pframe=247 floor=false vy=-10.97 state=fall pos=(-9.49833, -3.174534, 3.9334)
TRACE2 267 pframe=247 floor=false vy=-11.15 state=fall pos=(-9.49833, -3.267451, 3.9334)
TRACE2 268 pframe=248 floor=false vy=-11.33 state=fall pos=(-9.49833, -3.361896, 3.9334)
TRACE2 269 pframe=248 floor=false vy=-11.52 state=fall pos=(-9.49833, -3.457868, 3.9334)
TRACE2 270 pframe=249 floor=false vy=-11.70 state=fall pos=(-9.49833, -3.555368, 3.9334)
TRACE2 271 pframe=249 floor=false vy=-11.88 state=fall pos=(-9.49833, -3.654396, 3.9334)
TRACE2 272 pframe=250 floor=false vy=-12.07 state=fall pos=(-9.49833, -3.754951, 3.9334)
TRACE2 273 pframe=250 floor=false vy=-12.25 state=fall pos=(-9.49833, -3.857035, 3.9334)
TRACE2 274 pframe=251 floor=false vy=-12.43 state=fall pos=(-9.49833, -3.960646, 3.9334)
TRACE2 275 pframe=251 floor=true vy=  0.00 state=fall pos=(-9.49833, -3.99843, 3.9334)
TRACE2 276 pframe=252 floor=false vy= 12.50 state=fall pos=(-9.49833, -3.894264, 3.9334)
TRACE2 277 pframe=252 floor=false vy= 12.32 state=fall pos=(-9.49833, -3.791625, 3.9334)
TRACE2 278 pframe=253 floor=false vy= 12.13 state=fall pos=(-9.49833, -3.690514, 3.9334)
TRACE2 279 pframe=253 floor=false vy= 11.95 state=fall pos=(-9.49833, -3.59093, 3.9334)
TRACE2 280 pframe=254 floor=false vy= 11.77 state=fall pos=(-9.49833, -3.492875, 3.9334)
TRACE2 281 pframe=254 floor=false vy= 11.58 state=fall pos=(-9.49833, -3.396347, 3.9334)
TRACE2 282 pframe=255 floor=false vy= 11.40 state=fall pos=(-9.49833, -3.301347, 3.9334)
TRACE2 283 pframe=255 floor=false vy= 11.22 state=fall pos=(-9.49833, -3.207875, 3.9334)
TRACE2 284 pframe=256 floor=false vy= 11.03 state=fall pos=(-9.49833, -3.11593, 3.9334)
TRACE2 285 pframe=256 floor=false vy= 10.85 state=fall pos=(-9.49833, -3.025513, 3.9334)
TRACE2 286 pframe=257 floor=false vy= 10.67 state=fall pos=(-9.49833, -2.936625, 3.9334)
TRACE2 287 pframe=257 floor=false vy= 10.48 state=fall pos=(-9.49833, -2.849263, 3.9334)
TRACE2 288 pframe=258 floor=false vy= 10.30 state=fall pos=(-9.49833, -2.76343, 3.9334)
TRACE2 289 pframe=258 floor=false vy= 10.12 state=fall pos=(-9.49833, -2.679125, 3.9334)
TRACE2 290 pframe=259 floor=false vy=  9.93 state=fall pos=(-9.49833, -2.596347, 3.9334)
TRACE2 291 pframe=259 floor=false vy=  9.75 state=fall pos=(-9.49833, -2.515097, 3.9334)
TRACE2 292 pframe=260 floor=false vy=  9.57 state=fall pos=(-9.49833, -2.435375, 3.9334)
TRACE2 293 pframe=260 floor=false vy=  9.38 state=fall pos=(-9.49833, -2.35718, 3.9334)
TRACE2 294 pframe=261 floor=false vy=  9.20 state=fall pos=(-9.49833, -2.280514, 3.9334)
TRACE2 295 pframe=261 floor=false vy=  9.02 state=fall pos=(-9.49833, -2.205375, 3.9334)
TRACE2 296 pframe=262 floor=false vy=  8.83 state=fall pos=(-9.49833, -2.131764, 3.9334)
TRACE2 297 pframe=262 floor=false vy=  8.65 state=fall pos=(-9.49833, -2.059681, 3.9334)
TRACE2 298 pframe=263 floor=false vy=  8.47 state=fall pos=(-9.49833, -1.989125, 3.9334)
TRACE2 299 pframe=263 floor=false vy=  8.28 state=fall pos=(-9.49833, -1.920097, 3.9334)
TRACE2 300 pframe=264 floor=false vy=  8.10 state=fall pos=(-9.49833, -1.852597, 3.9334)
TRACE2 301 pframe=264 floor=false vy=  7.92 state=fall pos=(-9.49833, -1.786625, 3.9334)
TRACE2 302 pframe=265 floor=false vy=  7.73 state=fall pos=(-9.49833, -1.722181, 3.9334)
TRACE2 303 pframe=265 floor=false vy=  7.55 state=fall pos=(-9.49833, -1.659264, 3.9334)
TRACE2 304 pframe=266 floor=false vy=  7.37 state=fall pos=(-9.49833, -1.597875, 3.9334)
TRACE2 305 pframe=266 floor=false vy=  7.18 state=fall pos=(-9.49833, -1.538014, 3.9334)
TRACE2 306 pframe=267 floor=false vy=  7.00 state=fall pos=(-9.49833, -1.479681, 3.9334)
TRACE2 307 pframe=267 floor=false vy=  6.82 state=fall pos=(-9.49833, -1.422875, 3.9334)
TRACE2 308 pframe=268 floor=false vy=  6.63 state=fall pos=(-9.49833, -1.367598, 3.9334)
TRACE2 309 pframe=268 floor=false vy=  6.45 state=fall pos=(-9.49833, -1.313848, 3.9334)
TRACE2 310 pframe=269 floor=false vy=  6.27 state=fall pos=(-9.49833, -1.261625, 3.9334)
TRACE2 311 pframe=269 floor=false vy=  6.08 state=fall pos=(-9.49833, -1.210931, 3.9334)
TRACE2 312 pframe=270 floor=false vy=  5.90 state=fall pos=(-9.49833, -1.161764, 3.9334)
TRACE2 313 pframe=270 floor=false vy=  5.72 state=fall pos=(-9.49833, -1.114125, 3.9334)
TRACE2 314 pframe=271 floor=false vy=  5.53 state=fall pos=(-9.49833, -1.068014, 3.9334)
TRACE2 315 pframe=271 floor=false vy=  5.35 state=fall pos=(-9.49833, -1.023431, 3.9334)
TRACE2 316 pframe=272 floor=false vy=  5.17 state=fall pos=(-9.49833, -0.980375, 3.9334)
TRACE2 317 pframe=272 floor=false vy=  4.98 state=fall pos=(-9.49833, -0.938848, 3.9334)
TRACE2 318 pframe=273 floor=false vy=  4.80 state=fall pos=(-9.49833, -0.898848, 3.9334)
TRACE2 319 pframe=273 floor=false vy=  4.62 state=fall pos=(-9.49833, -0.860375, 3.9334)
TRACE2 320 pframe=274 floor=false vy=  4.43 state=fall pos=(-9.49833, -0.823431, 3.9334)
TRACE2 321 pframe=274 floor=false vy=  4.25 state=fall pos=(-9.49833, -0.788014, 3.9334)
TRACE2 322 pframe=275 floor=false vy=  4.07 state=fall pos=(-9.49833, -0.754125, 3.9334)
TRACE2 323 pframe=275 floor=false vy=  3.88 state=fall pos=(-9.49833, -0.721764, 3.9334)
TRACE2 324 pframe=276 floor=false vy=  3.70 state=fall pos=(-9.49833, -0.690931, 3.9334)
TRACE2 325 pframe=276 floor=false vy=  3.52 state=fall pos=(-9.49833, -0.661626, 3.9334)
TRACE2 326 pframe=277 floor=false vy=  3.33 state=fall pos=(-9.49833, -0.633848, 3.9334)
TRACE2 327 pframe=277 floor=false vy=  3.15 state=fall pos=(-9.49833, -0.607598, 3.9334)
TRACE2 328 pframe=278 floor=false vy=  2.97 state=fall pos=(-9.49833, -0.582876, 3.9334)
TRACE2 329 pframe=278 floor=false vy=  2.78 state=fall pos=(-9.49833, -0.559681, 3.9334)
TRACE2 330 pframe=279 floor=false vy=  2.60 state=fall pos=(-9.49833, -0.538015, 3.9334)
TRACE2 331 pframe=279 floor=false vy=  2.42 state=fall pos=(-9.49833, -0.517876, 3.9334)
TRACE2 332 pframe=280 floor=false vy=  2.23 state=fall pos=(-9.49833, -0.499265, 3.9334)
TRACE2 333 pframe=280 floor=false vy=  2.05 state=fall pos=(-9.49833, -0.482181, 3.9334)
TRACE2 334 pframe=281 floor=false vy=  1.87 state=fall pos=(-9.49833, -0.466626, 3.9334)
TRACE2 335 pframe=281 floor=false vy=  1.68 state=fall pos=(-9.49833, -0.452598, 3.9334)
TRACE2 336 pframe=282 floor=false vy=  1.50 state=fall pos=(-9.49833, -0.440098, 3.9334)
TRACE2 337 pframe=282 floor=false vy=  1.32 state=fall pos=(-9.49833, -0.429126, 3.9334)
TRACE2 338 pframe=283 floor=false vy=  1.13 state=fall pos=(-9.49833, -0.419681, 3.9334)
TRACE2 339 pframe=283 floor=false vy=  0.95 state=fall pos=(-9.49833, -0.411765, 3.9334)
TRACE2 340 pframe=284 floor=false vy=  0.77 state=fall pos=(-9.49833, -0.405376, 3.9334)
TRACE2 341 pframe=284 floor=false vy=  0.58 state=fall pos=(-9.49833, -0.400515, 3.9334)
TRACE2 342 pframe=285 floor=false vy=  0.40 state=fall pos=(-9.49833, -0.397182, 3.9334)
TRACE2 343 pframe=285 floor=false vy=  0.22 state=fall pos=(-9.49833, -0.395376, 3.9334)
TRACE2 344 pframe=286 floor=false vy=  0.03 state=fall pos=(-9.49833, -0.395098, 3.9334)
TRACE2 345 pframe=286 floor=false vy= -0.15 state=fall pos=(-9.49833, -0.396348, 3.9334)
TRACE2 346 pframe=287 floor=false vy= -0.33 state=fall pos=(-9.49833, -0.399126, 3.9334)
TRACE2 347 pframe=287 floor=false vy= -0.52 state=fall pos=(-9.49833, -0.403432, 3.9334)
TRACE2 348 pframe=288 floor=false vy= -0.70 state=fall pos=(-9.49833, -0.409265, 3.9334)
TRACE2 349 pframe=288 floor=false vy= -0.88 state=fall pos=(-9.49833, -0.416626, 3.9334)
TRACE2 350 pframe=289 floor=false vy= -1.07 state=fall pos=(-9.49833, -0.425515, 3.9334)
TRACE2 351 pframe=289 floor=false vy= -1.25 state=fall pos=(-9.49833, -0.435932, 3.9334)
TRACE2 352 pframe=290 floor=false vy= -1.43 state=fall pos=(-9.49833, -0.447876, 3.9334)
TRACE2 353 pframe=290 floor=false vy= -1.62 state=fall pos=(-9.49833, -0.461349, 3.9334)
TRACE2 354 pframe=291 floor=false vy= -1.80 state=fall pos=(-9.49833, -0.476349, 3.9334)
TRACE2 355 pframe=291 floor=false vy= -1.98 state=fall pos=(-9.49833, -0.492876, 3.9334)
TRACE2 356 pframe=292 floor=false vy= -2.17 state=fall pos=(-9.49833, -0.510932, 3.9334)
TRACE2 357 pframe=292 floor=false vy= -2.35 state=fall pos=(-9.49833, -0.530515, 3.9334)
TRACE2 358 pframe=293 floor=false vy= -2.53 state=fall pos=(-9.49833, -0.551627, 3.9334)
TRACE2 359 pframe=293 floor=false vy= -2.72 state=fall pos=(-9.49833, -0.574265, 3.9334)
TRACE2 360 pframe=294 floor=false vy= -2.90 state=fall pos=(-9.49833, -0.598432, 3.9334)
TRACE2 361 pframe=294 floor=false vy= -3.08 state=fall pos=(-9.49833, -0.624127, 3.9334)
TRACE2 362 pframe=295 floor=false vy= -3.27 state=fall pos=(-9.49833, -0.651349, 3.9334)
TRACE2 363 pframe=295 floor=false vy= -3.45 state=fall pos=(-9.49833, -0.680099, 3.9334)
TRACE2 364 pframe=296 floor=false vy= -3.63 state=fall pos=(-9.49833, -0.710377, 3.9334)
TRACE2 365 pframe=296 floor=false vy= -3.82 state=fall pos=(-9.49833, -0.742182, 3.9334)
TRACE2 366 pframe=297 floor=false vy= -4.00 state=fall pos=(-9.49833, -0.775516, 3.9334)
TRACE2 367 pframe=297 floor=false vy= -4.18 state=fall pos=(-9.49833, -0.810377, 3.9334)
TRACE2 368 pframe=298 floor=false vy= -4.37 state=fall pos=(-9.49833, -0.846766, 3.9334)
TRACE2 369 pframe=298 floor=false vy= -4.55 state=fall pos=(-9.49833, -0.884683, 3.9334)
TRACE2 370 pframe=299 floor=false vy= -4.73 state=fall pos=(-9.49833, -0.924127, 3.9334)
TRACE2 371 pframe=299 floor=false vy= -4.92 state=fall pos=(-9.49833, -0.965099, 3.9334)
TRACE2 372 pframe=300 floor=false vy= -5.10 state=fall pos=(-9.49833, -1.007599, 3.9334)
TRACE2 373 pframe=300 floor=false vy= -5.28 state=fall pos=(-9.49833, -1.051627, 3.9334)
TRACE2 374 pframe=301 floor=false vy= -5.47 state=fall pos=(-9.49833, -1.097183, 3.9334)
TRACE2 375 pframe=301 floor=false vy= -5.65 state=fall pos=(-9.49833, -1.144266, 3.9334)
TRACE2 376 pframe=302 floor=false vy= -5.83 state=fall pos=(-9.49833, -1.192877, 3.9334)
TRACE2 377 pframe=302 floor=false vy= -6.02 state=fall pos=(-9.49833, -1.243016, 3.9334)
TRACE2 378 pframe=303 floor=false vy= -6.20 state=fall pos=(-9.49833, -1.294683, 3.9334)
TRACE2 379 pframe=303 floor=false vy= -6.38 state=fall pos=(-9.49833, -1.347878, 3.9334)
TRACE2 380 pframe=304 floor=false vy= -6.57 state=fall pos=(-9.49833, -1.4026, 3.9334)
TRACE2 381 pframe=304 floor=false vy= -6.75 state=fall pos=(-9.49833, -1.45885, 3.9334)
TRACE2 382 pframe=305 floor=false vy= -6.93 state=fall pos=(-9.49833, -1.516628, 3.9334)
TRACE2 383 pframe=305 floor=false vy= -7.12 state=fall pos=(-9.49833, -1.575933, 3.9334)
TRACE2 384 pframe=306 floor=false vy= -7.30 state=fall pos=(-9.49833, -1.636767, 3.9334)
TRACE2 385 pframe=306 floor=false vy= -7.48 state=fall pos=(-9.49833, -1.699128, 3.9334)
TRACE2 386 pframe=307 floor=false vy= -7.67 state=fall pos=(-9.49833, -1.763017, 3.9334)
TRACE2 387 pframe=307 floor=false vy= -7.85 state=fall pos=(-9.49833, -1.828434, 3.9334)
TRACE2 388 pframe=308 floor=false vy= -8.03 state=fall pos=(-9.49833, -1.895378, 3.9334)
TRACE2 389 pframe=308 floor=false vy= -8.22 state=fall pos=(-9.49833, -1.96385, 3.9334)
TRACE2 390 pframe=309 floor=false vy= -8.40 state=fall pos=(-9.49833, -2.03385, 3.9334)
TRACE2 391 pframe=309 floor=false vy= -8.58 state=fall pos=(-9.49833, -2.105378, 3.9334)
TRACE2 392 pframe=310 floor=false vy= -8.77 state=fall pos=(-9.49833, -2.178433, 3.9334)
TRACE2 393 pframe=310 floor=false vy= -8.95 state=fall pos=(-9.49833, -2.253017, 3.9334)
TRACE2 394 pframe=311 floor=false vy= -9.13 state=fall pos=(-9.49833, -2.329128, 3.9334)
TRACE2 395 pframe=311 floor=false vy= -9.32 state=fall pos=(-9.49833, -2.406767, 3.9334)
TRACE2 396 pframe=312 floor=false vy= -9.50 state=fall pos=(-9.49833, -2.485933, 3.9334)
TRACE2 397 pframe=312 floor=false vy= -9.68 state=fall pos=(-9.49833, -2.566628, 3.9334)
TRACE2 398 pframe=313 floor=false vy= -9.87 state=fall pos=(-9.49833, -2.64885, 3.9334)
TRACE2 399 pframe=313 floor=false vy=-10.05 state=fall pos=(-9.49833, -2.7326, 3.9334)
TRACE2 400 pframe=314 floor=false vy=-10.23 state=fall pos=(-9.49833, -2.817878, 3.9334)
TRACE2 401 pframe=314 floor=false vy=-10.42 state=fall pos=(-9.49833, -2.904683, 3.9334)
TRACE2 402 pframe=315 floor=false vy=-10.60 state=fall pos=(-9.49833, -2.993017, 3.9334)
TRACE2 403 pframe=315 floor=false vy=-10.78 state=fall pos=(-9.49833, -3.082878, 3.9334)
TRACE2 404 pframe=316 floor=false vy=-10.97 state=fall pos=(-9.49833, -3.174267, 3.9334)
TRACE2 405 pframe=316 floor=false vy=-11.15 state=fall pos=(-9.49833, -3.267184, 3.9334)
TRACE2 406 pframe=317 floor=false vy=-11.33 state=fall pos=(-9.49833, -3.361628, 3.9334)
TRACE2 407 pframe=317 floor=false vy=-11.52 state=fall pos=(-9.49833, -3.4576, 3.9334)
TRACE2 408 pframe=318 floor=false vy=-11.70 state=fall pos=(-9.49833, -3.5551, 3.9334)
TRACE2 409 pframe=318 floor=false vy=-11.88 state=fall pos=(-9.49833, -3.654128, 3.9334)
TRACE2 410 pframe=319 floor=false vy=-12.07 state=fall pos=(-9.49833, -3.754684, 3.9334)
TRACE2 411 pframe=319 floor=false vy=-12.25 state=fall pos=(-9.49833, -3.856767, 3.9334)
TRACE2 412 pframe=320 floor=false vy=-12.43 state=fall pos=(-9.49833, -3.960379, 3.9334)
TRACE2 413 pframe=320 floor=true vy=  0.00 state=fall pos=(-9.49833, -3.999806, 3.9334)
TRACE2 414 pframe=321 floor=false vy= 12.50 state=fall pos=(-9.49833, -3.894938, 3.9334)
TRACE2 415 pframe=321 floor=false vy= 12.32 state=fall pos=(-9.49833, -3.792299, 3.9334)
TRACE2 416 pframe=322 floor=false vy= 12.13 state=fall pos=(-9.49833, -3.691187, 3.9334)
TRACE2 417 pframe=322 floor=false vy= 11.95 state=fall pos=(-9.49833, -3.591604, 3.9334)
TRACE2 418 pframe=323 floor=false vy= 11.77 state=fall pos=(-9.49833, -3.493548, 3.9334)
TRACE2 419 pframe=323 floor=false vy= 11.58 state=fall pos=(-9.49833, -3.397021, 3.9334)
TRACE2 420 pframe=324 floor=false vy= 11.40 state=fall pos=(-9.49833, -3.302021, 3.9334)
TRACE2 421 pframe=324 floor=false vy= 11.22 state=fall pos=(-9.49833, -3.208548, 3.9334)
TRACE2 422 pframe=325 floor=false vy= 11.03 state=fall pos=(-9.49833, -3.116604, 3.9334)
TRACE2 423 pframe=325 floor=false vy= 10.85 state=fall pos=(-9.49833, -3.026187, 3.9334)
TRACE2 424 pframe=326 floor=false vy= 10.67 state=fall pos=(-9.49833, -2.937298, 3.9334)
TRACE2 425 pframe=326 floor=false vy= 10.48 state=fall pos=(-9.49833, -2.849937, 3.9334)
TRACE2 426 pframe=327 floor=false vy= 10.30 state=fall pos=(-9.49833, -2.764104, 3.9334)
TRACE2 427 pframe=327 floor=false vy= 10.12 state=fall pos=(-9.49833, -2.679798, 3.9334)
TRACE2 428 pframe=328 floor=false vy=  9.93 state=fall pos=(-9.49833, -2.597021, 3.9334)
TRACE2 429 pframe=328 floor=false vy=  9.75 state=fall pos=(-9.49833, -2.515771, 3.9334)
TRACE2 430 pframe=329 floor=false vy=  9.57 state=fall pos=(-9.49833, -2.436049, 3.9334)
TRACE2 431 pframe=329 floor=false vy=  9.38 state=fall pos=(-9.49833, -2.357854, 3.9334)
TRACE2 432 pframe=330 floor=false vy=  9.20 state=fall pos=(-9.49833, -2.281188, 3.9334)
TRACE2 433 pframe=330 floor=false vy=  9.02 state=fall pos=(-9.49833, -2.206049, 3.9334)
TRACE2 434 pframe=331 floor=false vy=  8.83 state=fall pos=(-9.49833, -2.132438, 3.9334)
TRACE2 435 pframe=331 floor=false vy=  8.65 state=fall pos=(-9.49833, -2.060354, 3.9334)
TRACE2 436 pframe=332 floor=false vy=  8.47 state=fall pos=(-9.49833, -1.989799, 3.9334)
TRACE2 437 pframe=332 floor=false vy=  8.28 state=fall pos=(-9.49833, -1.920771, 3.9334)
TRACE2 438 pframe=333 floor=false vy=  8.10 state=fall pos=(-9.49833, -1.853271, 3.9334)
TRACE2 439 pframe=333 floor=false vy=  7.92 state=fall pos=(-9.49833, -1.787299, 3.9334)
TRACE2 440 pframe=334 floor=false vy=  7.73 state=fall pos=(-9.49833, -1.722854, 3.9334)
TRACE2 441 pframe=334 floor=false vy=  7.55 state=fall pos=(-9.49833, -1.659938, 3.9334)
TRACE2 442 pframe=335 floor=false vy=  7.37 state=fall pos=(-9.49833, -1.598549, 3.9334)
TRACE2 443 pframe=335 floor=false vy=  7.18 state=fall pos=(-9.49833, -1.538688, 3.9334)
TRACE2 444 pframe=336 floor=false vy=  7.00 state=fall pos=(-9.49833, -1.480355, 3.9334)
TRACE2 445 pframe=336 floor=false vy=  6.82 state=fall pos=(-9.49833, -1.423549, 3.9334)
TRACE2 446 pframe=337 floor=false vy=  6.63 state=fall pos=(-9.49833, -1.368271, 3.9334)
TRACE2 447 pframe=337 floor=false vy=  6.45 state=fall pos=(-9.49833, -1.314521, 3.9334)
TRACE2 448 pframe=338 floor=false vy=  6.27 state=fall pos=(-9.49833, -1.262299, 3.9334)
TRACE2 449 pframe=338 floor=false vy=  6.08 state=fall pos=(-9.49833, -1.211605, 3.9334)
TRACE2 450 pframe=339 floor=false vy=  5.90 state=fall pos=(-9.49833, -1.162438, 3.9334)
TRACE2 451 pframe=339 floor=false vy=  5.72 state=fall pos=(-9.49833, -1.114799, 3.9334)
TRACE2 452 pframe=340 floor=false vy=  5.53 state=fall pos=(-9.49833, -1.068688, 3.9334)
TRACE2 453 pframe=340 floor=false vy=  5.35 state=fall pos=(-9.49833, -1.024105, 3.9334)
TRACE2 454 pframe=341 floor=false vy=  5.17 state=fall pos=(-9.49833, -0.981049, 3.9334)
TRACE2 455 pframe=341 floor=false vy=  4.98 state=fall pos=(-9.49833, -0.939521, 3.9334)
TRACE2 456 pframe=342 floor=false vy=  4.80 state=fall pos=(-9.49833, -0.899521, 3.9334)
TRACE2 457 pframe=342 floor=false vy=  4.62 state=fall pos=(-9.49833, -0.861049, 3.9334)
TRACE2 458 pframe=343 floor=false vy=  4.43 state=fall pos=(-9.49833, -0.824105, 3.9334)
TRACE2 459 pframe=343 floor=false vy=  4.25 state=fall pos=(-9.49833, -0.788688, 3.9334)
TRACE2 460 pframe=344 floor=false vy=  4.07 state=fall pos=(-9.49833, -0.754799, 3.9334)
TRACE2 461 pframe=344 floor=false vy=  3.88 state=fall pos=(-9.49833, -0.722438, 3.9334)
TRACE2 462 pframe=345 floor=false vy=  3.70 state=fall pos=(-9.49833, -0.691605, 3.9334)
TRACE2 463 pframe=345 floor=false vy=  3.52 state=fall pos=(-9.49833, -0.662299, 3.9334)
TRACE2 464 pframe=346 floor=false vy=  3.33 state=fall pos=(-9.49833, -0.634522, 3.9334)
TRACE2 465 pframe=346 floor=false vy=  3.15 state=fall pos=(-9.49833, -0.608272, 3.9334)
TRACE2 466 pframe=347 floor=false vy=  2.97 state=fall pos=(-9.49833, -0.583549, 3.9334)
TRACE2 467 pframe=347 floor=false vy=  2.78 state=fall pos=(-9.49833, -0.560355, 3.9334)
TRACE2 468 pframe=348 floor=false vy=  2.60 state=fall pos=(-9.49833, -0.538688, 3.9334)
TRACE2 469 pframe=348 floor=false vy=  2.42 state=fall pos=(-9.49833, -0.518549, 3.9334)
TRACE2 470 pframe=349 floor=false vy=  2.23 state=fall pos=(-9.49833, -0.499938, 3.9334)
TRACE2 471 pframe=349 floor=false vy=  2.05 state=fall pos=(-9.49833, -0.482855, 3.9334)
TRACE2 472 pframe=350 floor=false vy=  1.87 state=fall pos=(-9.49833, -0.4673, 3.9334)
TRACE2 473 pframe=350 floor=false vy=  1.68 state=fall pos=(-9.49833, -0.453272, 3.9334)
TRACE2 474 pframe=351 floor=false vy=  1.50 state=fall pos=(-9.49833, -0.440772, 3.9334)
TRACE2 475 pframe=351 floor=false vy=  1.32 state=fall pos=(-9.49833, -0.4298, 3.9334)
TRACE2 476 pframe=352 floor=false vy=  1.13 state=fall pos=(-9.49833, -0.420355, 3.9334)
TRACE2 477 pframe=352 floor=false vy=  0.95 state=fall pos=(-9.49833, -0.412439, 3.9334)
TRACE2 478 pframe=353 floor=false vy=  0.77 state=fall pos=(-9.49833, -0.40605, 3.9334)
TRACE2 479 pframe=353 floor=false vy=  0.58 state=fall pos=(-9.49833, -0.401189, 3.9334)
TRACE2 480 pframe=354 floor=false vy=  0.40 state=fall pos=(-9.49833, -0.397855, 3.9334)
TRACE2 481 pframe=354 floor=false vy=  0.22 state=fall pos=(-9.49833, -0.39605, 3.9334)
TRACE2 482 pframe=355 floor=false vy=  0.03 state=fall pos=(-9.49833, -0.395772, 3.9334)
TRACE2 483 pframe=355 floor=false vy= -0.15 state=fall pos=(-9.49833, -0.397022, 3.9334)
TRACE2 484 pframe=356 floor=false vy= -0.33 state=fall pos=(-9.49833, -0.3998, 3.9334)
TRACE2 485 pframe=356 floor=false vy= -0.52 state=fall pos=(-9.49833, -0.404106, 3.9334)
TRACE2 486 pframe=357 floor=false vy= -0.70 state=fall pos=(-9.49833, -0.409939, 3.9334)
TRACE2 487 pframe=357 floor=false vy= -0.88 state=fall pos=(-9.49833, -0.4173, 3.9334)
TRACE2 488 pframe=358 floor=false vy= -1.07 state=fall pos=(-9.49833, -0.426189, 3.9334)
TRACE2 489 pframe=358 floor=false vy= -1.25 state=fall pos=(-9.49833, -0.436606, 3.9334)
TRACE2 490 pframe=359 floor=false vy= -1.43 state=fall pos=(-9.49833, -0.44855, 3.9334)
TRACE2 491 pframe=359 floor=false vy= -1.62 state=fall pos=(-9.49833, -0.462022, 3.9334)
TRACE2 492 pframe=360 floor=false vy= -1.80 state=fall pos=(-9.49833, -0.477022, 3.9334)
TRACE2 493 pframe=360 floor=false vy= -1.98 state=fall pos=(-9.49833, -0.49355, 3.9334)
TRACE2 494 pframe=361 floor=false vy= -2.17 state=fall pos=(-9.49833, -0.511606, 3.9334)
TRACE2 495 pframe=361 floor=false vy= -2.35 state=fall pos=(-9.49833, -0.531189, 3.9334)
TRACE2 496 pframe=362 floor=false vy= -2.53 state=fall pos=(-9.49833, -0.5523, 3.9334)
TRACE2 497 pframe=362 floor=false vy= -2.72 state=fall pos=(-9.49833, -0.574939, 3.9334)
TRACE2 498 pframe=363 floor=false vy= -2.90 state=fall pos=(-9.49833, -0.599106, 3.9334)
TRACE2 499 pframe=363 floor=false vy= -3.08 state=fall pos=(-9.49833, -0.6248, 3.9334)
TRACE2 500 pframe=364 floor=false vy= -3.27 state=fall pos=(-9.49833, -0.652023, 3.9334)
TRACE2 501 pframe=364 floor=false vy= -3.45 state=fall pos=(-9.49833, -0.680773, 3.9334)
TRACE2 502 pframe=365 floor=false vy= -3.63 state=fall pos=(-9.49833, -0.711051, 3.9334)
TRACE2 503 pframe=365 floor=false vy= -3.82 state=fall pos=(-9.49833, -0.742856, 3.9334)
TRACE2 504 pframe=366 floor=false vy= -4.00 state=fall pos=(-9.49833, -0.77619, 3.9334)
TRACE2 505 pframe=366 floor=false vy= -4.18 state=fall pos=(-9.49833, -0.811051, 3.9334)
TRACE2 506 pframe=367 floor=false vy= -4.37 state=fall pos=(-9.49833, -0.84744, 3.9334)
TRACE2 507 pframe=367 floor=false vy= -4.55 state=fall pos=(-9.49833, -0.885356, 3.9334)
TRACE2 508 pframe=368 floor=false vy= -4.73 state=fall pos=(-9.49833, -0.924801, 3.9334)
TRACE2 509 pframe=368 floor=false vy= -4.92 state=fall pos=(-9.49833, -0.965773, 3.9334)
TRACE2 510 pframe=369 floor=false vy= -5.10 state=fall pos=(-9.49833, -1.008273, 3.9334)
TRACE2 511 pframe=369 floor=false vy= -5.28 state=fall pos=(-9.49833, -1.052301, 3.9334)
TRACE2 512 pframe=370 floor=false vy= -5.47 state=fall pos=(-9.49833, -1.097857, 3.9334)
TRACE2 513 pframe=370 floor=false vy= -5.65 state=fall pos=(-9.49833, -1.14494, 3.9334)
TRACE2 514 pframe=371 floor=false vy= -5.83 state=fall pos=(-9.49833, -1.193551, 3.9334)
TRACE2 515 pframe=371 floor=false vy= -6.02 state=fall pos=(-9.49833, -1.24369, 3.9334)
TRACE2 516 pframe=372 floor=false vy= -6.20 state=fall pos=(-9.49833, -1.295357, 3.9334)
TRACE2 517 pframe=372 floor=false vy= -6.38 state=fall pos=(-9.49833, -1.348551, 3.9334)
TRACE2 518 pframe=373 floor=false vy= -6.57 state=fall pos=(-9.49833, -1.403274, 3.9334)
TRACE2 519 pframe=373 floor=false vy= -6.75 state=fall pos=(-9.49833, -1.459524, 3.9334)
TRACE2 520 pframe=374 floor=false vy= -6.93 state=fall pos=(-9.49833, -1.517302, 3.9334)
TRACE2 521 pframe=374 floor=false vy= -7.12 state=fall pos=(-9.49833, -1.576607, 3.9334)
TRACE2 522 pframe=375 floor=false vy= -7.30 state=fall pos=(-9.49833, -1.637441, 3.9334)
TRACE2 523 pframe=375 floor=false vy= -7.48 state=fall pos=(-9.49833, -1.699802, 3.9334)
TRACE2 524 pframe=376 floor=false vy= -7.67 state=fall pos=(-9.49833, -1.763691, 3.9334)
TRACE2 525 pframe=376 floor=false vy= -7.85 state=fall pos=(-9.49833, -1.829107, 3.9334)
TRACE2 526 pframe=377 floor=false vy= -8.03 state=fall pos=(-9.49833, -1.896052, 3.9334)
TRACE2 527 pframe=377 floor=false vy= -8.22 state=fall pos=(-9.49833, -1.964524, 3.9334)
TRACE2 528 pframe=378 floor=false vy= -8.40 state=fall pos=(-9.49833, -2.034524, 3.9334)
TRACE2 529 pframe=378 floor=false vy= -8.58 state=fall pos=(-9.49833, -2.106052, 3.9334)
TRACE2 530 pframe=379 floor=false vy= -8.77 state=fall pos=(-9.49833, -2.179107, 3.9334)
TRACE2 531 pframe=379 floor=false vy= -8.95 state=fall pos=(-9.49833, -2.25369, 3.9334)
TRACE2 532 pframe=380 floor=false vy= -9.13 state=fall pos=(-9.49833, -2.329802, 3.9334)
TRACE2 533 pframe=380 floor=false vy= -9.32 state=fall pos=(-9.49833, -2.40744, 3.9334)
TRACE2 534 pframe=381 floor=false vy= -9.50 state=fall pos=(-9.49833, -2.486607, 3.9334)
TRACE2 535 pframe=381 floor=false vy= -9.68 state=fall pos=(-9.49833, -2.567302, 3.9334)
TRACE2 536 pframe=382 floor=false vy= -9.87 state=fall pos=(-9.49833, -2.649524, 3.9334)
TRACE2 537 pframe=382 floor=false vy=-10.05 state=fall pos=(-9.49833, -2.733274, 3.9334)
TRACE2 538 pframe=383 floor=false vy=-10.23 state=fall pos=(-9.49833, -2.818552, 3.9334)
TRACE2 539 pframe=383 floor=false vy=-10.42 state=fall pos=(-9.49833, -2.905357, 3.9334)
TRACE2 540 pframe=384 floor=false vy=-10.60 state=fall pos=(-9.49833, -2.99369, 3.9334)
TRACE2 541 pframe=384 floor=false vy=-10.78 state=fall pos=(-9.49833, -3.083552, 3.9334)
TRACE2 542 pframe=385 floor=false vy=-10.97 state=fall pos=(-9.49833, -3.174941, 3.9334)
TRACE2 543 pframe=385 floor=false vy=-11.15 state=fall pos=(-9.49833, -3.267857, 3.9334)
TRACE2 544 pframe=386 floor=false vy=-11.33 state=fall pos=(-9.49833, -3.362302, 3.9334)
TRACE2 545 pframe=386 floor=false vy=-11.52 state=fall pos=(-9.49833, -3.458274, 3.9334)
TRACE2 546 pframe=387 floor=false vy=-11.70 state=fall pos=(-9.49833, -3.555774, 3.9334)
TRACE2 547 pframe=387 floor=false vy=-11.88 state=fall pos=(-9.49833, -3.654802, 3.9334)
TRACE2 548 pframe=388 floor=false vy=-12.07 state=fall pos=(-9.49833, -3.755358, 3.9334)
TRACE2 549 pframe=388 floor=false vy=-12.25 state=fall pos=(-9.49833, -3.857441, 3.9334)
TRACE2 550 pframe=389 floor=false vy=-12.43 state=fall pos=(-9.49833, -3.961052, 3.9334)
TRACE2 551 pframe=389 floor=true vy=  0.00 state=fall pos=(-9.49833, -3.998837, 3.9334)
TRACE2 552 pframe=390 floor=false vy= 12.50 state=fall pos=(-9.49833, -3.89467, 3.9334)
TRACE2 553 pframe=390 floor=false vy= 12.32 state=fall pos=(-9.49833, -3.792031, 3.9334)
TRACE2 554 pframe=391 floor=false vy= 12.13 state=fall pos=(-9.49833, -3.69092, 3.9334)
TRACE2 555 pframe=391 floor=false vy= 11.95 state=fall pos=(-9.49833, -3.591336, 3.9334)
TRACE2 556 pframe=392 floor=false vy= 11.77 state=fall pos=(-9.49833, -3.493281, 3.9334)
TRACE2 557 pframe=392 floor=false vy= 11.58 state=fall pos=(-9.49833, -3.396753, 3.9334)
TRACE2 558 pframe=393 floor=false vy= 11.40 state=fall pos=(-9.49833, -3.301753, 3.9334)
TRACE2 559 pframe=393 floor=false vy= 11.22 state=fall pos=(-9.49833, -3.208281, 3.9334)
TRACE2 560 pframe=394 floor=false vy= 11.03 state=fall pos=(-9.49833, -3.116336, 3.9334)
TRACE2 561 pframe=394 floor=false vy= 10.85 state=fall pos=(-9.49833, -3.02592, 3.9334)
TRACE2 562 pframe=395 floor=false vy= 10.67 state=fall pos=(-9.49833, -2.937031, 3.9334)
TRACE2 563 pframe=395 floor=false vy= 10.48 state=fall pos=(-9.49833, -2.84967, 3.9334)
TRACE2 564 pframe=396 floor=false vy= 10.30 state=fall pos=(-9.49833, -2.763836, 3.9334)
TRACE2 565 pframe=396 floor=false vy= 10.12 state=fall pos=(-9.49833, -2.679531, 3.9334)
TRACE2 566 pframe=397 floor=false vy=  9.93 state=fall pos=(-9.49833, -2.596753, 3.9334)
TRACE2 567 pframe=397 floor=false vy=  9.75 state=fall pos=(-9.49833, -2.515503, 3.9334)
TRACE2 568 pframe=398 floor=false vy=  9.57 state=fall pos=(-9.49833, -2.435781, 3.9334)
TRACE2 569 pframe=398 floor=false vy=  9.38 state=fall pos=(-9.49833, -2.357587, 3.9334)
TRACE2 570 pframe=399 floor=false vy=  9.20 state=fall pos=(-9.49833, -2.28092, 3.9334)
TRACE2 571 pframe=399 floor=false vy=  9.02 state=fall pos=(-9.49833, -2.205781, 3.9334)
TRACE2 572 pframe=400 floor=false vy=  8.83 state=fall pos=(-9.49833, -2.13217, 3.9334)
TRACE2 573 pframe=400 floor=false vy=  8.65 state=fall pos=(-9.49833, -2.060087, 3.9334)
TRACE2 574 pframe=401 floor=false vy=  8.47 state=fall pos=(-9.49833, -1.989531, 3.9334)
TRACE2 575 pframe=401 floor=false vy=  8.28 state=fall pos=(-9.49833, -1.920504, 3.9334)
TRACE2 576 pframe=402 floor=false vy=  8.10 state=fall pos=(-9.49833, -1.853004, 3.9334)
TRACE2 577 pframe=402 floor=false vy=  7.92 state=fall pos=(-9.49833, -1.787031, 3.9334)
TRACE2 578 pframe=403 floor=false vy=  7.73 state=fall pos=(-9.49833, -1.722587, 3.9334)
TRACE2 579 pframe=403 floor=false vy=  7.55 state=fall pos=(-9.49833, -1.65967, 3.9334)
TRACE2 580 pframe=404 floor=false vy=  7.37 state=fall pos=(-9.49833, -1.598282, 3.9334)
TRACE2 581 pframe=404 floor=false vy=  7.18 state=fall pos=(-9.49833, -1.53842, 3.9334)
TRACE2 582 pframe=405 floor=false vy=  7.00 state=fall pos=(-9.49833, -1.480087, 3.9334)
TRACE2 583 pframe=405 floor=false vy=  6.82 state=fall pos=(-9.49833, -1.423282, 3.9334)
TRACE2 584 pframe=406 floor=false vy=  6.63 state=fall pos=(-9.49833, -1.368004, 3.9334)
TRACE2 585 pframe=406 floor=false vy=  6.45 state=fall pos=(-9.49833, -1.314254, 3.9334)
TRACE2 586 pframe=407 floor=false vy=  6.27 state=fall pos=(-9.49833, -1.262032, 3.9334)
TRACE2 587 pframe=407 floor=false vy=  6.08 state=fall pos=(-9.49833, -1.211337, 3.9334)
TRACE2 588 pframe=408 floor=false vy=  5.90 state=fall pos=(-9.49833, -1.16217, 3.9334)
TRACE2 589 pframe=408 floor=false vy=  5.72 state=fall pos=(-9.49833, -1.114532, 3.9334)
TRACE2 590 pframe=409 floor=false vy=  5.53 state=fall pos=(-9.49833, -1.06842, 3.9334)
TRACE2 591 pframe=409 floor=false vy=  5.35 state=fall pos=(-9.49833, -1.023837, 3.9334)
TRACE2 592 pframe=410 floor=false vy=  5.17 state=fall pos=(-9.49833, -0.980782, 3.9334)
TRACE2 593 pframe=410 floor=false vy=  4.98 state=fall pos=(-9.49833, -0.939254, 3.9334)
TRACE2 594 pframe=411 floor=false vy=  4.80 state=fall pos=(-9.49833, -0.899254, 3.9334)
TRACE2 595 pframe=411 floor=false vy=  4.62 state=fall pos=(-9.49833, -0.860782, 3.9334)
TRACE2 596 pframe=412 floor=false vy=  4.43 state=fall pos=(-9.49833, -0.823837, 3.9334)
TRACE2 597 pframe=412 floor=false vy=  4.25 state=fall pos=(-9.49833, -0.788421, 3.9334)
TRACE2 598 pframe=413 floor=false vy=  4.07 state=fall pos=(-9.49833, -0.754532, 3.9334)
TRACE2 599 pframe=413 floor=false vy=  3.88 state=fall pos=(-9.49833, -0.722171, 3.9334)
FAIL 2a: enters jump on each of 3 hops
FAIL 2b: no fall state while velocity.y > 0
PASS 2c: no jump/fall on floor past cross-fade
PASS 3a: stays in ground during direction reversal
PASS 3b: ground run blend falls then rises
PASS 4a: leaves jump within cross-fade after reset
PASS 4b: reaches ground after reset
PASS 5a: gun blend > 0 while in jump or fall
PASS 5b: jump→fall→ground order preserved with shoot
RESULT: FAIL
