== offset 0
137 pframe=109 floor=true vy=  0.00 current=ground fading_from=fall
138 pframe=109 floor=false vy= 12.50 current=ground fading_from=fall
139 pframe=110 floor=false vy= 12.32 current=ground fading_from=fall
140 pframe=110 floor=false vy= 12.13 current=ground fading_from=fall
141 pframe=111 floor=false vy= 11.95 current=ground fading_from=fall
142 pframe=111 floor=false vy= 11.77 current=ground fading_from=fall
143 pframe=112 floor=false vy= 11.58 current=ground fading_from=fall
144 pframe=112 floor=false vy= 11.40 current=ground fading_from=fall
145 pframe=113 floor=false vy= 11.22 current=ground fading_from=fall
146 pframe=113 floor=false vy= 11.03 current=ground fading_from=fall
147 pframe=114 floor=false vy= 10.85 current=ground fading_from=fall
148 pframe=114 floor=false vy= 10.67 current=ground fading_from=fall
149 pframe=115 floor=false vy= 10.48 current=jump fading_from=ground
150 pframe=115 floor=false vy= 10.30 current=jump fading_from=ground
151 pframe=116 floor=false vy= 10.12 current=jump fading_from=ground
152 pframe=116 floor=false vy=  9.93 current=jump fading_from=ground
153 pframe=117 floor=false vy=  9.75 current=jump fading_from=ground
275 pframe=178 floor=true vy=  0.00 current=ground fading_from=fall
276 pframe=178 floor=false vy= 12.50 current=ground fading_from=fall
277 pframe=179 floor=false vy= 12.32 current=ground fading_from=fall
278 pframe=179 floor=false vy= 12.13 current=ground fading_from=fall
279 pframe=180 floor=false vy= 11.95 current=ground fading_from=fall
280 pframe=180 floor=false vy= 11.77 current=ground fading_from=fall
281 pframe=181 floor=false vy= 11.58 current=ground fading_from=fall
282 pframe=181 floor=false vy= 11.40 current=ground fading_from=fall
283 pframe=182 floor=false vy= 11.22 current=ground fading_from=fall
284 pframe=182 floor=false vy= 11.03 current=ground fading_from=fall
285 pframe=183 floor=false vy= 10.85 current=ground fading_from=fall
286 pframe=183 floor=false vy= 10.67 current=ground fading_from=fall
287 pframe=184 floor=false vy= 10.48 current=jump fading_from=ground
288 pframe=184 floor=false vy= 10.30 current=jump fading_from=ground
289 pframe=185 floor=false vy= 10.12 current=jump fading_from=ground
290 pframe=185 floor=false vy=  9.93 current=jump fading_from=ground
291 pframe=186 floor=false vy=  9.75 current=jump fading_from=ground
413 pframe=247 floor=true vy=  0.00 current=ground fading_from=fall
414 pframe=247 floor=false vy= 12.50 current=ground fading_from=fall
== offset 1
137 pframe=109 floor=true vy=  0.00 current=fall fading_from=
138 pframe=110 floor=false vy= 12.50 current=jump fading_from=fall
139 pframe=110 floor=false vy= 12.32 current=jump fading_from=fall
140 pframe=111 floor=false vy= 12.13 current=jump fading_from=fall
141 pframe=111 floor=false vy= 11.95 current=jump fading_from=fall
142 pframe=112 floor=false vy= 11.77 current=jump fading_from=fall
143 pframe=112 floor=false vy= 11.58 current=jump fading_from=fall
144 pframe=113 floor=false vy= 11.40 current=jump fading_from=
145 pframe=113 floor=false vy= 11.22 current=jump fading_from=
146 pframe=114 floor=false vy= 11.03 current=jump fading_from=
147 pframe=114 floor=false vy= 10.85 current=jump fading_from=
148 pframe=115 floor=false vy= 10.67 current=jump fading_from=
149 pframe=115 floor=false vy= 10.48 current=jump fading_from=
150 pframe=116 floor=false vy= 10.30 current=jump fading_from=
151 pframe=116 floor=false vy= 10.12 current=jump fading_from=
152 pframe=117 floor=false vy=  9.93 current=jump fading_from=
153 pframe=117 floor=false vy=  9.75 current=jump fading_from=
275 pframe=178 floor=true vy=  0.00 current=fall fading_from=
276 pframe=179 floor=false vy= 12.50 current=jump fading_from=fall
277 pframe=179 floor=false vy= 12.32 current=jump fading_from=fall
278 pframe=180 floor=false vy= 12.13 current=jump fading_from=fall
279 pframe=180 floor=false vy= 11.95 current=jump fading_from=fall
280 pframe=181 floor=false vy= 11.77 current=jump fading_from=fall
281 pframe=181 floor=false vy= 11.58 current=jump fading_from=fall
282 pframe=182 floor=false vy= 11.40 current=jump fading_from=
283 pframe=182 floor=false vy= 11.22 current=jump fading_from=
284 pframe=183 floor=false vy= 11.03 current=jump fading_from=
285 pframe=183 floor=false vy= 10.85 current=jump fading_from=
286 pframe=184 floor=false vy= 10.67 current=jump fading_from=
287 pframe=184 floor=false vy= 10.48 current=jump fading_from=
288 pframe=185 floor=false vy= 10.30 current=jump fading_from=
289 pframe=185 floor=false vy= 10.12 current=jump fading_from=
290 pframe=186 floor=false vy=  9.93 current=jump fading_from=
291 pframe=186 floor=false vy=  9.75 current=jump fading_from=
413 pframe=247 floor=true vy=  0.00 current=fall fading_from=
414 pframe=248 floor=false vy= 12.50 current=jump fading_from=fall
