== offset 0 (tree in physics)
137 pframe=109 floor=true vy=  0.00 current=ground fading_from=fall
138 pframe=109 floor=false vy= 12.50 current=ground fading_from=fall
139 pframe=110 floor=false vy= 12.32 current=ground fading_from=fall
140 pframe=110 floor=false vy= 12.13 current=ground fading_from=fall
141 pframe=111 floor=false vy= 11.95 current=ground fading_from=fall
142 pframe=111 floor=false vy= 11.77 current=ground fading_from=fall
143 pframe=112 floor=false vy= 11.58 current=ground fading_from=fall
144 pframe=112 floor=false vy= 11.40 current=ground fading_from=fall
== offset 1 (tree in physics)
137 pframe=109 floor=true vy=  0.00 current=ground fading_from=fall
138 pframe=110 floor=false vy= 12.50 current=ground fading_from=fall
139 pframe=110 floor=false vy= 12.32 current=ground fading_from=fall
140 pframe=111 floor=false vy= 12.13 current=ground fading_from=fall
141 pframe=111 floor=false vy= 11.95 current=ground fading_from=fall
142 pframe=112 floor=false vy= 11.77 current=ground fading_from=fall
143 pframe=112 floor=false vy= 11.58 current=ground fading_from=fall
144 pframe=113 floor=false vy= 11.40 current=ground fading_from=fall
RESULT: PASS
== offset 0 (tree in physics)
149 pframe=115 floor=false vy= 10.48 current=jump fading_from=ground
== offset 1 (tree in physics)
149 pframe=115 floor=false vy= 10.48 current=jump fading_from=ground
