Godot Engine v4.7.2.stable.official.ed1daf0bf - https://godotengine.org

PASS 1a: standing is ground
PASS 1b: jump→fall→ground order
PASS 2a: enters jump on each of 3 hops (offset 0)
PASS 2b: no fall state while velocity.y > 0 (offset 0)
PASS 2c: no jump/fall on floor past cross-fade (offset 0)
PASS 2a: enters jump on each of 3 hops (offset 1)
PASS 2b: no fall state while velocity.y > 0 (offset 1)
PASS 2c: no jump/fall on floor past cross-fade (offset 1)
PASS 3a: stays in ground during direction reversal
PASS 3b: ground run blend falls then rises
PASS 4a: leaves jump within cross-fade after reset
PASS 4b: reaches ground after reset
PASS 5a: gun blend > 0 while in jump or fall
PASS 5b: jump→fall→ground order preserved with shoot
RESULT: PASS
WARNING: 5 ObjectDB instances were leaked at exit (run with `--verbose` for details).
   at: cleanup (core/object/object.cpp:2536)
ERROR: 1 resources still in use at exit (run with --verbose for details).
   at: clear (core/io/resource.cpp:822)
