Godot Engine v4.7.2.stable.official.ed1daf0bf - https://godotengine.org

WARNING: res://npc/guard_arena.tscn:3 - ext_resource, invalid UID: uid://b9n3kx5p1yhmw - using text path instead: res://npc/guard_arena.gd
     at: load (scene/resources/resource_format_text.cpp:501)
     GDScript backtrace (most recent call first):
         [0] run (<scratch>/ch14/audit/audit_guard_nav.gd:28)
WARNING: res://npc/guard_arena.tscn:4 - ext_resource, invalid UID: uid://cgr1a0dv3npfd - using text path instead: res://npc/guard.gd
     at: load (scene/resources/resource_format_text.cpp:501)
     GDScript backtrace (most recent call first):
         [0] run (<scratch>/ch14/audit/audit_guard_nav.gd:28)
A frame=0 (same frame) map_iteration=0 path_size=0
A physics_frame=1 map_iteration=0 path_size=0 moved_px=0.0 reachable=false
A physics_frame=2 map_iteration=1 path_size=0 moved_px=0.0 reachable=false
A physics_frame=3 map_iteration=1 path_size=0 moved_px=0.0 reachable=false
A physics_frame=4 map_iteration=2 path_size=0 moved_px=0.0 reachable=true
A physics_frame=5 map_iteration=2 path_size=5 moved_px=1.25 reachable=true
WARNING: res://npc/guard_arena.tscn:3 - ext_resource, invalid UID: uid://b9n3kx5p1yhmw - using text path instead: res://npc/guard_arena.gd
     at: load (scene/resources/resource_format_text.cpp:501)
     GDScript backtrace (most recent call first):
         [0] run (<scratch>/ch14/audit/audit_guard_nav.gd:42)
WARNING: res://npc/guard_arena.tscn:4 - ext_resource, invalid UID: uid://cgr1a0dv3npfd - using text path instead: res://npc/guard.gd
     at: load (scene/resources/resource_format_text.cpp:501)
     GDScript backtrace (most recent call first):
         [0] run (<scratch>/ch14/audit/audit_guard_nav.gd:42)
B frames=734 seconds=6.12 finished=true reached=true stop_distance_to_target_px=47.7 min_centre_clearance_to_obstacle_px=17.9 obstacle_slide_collisions=0
WARNING: res://npc/guard_arena.tscn:3 - ext_resource, invalid UID: uid://b9n3kx5p1yhmw - using text path instead: res://npc/guard_arena.gd
     at: load (scene/resources/resource_format_text.cpp:501)
     GDScript backtrace (most recent call first):
         [0] run (<scratch>/ch14/audit/audit_guard_nav.gd:66)
WARNING: res://npc/guard_arena.tscn:4 - ext_resource, invalid UID: uid://cgr1a0dv3npfd - using text path instead: res://npc/guard.gd
     at: load (scene/resources/resource_format_text.cpp:501)
     GDScript backtrace (most recent call first):
         [0] run (<scratch>/ch14/audit/audit_guard_nav.gd:66)
C reachable=false finished=true reached=false final_position=(640.0, 240.0) guard=(632.3198, 240.1188) gap_to_final_px=7.7 moved_in_last_0.5s_px=0.0 obstacle_slide_collisions=0
