Godot Engine v4.7.2.stable.official.ed1daf0bf - https://godotengine.org

--- Check 3: same-frame set_target before nav-map sync ---
WARNING: res://npc/guard_arena.tscn:3 - ext_resource, invalid UID: uid://b9n3kx5p1yhmw - using text path instead: res://npc/guard_arena.gd
     at: load (scene/resources/resource_format_text.cpp:501)
     GDScript backtrace (most recent call first):
         [0] run (res://tests/test_guard_nav.gd:33)
WARNING: res://npc/guard_arena.tscn:4 - ext_resource, invalid UID: uid://cgr1a0dv3npfd - using text path instead: res://npc/guard.gd
     at: load (scene/resources/resource_format_text.cpp:501)
     GDScript backtrace (most recent call first):
         [0] run (res://tests/test_guard_nav.gd:33)
OBSERVE same-frame: nav_finished_before_tick=false reachable_before_tick=false moved_after_0.3s=true guard.position=(194.1835, 347.9354)
--- Check 1: guard navigates around obstacle ---
WARNING: res://npc/guard_arena.tscn:3 - ext_resource, invalid UID: uid://b9n3kx5p1yhmw - using text path instead: res://npc/guard_arena.gd
     at: load (scene/resources/resource_format_text.cpp:501)
     GDScript backtrace (most recent call first):
         [0] run (res://tests/test_guard_nav.gd:58)
WARNING: res://npc/guard_arena.tscn:4 - ext_resource, invalid UID: uid://cgr1a0dv3npfd - using text path instead: res://npc/guard.gd
     at: load (scene/resources/resource_format_text.cpp:501)
     GDScript backtrace (most recent call first):
         [0] run (res://tests/test_guard_nav.gd:58)
PASS guard reaches far-side target within 20.0s
PASS guard never enters obstacle collision bounds
--- Check 2: unreachable target inside obstacle ---
WARNING: res://npc/guard_arena.tscn:3 - ext_resource, invalid UID: uid://b9n3kx5p1yhmw - using text path instead: res://npc/guard_arena.gd
     at: load (scene/resources/resource_format_text.cpp:501)
     GDScript backtrace (most recent call first):
         [0] run (res://tests/test_guard_nav.gd:96)
WARNING: res://npc/guard_arena.tscn:4 - ext_resource, invalid UID: uid://cgr1a0dv3npfd - using text path instead: res://npc/guard.gd
     at: load (scene/resources/resource_format_text.cpp:501)
     GDScript backtrace (most recent call first):
         [0] run (res://tests/test_guard_nav.gd:96)
PASS target inside obstacle: is_target_reachable() == false
PASS guard rests outside obstacle bounds for unreachable target (pos=(632.3198, 240.1188))
RESULT 4 checks; 0 failures
