Godot Engine v4.7.2.stable.official.ed1daf0bf - https://godotengine.org

PHASE single tap
  0 anim=attack_fast    pos=0.0000 vis=true mon=true input=0 ready=false combo=1 state=Attack rot=0.0
  1 anim=attack_fast    pos=0.0000 vis=true mon=true input=0 ready=false combo=1 state=Attack rot=-80.0
  2 anim=attack_fast    pos=0.0083 vis=true mon=true input=0 ready=false combo=1 state=Attack rot=-59.9
  3 anim=attack_fast    pos=0.0167 vis=true mon=true input=0 ready=false combo=1 state=Attack rot=-41.2
  4 anim=attack_fast    pos=0.0250 vis=true mon=true input=0 ready=false combo=1 state=Attack rot=-24.0
  5 anim=attack_fast    pos=0.0333 vis=true mon=true input=0 ready=false combo=1 state=Attack rot=-8.1
  6 anim=attack_fast    pos=0.0417 vis=true mon=true input=0 ready=false combo=1 state=Attack rot=6.3
  7 anim=attack_fast    pos=0.0500 vis=true mon=true input=0 ready=false combo=1 state=Attack rot=19.4
  8 anim=attack_fast    pos=0.0583 vis=true mon=true input=0 ready=false combo=1 state=Attack rot=31.2
  9 anim=attack_fast    pos=0.0667 vis=true mon=true input=0 ready=false combo=1 state=Attack rot=41.7
 10 anim=attack_fast    pos=0.0750 vis=true mon=true input=0 ready=false combo=1 state=Attack rot=50.9
 11 anim=attack_fast    pos=0.0833 vis=true mon=true input=0 ready=false combo=1 state=Attack rot=58.9
 12 anim=attack_fast    pos=0.0917 vis=true mon=true input=0 ready=false combo=1 state=Attack rot=65.8
 13 anim=attack_fast    pos=0.1000 vis=true mon=true input=1 ready=false combo=1 state=Attack rot=71.5
 14 anim=attack_fast    pos=0.1083 vis=true mon=true input=1 ready=false combo=1 state=Attack rot=76.1
 15 anim=attack_fast    pos=0.1167 vis=true mon=true input=1 ready=false combo=1 state=Attack rot=79.6
 16 anim=attack_fast    pos=0.1250 vis=true mon=true input=1 ready=false combo=1 state=Attack rot=82.2
 17 anim=attack_fast    pos=0.1333 vis=true mon=true input=1 ready=false combo=1 state=Attack rot=83.9
 18 anim=attack_fast    pos=0.1417 vis=true mon=true input=1 ready=false combo=1 state=Attack rot=84.8
 19 anim=attack_fast    pos=0.1500 vis=true mon=true input=1 ready=false combo=1 state=Attack rot=85.0
 20 anim=attack_fast    pos=0.1583 vis=true mon=true input=1 ready=false combo=1 state=Attack rot=83.3
 21 anim=attack_fast    pos=0.1667 vis=true mon=true input=1 ready=false combo=1 state=Attack rot=81.7
 22 anim=attack_fast    pos=0.1750 vis=true mon=true input=1 ready=false combo=1 state=Attack rot=80.0
 23 anim=attack_fast    pos=0.1833 vis=true mon=true input=1 ready=false combo=1 state=Attack rot=78.3
 24 anim=attack_fast    pos=0.1917 vis=true mon=true input=1 ready=false combo=1 state=Attack rot=76.7
 25 anim=attack_fast    pos=0.2000 vis=true mon=true input=1 ready=false combo=1 state=Attack rot=75.0
 26 anim=attack_fast    pos=0.2083 vis=true mon=true input=1 ready=false combo=1 state=Attack rot=75.0
 27 anim=attack_fast    pos=0.2167 vis=true mon=true input=1 ready=false combo=1 state=Attack rot=75.0
 28 anim=attack_fast    pos=0.2250 vis=true mon=true input=1 ready=false combo=1 state=Attack rot=75.0
 29 anim=attack_fast    pos=0.2333 vis=true mon=true input=1 ready=false combo=1 state=Attack rot=75.0
 30 anim=attack_fast    pos=0.2417 vis=true mon=true input=1 ready=false combo=1 state=Attack rot=75.0
 31 anim=attack_fast    pos=0.2500 vis=true mon=true input=1 ready=true combo=1 state=Attack rot=75.0
 32 anim=attack_fast    pos=0.2583 vis=true mon=true input=1 ready=true combo=1 state=Attack rot=75.0
 33 anim=attack_fast    pos=0.2667 vis=true mon=true input=1 ready=true combo=1 state=Attack rot=75.0
 34 anim=attack_fast    pos=0.2750 vis=true mon=true input=1 ready=true combo=1 state=Attack rot=75.0
 35 anim=attack_fast    pos=0.2833 vis=true mon=true input=1 ready=true combo=1 state=Attack rot=75.0
 36 anim=attack_fast    pos=0.2917 vis=true mon=true input=1 ready=true combo=1 state=Attack rot=75.0
 37 anim=attack_fast    pos=0.3000 vis=true mon=true input=1 ready=true combo=1 state=Attack rot=75.0
 38 anim=attack_fast    pos=0.3083 vis=true mon=true input=1 ready=true combo=1 state=Attack rot=75.0
 39 anim=attack_fast    pos=0.3167 vis=true mon=true input=1 ready=true combo=1 state=Attack rot=75.0
 40 anim=attack_fast    pos=0.3250 vis=true mon=true input=1 ready=true combo=1 state=Attack rot=75.0
 41 anim=attack_fast    pos=0.3333 vis=true mon=true input=1 ready=true combo=1 state=Attack rot=75.0
 42 anim=attack_fast    pos=0.3417 vis=true mon=true input=1 ready=true combo=1 state=Attack rot=75.0
 43 anim=attack_fast    pos=0.3500 vis=true mon=true input=1 ready=true combo=1 state=Attack rot=75.0
 44 anim=attack_fast    pos=0.3583 vis=true mon=true input=1 ready=true combo=1 state=Attack rot=75.0
 45 anim=attack_fast    pos=0.3667 vis=true mon=true input=1 ready=true combo=1 state=Attack rot=75.0
 46 anim=attack_fast    pos=0.3750 vis=true mon=true input=1 ready=true combo=1 state=Attack rot=75.0
 47 anim=attack_fast    pos=0.3833 vis=true mon=true input=1 ready=true combo=1 state=Attack rot=75.0
 48 anim=attack_fast    pos=0.3917 vis=true mon=true input=1 ready=true combo=1 state=Attack rot=75.0
 49 anim=attack_fast    pos=0.4000 vis=true mon=true input=1 ready=true combo=1 state=Attack rot=75.0
 50 anim=attack_fast    pos=0.4083 vis=true mon=true input=1 ready=true combo=1 state=Attack rot=75.0
 51 anim=attack_fast    pos=0.4167 vis=true mon=true input=1 ready=true combo=1 state=Attack rot=75.0
 52 anim=attack_fast    pos=0.4250 vis=true mon=true input=1 ready=true combo=1 state=Attack rot=75.0
 53 anim=attack_fast    pos=0.4333 vis=true mon=true input=1 ready=true combo=1 state=Attack rot=75.0
 54 anim=attack_fast    pos=0.4417 vis=true mon=true input=1 ready=true combo=1 state=Attack rot=75.0
 55 anim=               pos=-1.0000 vis=false mon=false input=1 ready=false combo=0 state=Idle rot=-80.0
 56 anim=               pos=-1.0000 vis=false mon=false input=1 ready=false combo=0 state=Idle rot=-80.0
 57 anim=               pos=-1.0000 vis=false mon=false input=1 ready=false combo=0 state=Idle rot=-80.0
 58 anim=               pos=-1.0000 vis=false mon=false input=1 ready=false combo=0 state=Idle rot=-80.0
 59 anim=               pos=-1.0000 vis=false mon=false input=1 ready=false combo=0 state=Idle rot=-80.0
 60 anim=               pos=-1.0000 vis=false mon=false input=1 ready=false combo=0 state=Idle rot=-80.0
 61 anim=               pos=-1.0000 vis=false mon=false input=1 ready=false combo=0 state=Idle rot=-80.0
 62 anim=               pos=-1.0000 vis=false mon=false input=1 ready=false combo=0 state=Idle rot=-80.0
 63 anim=               pos=-1.0000 vis=false mon=false input=1 ready=false combo=0 state=Idle rot=-80.0
 64 anim=               pos=-1.0000 vis=false mon=false input=1 ready=false combo=0 state=Idle rot=-80.0
 65 anim=               pos=-1.0000 vis=false mon=false input=1 ready=false combo=0 state=Idle rot=-80.0
 66 anim=               pos=-1.0000 vis=false mon=false input=1 ready=false combo=0 state=Idle rot=-80.0
 67 anim=               pos=-1.0000 vis=false mon=false input=1 ready=false combo=0 state=Idle rot=-80.0
 68 anim=               pos=-1.0000 vis=false mon=false input=1 ready=false combo=0 state=Idle rot=-80.0
 69 anim=               pos=-1.0000 vis=false mon=false input=1 ready=false combo=0 state=Idle rot=-80.0
PHASE combo: tap at frame 20 of each swing
  0 anim=attack_fast    pos=0.0000 vis=true mon=true input=1 ready=false combo=1 state=Attack rot=-80.0
  1 anim=attack_fast    pos=0.0000 vis=true mon=true input=1 ready=false combo=1 state=Attack rot=-80.0
  2 anim=attack_fast    pos=0.0083 vis=true mon=true input=1 ready=false combo=1 state=Attack rot=-59.9
  3 anim=attack_fast    pos=0.0167 vis=true mon=true input=1 ready=false combo=1 state=Attack rot=-41.2
  4 anim=attack_fast    pos=0.0250 vis=true mon=true input=1 ready=false combo=1 state=Attack rot=-24.0
  5 anim=attack_fast    pos=0.0333 vis=true mon=true input=1 ready=false combo=1 state=Attack rot=-8.1
  6 anim=attack_fast    pos=0.0417 vis=true mon=true input=1 ready=false combo=1 state=Attack rot=6.3
  7 anim=attack_fast    pos=0.0500 vis=true mon=true input=1 ready=false combo=1 state=Attack rot=19.4
  8 anim=attack_fast    pos=0.0583 vis=true mon=true input=1 ready=false combo=1 state=Attack rot=31.2
  9 anim=attack_fast    pos=0.0667 vis=true mon=true input=1 ready=false combo=1 state=Attack rot=41.7
 10 anim=attack_fast    pos=0.0750 vis=true mon=true input=1 ready=false combo=1 state=Attack rot=50.9
 11 anim=attack_fast    pos=0.0833 vis=true mon=true input=1 ready=false combo=1 state=Attack rot=58.9
 12 anim=attack_fast    pos=0.0917 vis=true mon=true input=1 ready=false combo=1 state=Attack rot=65.8
 13 anim=attack_fast    pos=0.1000 vis=true mon=true input=1 ready=false combo=1 state=Attack rot=71.5
 14 anim=attack_fast    pos=0.1083 vis=true mon=true input=1 ready=false combo=1 state=Attack rot=76.1
 15 anim=attack_fast    pos=0.1167 vis=true mon=true input=1 ready=false combo=1 state=Attack rot=79.6
 16 anim=attack_fast    pos=0.1250 vis=true mon=true input=1 ready=false combo=1 state=Attack rot=82.2
 17 anim=attack_fast    pos=0.1333 vis=true mon=true input=1 ready=false combo=1 state=Attack rot=83.9
 18 anim=attack_fast    pos=0.1417 vis=true mon=true input=1 ready=false combo=1 state=Attack rot=84.8
 19 anim=attack_fast    pos=0.1500 vis=true mon=true input=1 ready=false combo=1 state=Attack rot=85.0
 20 anim=attack_fast    pos=0.1583 vis=true mon=true input=1 ready=false combo=1 state=Attack rot=83.3
 21 anim=attack_fast    pos=0.1667 vis=true mon=true input=2 ready=false combo=1 state=Attack rot=81.7
 22 anim=attack_fast    pos=0.1750 vis=true mon=true input=2 ready=false combo=1 state=Attack rot=80.0
 23 anim=attack_fast    pos=0.1833 vis=true mon=true input=2 ready=false combo=1 state=Attack rot=78.3
 24 anim=attack_fast    pos=0.1917 vis=true mon=true input=2 ready=false combo=1 state=Attack rot=76.7
 25 anim=attack_fast    pos=0.2000 vis=true mon=true input=2 ready=false combo=1 state=Attack rot=75.0
 26 anim=attack_fast    pos=0.2083 vis=true mon=true input=2 ready=false combo=1 state=Attack rot=75.0
 27 anim=attack_fast    pos=0.2167 vis=true mon=true input=2 ready=false combo=1 state=Attack rot=75.0
 28 anim=attack_fast    pos=0.2250 vis=true mon=true input=2 ready=false combo=1 state=Attack rot=75.0
 29 anim=attack_fast    pos=0.2333 vis=true mon=true input=2 ready=false combo=1 state=Attack rot=75.0
 30 anim=attack_fast    pos=0.2417 vis=true mon=true input=2 ready=false combo=1 state=Attack rot=75.0
 31 anim=attack_fast    pos=0.2500 vis=true mon=true input=1 ready=false combo=2 state=Attack rot=75.0
 32 anim=attack_fast    pos=0.2583 vis=true mon=true input=1 ready=false combo=2 state=Attack rot=75.0
 33 anim=attack_fast    pos=0.2667 vis=true mon=true input=1 ready=false combo=2 state=Attack rot=75.0
 34 anim=attack_fast    pos=0.2750 vis=true mon=true input=1 ready=false combo=2 state=Attack rot=75.0
 35 anim=attack_fast    pos=0.2833 vis=true mon=true input=1 ready=false combo=2 state=Attack rot=75.0
 36 anim=attack_fast    pos=0.2917 vis=true mon=true input=1 ready=false combo=2 state=Attack rot=75.0
 37 anim=attack_fast    pos=0.3000 vis=true mon=true input=1 ready=false combo=2 state=Attack rot=75.0
 38 anim=attack_fast    pos=0.3083 vis=true mon=true input=1 ready=false combo=2 state=Attack rot=75.0
 39 anim=attack_fast    pos=0.3167 vis=true mon=true input=1 ready=false combo=2 state=Attack rot=75.0
 40 anim=attack_fast    pos=0.3250 vis=true mon=true input=1 ready=false combo=2 state=Attack rot=75.0
 41 anim=attack_fast    pos=0.3333 vis=true mon=true input=2 ready=false combo=2 state=Attack rot=75.0
 42 anim=attack_fast    pos=0.3417 vis=true mon=true input=2 ready=false combo=2 state=Attack rot=75.0
 43 anim=attack_fast    pos=0.3500 vis=true mon=true input=2 ready=false combo=2 state=Attack rot=75.0
 44 anim=attack_fast    pos=0.3583 vis=true mon=true input=2 ready=false combo=2 state=Attack rot=75.0
 45 anim=attack_fast    pos=0.3667 vis=true mon=true input=2 ready=false combo=2 state=Attack rot=75.0
 46 anim=attack_fast    pos=0.3750 vis=true mon=true input=2 ready=false combo=2 state=Attack rot=75.0
 47 anim=attack_fast    pos=0.3833 vis=true mon=true input=2 ready=false combo=2 state=Attack rot=75.0
 48 anim=attack_fast    pos=0.3917 vis=true mon=true input=2 ready=false combo=2 state=Attack rot=75.0
 49 anim=attack_fast    pos=0.4000 vis=true mon=true input=2 ready=false combo=2 state=Attack rot=75.0
 50 anim=attack_fast    pos=0.4083 vis=true mon=true input=2 ready=false combo=2 state=Attack rot=75.0
 51 anim=attack_fast    pos=0.4167 vis=true mon=true input=2 ready=false combo=2 state=Attack rot=75.0
 52 anim=attack_fast    pos=0.4250 vis=true mon=true input=2 ready=false combo=2 state=Attack rot=75.0
 53 anim=attack_fast    pos=0.4333 vis=true mon=true input=2 ready=false combo=2 state=Attack rot=75.0
 54 anim=attack_fast    pos=0.4417 vis=true mon=true input=2 ready=false combo=2 state=Attack rot=75.0
 55 anim=attack_medium  pos=0.0000 vis=true mon=true input=1 ready=false combo=3 state=Attack rot=75.0
 56 anim=attack_medium  pos=0.0000 vis=true mon=true input=1 ready=false combo=3 state=Attack rot=95.0
 57 anim=attack_medium  pos=0.0083 vis=true mon=true input=1 ready=false combo=3 state=Attack rot=95.0
 58 anim=attack_medium  pos=0.0167 vis=true mon=true input=1 ready=false combo=3 state=Attack rot=95.0
 59 anim=attack_medium  pos=0.0250 vis=true mon=true input=1 ready=false combo=3 state=Attack rot=95.0
 60 anim=attack_medium  pos=0.0333 vis=true mon=true input=1 ready=false combo=3 state=Attack rot=95.0
 61 anim=attack_medium  pos=0.0417 vis=true mon=true input=1 ready=false combo=3 state=Attack rot=95.0
 62 anim=attack_medium  pos=0.0500 vis=true mon=true input=1 ready=false combo=3 state=Attack rot=95.0
 63 anim=attack_medium  pos=0.0583 vis=true mon=true input=1 ready=false combo=3 state=Attack rot=77.5
 64 anim=attack_medium  pos=0.0667 vis=true mon=true input=1 ready=false combo=3 state=Attack rot=60.9
 65 anim=attack_medium  pos=0.0750 vis=true mon=true input=1 ready=false combo=3 state=Attack rot=45.2
 66 anim=attack_medium  pos=0.0833 vis=true mon=true input=1 ready=false combo=3 state=Attack rot=30.5
 67 anim=attack_medium  pos=0.0917 vis=true mon=true input=1 ready=false combo=3 state=Attack rot=16.7
 68 anim=attack_medium  pos=0.1000 vis=true mon=true input=1 ready=false combo=3 state=Attack rot=3.7
 69 anim=attack_medium  pos=0.1083 vis=true mon=true input=1 ready=false combo=3 state=Attack rot=-8.3
 70 anim=attack_medium  pos=0.1167 vis=true mon=true input=1 ready=false combo=3 state=Attack rot=-19.5
 71 anim=attack_medium  pos=0.1250 vis=true mon=true input=1 ready=false combo=3 state=Attack rot=-29.8
 72 anim=attack_medium  pos=0.1333 vis=true mon=true input=1 ready=false combo=3 state=Attack rot=-39.3
 73 anim=attack_medium  pos=0.1417 vis=true mon=true input=1 ready=false combo=3 state=Attack rot=-47.9
 74 anim=attack_medium  pos=0.1500 vis=true mon=true input=1 ready=false combo=3 state=Attack rot=-55.8
 75 anim=attack_medium  pos=0.1583 vis=true mon=true input=1 ready=false combo=3 state=Attack rot=-62.8
 76 anim=attack_medium  pos=0.1667 vis=true mon=true input=1 ready=false combo=3 state=Attack rot=-69.1
 77 anim=attack_medium  pos=0.1750 vis=true mon=true input=1 ready=false combo=3 state=Attack rot=-74.6
 78 anim=attack_medium  pos=0.1833 vis=true mon=true input=1 ready=false combo=3 state=Attack rot=-79.4
 79 anim=attack_medium  pos=0.1917 vis=true mon=true input=1 ready=false combo=3 state=Attack rot=-83.5
 80 anim=attack_medium  pos=0.2000 vis=true mon=true input=1 ready=false combo=3 state=Attack rot=-86.9
 81 anim=attack_medium  pos=0.2083 vis=true mon=true input=1 ready=false combo=3 state=Attack rot=-89.6
 82 anim=attack_medium  pos=0.2167 vis=true mon=true input=1 ready=false combo=3 state=Attack rot=-91.8
 83 anim=attack_medium  pos=0.2250 vis=true mon=true input=1 ready=false combo=3 state=Attack rot=-93.3
 84 anim=attack_medium  pos=0.2333 vis=true mon=true input=1 ready=false combo=3 state=Attack rot=-94.3
 85 anim=attack_medium  pos=0.2417 vis=true mon=true input=1 ready=false combo=3 state=Attack rot=-94.9
 86 anim=attack_medium  pos=0.2500 vis=true mon=true input=1 ready=false combo=3 state=Attack rot=-95.0
 87 anim=attack_medium  pos=0.2583 vis=true mon=true input=1 ready=false combo=3 state=Attack rot=-94.6
 88 anim=attack_medium  pos=0.2667 vis=true mon=true input=1 ready=false combo=3 state=Attack rot=-94.2
 89 anim=attack_medium  pos=0.2750 vis=true mon=true input=1 ready=false combo=3 state=Attack rot=-93.8
 90 anim=attack_medium  pos=0.2833 vis=true mon=true input=1 ready=false combo=3 state=Attack rot=-93.3
 91 anim=attack_medium  pos=0.2917 vis=true mon=true input=1 ready=false combo=3 state=Attack rot=-92.9
 92 anim=attack_medium  pos=0.3000 vis=true mon=true input=1 ready=false combo=3 state=Attack rot=-92.5
 93 anim=attack_medium  pos=0.3083 vis=true mon=true input=1 ready=false combo=3 state=Attack rot=-92.1
 94 anim=attack_medium  pos=0.3167 vis=true mon=true input=1 ready=false combo=3 state=Attack rot=-91.7
 95 anim=attack_medium  pos=0.3250 vis=true mon=true input=1 ready=false combo=3 state=Attack rot=-91.2
 96 anim=attack_medium  pos=0.3333 vis=true mon=true input=1 ready=false combo=3 state=Attack rot=-90.8
 97 anim=attack_medium  pos=0.3417 vis=true mon=true input=1 ready=false combo=3 state=Attack rot=-90.4
 98 anim=attack_medium  pos=0.3500 vis=true mon=true input=1 ready=false combo=3 state=Attack rot=-90.0
 99 anim=attack_medium  pos=0.3583 vis=true mon=true input=1 ready=false combo=3 state=Attack rot=-90.0
100 anim=attack_medium  pos=0.3667 vis=true mon=true input=1 ready=false combo=3 state=Attack rot=-90.0
101 anim=attack_medium  pos=0.3750 vis=true mon=true input=1 ready=false combo=3 state=Attack rot=-90.0
102 anim=attack_medium  pos=0.3833 vis=true mon=true input=1 ready=false combo=3 state=Attack rot=-90.0
103 anim=attack_medium  pos=0.3917 vis=true mon=true input=1 ready=false combo=3 state=Attack rot=-90.0
104 anim=attack_medium  pos=0.4000 vis=true mon=true input=1 ready=false combo=3 state=Attack rot=-90.0
105 anim=attack_medium  pos=0.4083 vis=true mon=true input=1 ready=false combo=3 state=Attack rot=-90.0
106 anim=attack_medium  pos=0.4167 vis=true mon=true input=1 ready=false combo=3 state=Attack rot=-90.0
107 anim=attack_medium  pos=0.4250 vis=true mon=true input=1 ready=false combo=3 state=Attack rot=-90.0
108 anim=attack_medium  pos=0.4333 vis=true mon=true input=1 ready=false combo=3 state=Attack rot=-90.0
109 anim=attack_medium  pos=0.4417 vis=true mon=true input=1 ready=false combo=3 state=Attack rot=-90.0
110 anim=attack_medium  pos=0.4500 vis=true mon=true input=1 ready=false combo=3 state=Attack rot=-90.0
111 anim=attack_medium  pos=0.4583 vis=true mon=true input=1 ready=false combo=3 state=Attack rot=-90.0
112 anim=attack_medium  pos=0.4667 vis=true mon=true input=1 ready=false combo=3 state=Attack rot=-90.0
113 anim=attack_medium  pos=0.4750 vis=true mon=true input=1 ready=false combo=3 state=Attack rot=-90.0
114 anim=attack_medium  pos=0.4833 vis=true mon=true input=1 ready=false combo=3 state=Attack rot=-90.0
115 anim=attack_medium  pos=0.4917 vis=true mon=true input=1 ready=false combo=3 state=Attack rot=-90.0
116 anim=               pos=-1.0000 vis=false mon=false input=1 ready=false combo=0 state=Idle rot=95.0
117 anim=               pos=-1.0000 vis=false mon=false input=1 ready=false combo=0 state=Idle rot=95.0
118 anim=               pos=-1.0000 vis=false mon=false input=1 ready=false combo=0 state=Idle rot=95.0
119 anim=               pos=-1.0000 vis=false mon=false input=1 ready=false combo=0 state=Idle rot=95.0
120 anim=               pos=-1.0000 vis=false mon=false input=1 ready=false combo=0 state=Idle rot=95.0
121 anim=               pos=-1.0000 vis=false mon=false input=1 ready=false combo=0 state=Idle rot=95.0
122 anim=               pos=-1.0000 vis=false mon=false input=1 ready=false combo=0 state=Idle rot=95.0
123 anim=               pos=-1.0000 vis=false mon=false input=1 ready=false combo=0 state=Idle rot=95.0
124 anim=               pos=-1.0000 vis=false mon=false input=1 ready=false combo=0 state=Idle rot=95.0
125 anim=               pos=-1.0000 vis=false mon=false input=1 ready=false combo=0 state=Idle rot=95.0
126 anim=               pos=-1.0000 vis=false mon=false input=1 ready=false combo=0 state=Idle rot=95.0
127 anim=               pos=-1.0000 vis=false mon=false input=1 ready=false combo=0 state=Idle rot=95.0
128 anim=               pos=-1.0000 vis=false mon=false input=1 ready=false combo=0 state=Idle rot=95.0
129 anim=               pos=-1.0000 vis=false mon=false input=1 ready=false combo=0 state=Idle rot=95.0
130 anim=               pos=-1.0000 vis=false mon=false input=1 ready=false combo=0 state=Idle rot=95.0
131 anim=               pos=-1.0000 vis=false mon=false input=1 ready=false combo=0 state=Idle rot=95.0
132 anim=               pos=-1.0000 vis=false mon=false input=1 ready=false combo=0 state=Idle rot=95.0
133 anim=               pos=-1.0000 vis=false mon=false input=1 ready=false combo=0 state=Idle rot=95.0
134 anim=               pos=-1.0000 vis=false mon=false input=1 ready=false combo=0 state=Idle rot=95.0
135 anim=               pos=-1.0000 vis=false mon=false input=1 ready=false combo=0 state=Idle rot=95.0
136 anim=               pos=-1.0000 vis=false mon=false input=1 ready=false combo=0 state=Idle rot=95.0
137 anim=               pos=-1.0000 vis=false mon=false input=1 ready=false combo=0 state=Idle rot=95.0
138 anim=               pos=-1.0000 vis=false mon=false input=1 ready=false combo=0 state=Idle rot=95.0
139 anim=               pos=-1.0000 vis=false mon=false input=1 ready=false combo=0 state=Idle rot=95.0
140 anim=               pos=-1.0000 vis=false mon=false input=1 ready=false combo=0 state=Idle rot=95.0
141 anim=               pos=-1.0000 vis=false mon=false input=1 ready=false combo=0 state=Idle rot=95.0
142 anim=               pos=-1.0000 vis=false mon=false input=1 ready=false combo=0 state=Idle rot=95.0
143 anim=               pos=-1.0000 vis=false mon=false input=1 ready=false combo=0 state=Idle rot=95.0
144 anim=               pos=-1.0000 vis=false mon=false input=1 ready=false combo=0 state=Idle rot=95.0
145 anim=               pos=-1.0000 vis=false mon=false input=1 ready=false combo=0 state=Idle rot=95.0
146 anim=               pos=-1.0000 vis=false mon=false input=1 ready=false combo=0 state=Idle rot=95.0
147 anim=               pos=-1.0000 vis=false mon=false input=1 ready=false combo=0 state=Idle rot=95.0
148 anim=               pos=-1.0000 vis=false mon=false input=1 ready=false combo=0 state=Idle rot=95.0
149 anim=               pos=-1.0000 vis=false mon=false input=1 ready=false combo=0 state=Idle rot=95.0
150 anim=               pos=-1.0000 vis=false mon=false input=1 ready=false combo=0 state=Idle rot=95.0
151 anim=               pos=-1.0000 vis=false mon=false input=1 ready=false combo=0 state=Idle rot=95.0
152 anim=               pos=-1.0000 vis=false mon=false input=1 ready=false combo=0 state=Idle rot=95.0
153 anim=               pos=-1.0000 vis=false mon=false input=1 ready=false combo=0 state=Idle rot=95.0
154 anim=               pos=-1.0000 vis=false mon=false input=1 ready=false combo=0 state=Idle rot=95.0
155 anim=               pos=-1.0000 vis=false mon=false input=1 ready=false combo=0 state=Idle rot=95.0
156 anim=               pos=-1.0000 vis=false mon=false input=1 ready=false combo=0 state=Idle rot=95.0
157 anim=               pos=-1.0000 vis=false mon=false input=1 ready=false combo=0 state=Idle rot=95.0
158 anim=               pos=-1.0000 vis=false mon=false input=1 ready=false combo=0 state=Idle rot=95.0
159 anim=               pos=-1.0000 vis=false mon=false input=1 ready=false combo=0 state=Idle rot=95.0
160 anim=               pos=-1.0000 vis=false mon=false input=1 ready=false combo=0 state=Idle rot=95.0
161 anim=               pos=-1.0000 vis=false mon=false input=1 ready=false combo=0 state=Idle rot=95.0
162 anim=               pos=-1.0000 vis=false mon=false input=1 ready=false combo=0 state=Idle rot=95.0
163 anim=               pos=-1.0000 vis=false mon=false input=1 ready=false combo=0 state=Idle rot=95.0
164 anim=               pos=-1.0000 vis=false mon=false input=1 ready=false combo=0 state=Idle rot=95.0
165 anim=               pos=-1.0000 vis=false mon=false input=1 ready=false combo=0 state=Idle rot=95.0
166 anim=               pos=-1.0000 vis=false mon=false input=1 ready=false combo=0 state=Idle rot=95.0
167 anim=               pos=-1.0000 vis=false mon=false input=1 ready=false combo=0 state=Idle rot=95.0
168 anim=               pos=-1.0000 vis=false mon=false input=1 ready=false combo=0 state=Idle rot=95.0
169 anim=               pos=-1.0000 vis=false mon=false input=1 ready=false combo=0 state=Idle rot=95.0
170 anim=               pos=-1.0000 vis=false mon=false input=1 ready=false combo=0 state=Idle rot=95.0
171 anim=               pos=-1.0000 vis=false mon=false input=1 ready=false combo=0 state=Idle rot=95.0
172 anim=               pos=-1.0000 vis=false mon=false input=1 ready=false combo=0 state=Idle rot=95.0
173 anim=               pos=-1.0000 vis=false mon=false input=1 ready=false combo=0 state=Idle rot=95.0
174 anim=               pos=-1.0000 vis=false mon=false input=1 ready=false combo=0 state=Idle rot=95.0
175 anim=               pos=-1.0000 vis=false mon=false input=1 ready=false combo=0 state=Idle rot=95.0
176 anim=               pos=-1.0000 vis=false mon=false input=1 ready=false combo=0 state=Idle rot=95.0
177 anim=               pos=-1.0000 vis=false mon=false input=1 ready=false combo=0 state=Idle rot=95.0
178 anim=               pos=-1.0000 vis=false mon=false input=1 ready=false combo=0 state=Idle rot=95.0
179 anim=               pos=-1.0000 vis=false mon=false input=1 ready=false combo=0 state=Idle rot=95.0
180 anim=               pos=-1.0000 vis=false mon=false input=1 ready=false combo=0 state=Idle rot=95.0
181 anim=               pos=-1.0000 vis=false mon=false input=1 ready=false combo=0 state=Idle rot=95.0
182 anim=               pos=-1.0000 vis=false mon=false input=1 ready=false combo=0 state=Idle rot=95.0
183 anim=               pos=-1.0000 vis=false mon=false input=1 ready=false combo=0 state=Idle rot=95.0
184 anim=               pos=-1.0000 vis=false mon=false input=1 ready=false combo=0 state=Idle rot=95.0
185 anim=               pos=-1.0000 vis=false mon=false input=1 ready=false combo=0 state=Idle rot=95.0
186 anim=               pos=-1.0000 vis=false mon=false input=1 ready=false combo=0 state=Idle rot=95.0
187 anim=               pos=-1.0000 vis=false mon=false input=1 ready=false combo=0 state=Idle rot=95.0
188 anim=               pos=-1.0000 vis=false mon=false input=1 ready=false combo=0 state=Idle rot=95.0
189 anim=               pos=-1.0000 vis=false mon=false input=1 ready=false combo=0 state=Idle rot=95.0
190 anim=               pos=-1.0000 vis=false mon=false input=1 ready=false combo=0 state=Idle rot=95.0
191 anim=               pos=-1.0000 vis=false mon=false input=1 ready=false combo=0 state=Idle rot=95.0
192 anim=               pos=-1.0000 vis=false mon=false input=1 ready=false combo=0 state=Idle rot=95.0
193 anim=               pos=-1.0000 vis=false mon=false input=1 ready=false combo=0 state=Idle rot=95.0
194 anim=               pos=-1.0000 vis=false mon=false input=1 ready=false combo=0 state=Idle rot=95.0
195 anim=               pos=-1.0000 vis=false mon=false input=1 ready=false combo=0 state=Idle rot=95.0
196 anim=               pos=-1.0000 vis=false mon=false input=1 ready=false combo=0 state=Idle rot=95.0
197 anim=               pos=-1.0000 vis=false mon=false input=1 ready=false combo=0 state=Idle rot=95.0
198 anim=               pos=-1.0000 vis=false mon=false input=1 ready=false combo=0 state=Idle rot=95.0
199 anim=               pos=-1.0000 vis=false mon=false input=1 ready=false combo=0 state=Idle rot=95.0
