Godot Engine v4.7.2.stable.official.ed1daf0bf - https://godotengine.org

PHASE single tap
  0 anim=attack_fast    pos=0.0000 vis=true mon=true input=0 ready=false combo=1 state=Attack rot=-80.0
  1 anim=attack_fast    pos=0.0083 vis=true mon=true input=0 ready=false combo=1 state=Attack rot=-59.9
  2 anim=attack_fast    pos=0.0167 vis=true mon=true input=0 ready=false combo=1 state=Attack rot=-41.2
  3 anim=attack_fast    pos=0.0250 vis=true mon=true input=0 ready=false combo=1 state=Attack rot=-24.0
  4 anim=attack_fast    pos=0.0333 vis=true mon=true input=0 ready=false combo=1 state=Attack rot=-8.1
  5 anim=attack_fast    pos=0.0417 vis=true mon=true input=0 ready=false combo=1 state=Attack rot=6.3
  6 anim=attack_fast    pos=0.0500 vis=true mon=true input=0 ready=false combo=1 state=Attack rot=19.4
  7 anim=attack_fast    pos=0.0583 vis=true mon=true input=0 ready=false combo=1 state=Attack rot=31.2
  8 anim=attack_fast    pos=0.0667 vis=true mon=true input=0 ready=false combo=1 state=Attack rot=41.7
  9 anim=attack_fast    pos=0.0750 vis=true mon=true input=0 ready=false combo=1 state=Attack rot=50.9
 10 anim=attack_fast    pos=0.0833 vis=true mon=true input=0 ready=false combo=1 state=Attack rot=58.9
 11 anim=attack_fast    pos=0.0917 vis=true mon=true input=0 ready=false combo=1 state=Attack rot=65.8
 12 anim=attack_fast    pos=0.1000 vis=true mon=true input=1 ready=false combo=1 state=Attack rot=71.5
 13 anim=attack_fast    pos=0.1083 vis=true mon=true input=1 ready=false combo=1 state=Attack rot=76.1
 14 anim=attack_fast    pos=0.1167 vis=true mon=true input=1 ready=false combo=1 state=Attack rot=79.6
 15 anim=attack_fast    pos=0.1250 vis=true mon=true input=1 ready=false combo=1 state=Attack rot=82.2
 16 anim=attack_fast    pos=0.1333 vis=true mon=true input=1 ready=false combo=1 state=Attack rot=83.9
 17 anim=attack_fast    pos=0.1417 vis=true mon=true input=1 ready=false combo=1 state=Attack rot=84.8
 18 anim=attack_fast    pos=0.1500 vis=true mon=false input=1 ready=false combo=1 state=Attack rot=85.0
 19 anim=attack_fast    pos=0.1583 vis=true mon=false input=1 ready=false combo=1 state=Attack rot=83.3
 20 anim=attack_fast    pos=0.1667 vis=true mon=false input=1 ready=false combo=1 state=Attack rot=81.7
 21 anim=attack_fast    pos=0.1750 vis=true mon=false input=1 ready=false combo=1 state=Attack rot=80.0
 22 anim=attack_fast    pos=0.1833 vis=true mon=false input=1 ready=false combo=1 state=Attack rot=78.3
 23 anim=attack_fast    pos=0.1917 vis=true mon=false input=1 ready=false combo=1 state=Attack rot=76.7
 24 anim=attack_fast    pos=0.2000 vis=true mon=false input=1 ready=false combo=1 state=Attack rot=75.0
 25 anim=attack_fast    pos=0.2083 vis=true mon=false input=1 ready=false combo=1 state=Attack rot=75.0
 26 anim=attack_fast    pos=0.2167 vis=true mon=false input=1 ready=false combo=1 state=Attack rot=75.0
 27 anim=attack_fast    pos=0.2250 vis=true mon=false input=1 ready=false combo=1 state=Attack rot=75.0
 28 anim=attack_fast    pos=0.2333 vis=true mon=false input=1 ready=false combo=1 state=Attack rot=75.0
 29 anim=attack_fast    pos=0.2417 vis=true mon=false input=1 ready=false combo=1 state=Attack rot=75.0
 30 anim=attack_fast    pos=0.2500 vis=true mon=false input=1 ready=true combo=1 state=Attack rot=75.0
 31 anim=attack_fast    pos=0.2583 vis=true mon=false input=1 ready=true combo=1 state=Attack rot=75.0
 32 anim=attack_fast    pos=0.2667 vis=true mon=false input=1 ready=true combo=1 state=Attack rot=75.0
 33 anim=attack_fast    pos=0.2750 vis=true mon=false input=1 ready=true combo=1 state=Attack rot=75.0
 34 anim=attack_fast    pos=0.2833 vis=true mon=false input=1 ready=true combo=1 state=Attack rot=75.0
 35 anim=attack_fast    pos=0.2917 vis=true mon=false input=1 ready=true combo=1 state=Attack rot=75.0
 36 anim=attack_fast    pos=0.3000 vis=true mon=false input=1 ready=true combo=1 state=Attack rot=75.0
 37 anim=attack_fast    pos=0.3083 vis=true mon=false input=1 ready=true combo=1 state=Attack rot=75.0
 38 anim=attack_fast    pos=0.3167 vis=true mon=false input=1 ready=true combo=1 state=Attack rot=75.0
 39 anim=attack_fast    pos=0.3250 vis=true mon=false input=1 ready=true combo=1 state=Attack rot=75.0
 40 anim=attack_fast    pos=0.3333 vis=true mon=false input=1 ready=true combo=1 state=Attack rot=75.0
 41 anim=attack_fast    pos=0.3417 vis=true mon=false input=1 ready=true combo=1 state=Attack rot=75.0
 42 anim=attack_fast    pos=0.3500 vis=true mon=false input=1 ready=true combo=1 state=Attack rot=75.0
 43 anim=attack_fast    pos=0.3583 vis=true mon=false input=1 ready=true combo=1 state=Attack rot=75.0
 44 anim=attack_fast    pos=0.3667 vis=true mon=false input=1 ready=true combo=1 state=Attack rot=75.0
 45 anim=attack_fast    pos=0.3750 vis=true mon=false input=1 ready=true combo=1 state=Attack rot=75.0
 46 anim=attack_fast    pos=0.3833 vis=true mon=false input=1 ready=true combo=1 state=Attack rot=75.0
 47 anim=attack_fast    pos=0.3917 vis=true mon=false input=1 ready=true combo=1 state=Attack rot=75.0
 48 anim=attack_fast    pos=0.4000 vis=true mon=false input=1 ready=true combo=1 state=Attack rot=75.0
 49 anim=attack_fast    pos=0.4083 vis=true mon=false input=1 ready=true combo=1 state=Attack rot=75.0
 50 anim=attack_fast    pos=0.4167 vis=true mon=false input=1 ready=true combo=1 state=Attack rot=75.0
 51 anim=attack_fast    pos=0.4250 vis=true mon=false input=1 ready=true combo=1 state=Attack rot=75.0
 52 anim=attack_fast    pos=0.4333 vis=true mon=false input=1 ready=true combo=1 state=Attack rot=75.0
 53 anim=attack_fast    pos=0.4417 vis=true mon=false input=1 ready=true combo=1 state=Attack rot=75.0
 54 anim=               pos=-1.0000 vis=false mon=false input=1 ready=false combo=0 state=Idle rot=-80.0
 55 anim=               pos=-1.0000 vis=false mon=false input=1 ready=false combo=0 state=Idle rot=-80.0
 56 anim=               pos=-1.0000 vis=false mon=false input=1 ready=false combo=0 state=Idle rot=-80.0
 57 anim=               pos=-1.0000 vis=false mon=false input=1 ready=false combo=0 state=Idle rot=-80.0
 58 anim=               pos=-1.0000 vis=false mon=false input=1 ready=false combo=0 state=Idle rot=-80.0
 59 anim=               pos=-1.0000 vis=false mon=false input=1 ready=false combo=0 state=Idle rot=-80.0
 60 anim=               pos=-1.0000 vis=false mon=false input=1 ready=false combo=0 state=Idle rot=-80.0
 61 anim=               pos=-1.0000 vis=false mon=false input=1 ready=false combo=0 state=Idle rot=-80.0
 62 anim=               pos=-1.0000 vis=false mon=false input=1 ready=false combo=0 state=Idle rot=-80.0
 63 anim=               pos=-1.0000 vis=false mon=false input=1 ready=false combo=0 state=Idle rot=-80.0
 64 anim=               pos=-1.0000 vis=false mon=false input=1 ready=false combo=0 state=Idle rot=-80.0
 65 anim=               pos=-1.0000 vis=false mon=false input=1 ready=false combo=0 state=Idle rot=-80.0
 66 anim=               pos=-1.0000 vis=false mon=false input=1 ready=false combo=0 state=Idle rot=-80.0
 67 anim=               pos=-1.0000 vis=false mon=false input=1 ready=false combo=0 state=Idle rot=-80.0
 68 anim=               pos=-1.0000 vis=false mon=false input=1 ready=false combo=0 state=Idle rot=-80.0
 69 anim=               pos=-1.0000 vis=false mon=false input=1 ready=false combo=0 state=Idle rot=-80.0
PHASE combo: tap at frame 20 of each swing
  0 anim=attack_fast    pos=0.0000 vis=true mon=true input=1 ready=false combo=1 state=Attack rot=-80.0
  1 anim=attack_fast    pos=0.0083 vis=true mon=true input=1 ready=false combo=1 state=Attack rot=-59.9
  2 anim=attack_fast    pos=0.0167 vis=true mon=true input=1 ready=false combo=1 state=Attack rot=-41.2
  3 anim=attack_fast    pos=0.0250 vis=true mon=true input=1 ready=false combo=1 state=Attack rot=-24.0
  4 anim=attack_fast    pos=0.0333 vis=true mon=true input=1 ready=false combo=1 state=Attack rot=-8.1
  5 anim=attack_fast    pos=0.0417 vis=true mon=true input=1 ready=false combo=1 state=Attack rot=6.3
  6 anim=attack_fast    pos=0.0500 vis=true mon=true input=1 ready=false combo=1 state=Attack rot=19.4
  7 anim=attack_fast    pos=0.0583 vis=true mon=true input=1 ready=false combo=1 state=Attack rot=31.2
  8 anim=attack_fast    pos=0.0667 vis=true mon=true input=1 ready=false combo=1 state=Attack rot=41.7
  9 anim=attack_fast    pos=0.0750 vis=true mon=true input=1 ready=false combo=1 state=Attack rot=50.9
 10 anim=attack_fast    pos=0.0833 vis=true mon=true input=1 ready=false combo=1 state=Attack rot=58.9
 11 anim=attack_fast    pos=0.0917 vis=true mon=true input=1 ready=false combo=1 state=Attack rot=65.8
 12 anim=attack_fast    pos=0.1000 vis=true mon=true input=1 ready=false combo=1 state=Attack rot=71.5
 13 anim=attack_fast    pos=0.1083 vis=true mon=true input=1 ready=false combo=1 state=Attack rot=76.1
 14 anim=attack_fast    pos=0.1167 vis=true mon=true input=1 ready=false combo=1 state=Attack rot=79.6
 15 anim=attack_fast    pos=0.1250 vis=true mon=true input=1 ready=false combo=1 state=Attack rot=82.2
 16 anim=attack_fast    pos=0.1333 vis=true mon=true input=1 ready=false combo=1 state=Attack rot=83.9
 17 anim=attack_fast    pos=0.1417 vis=true mon=true input=1 ready=false combo=1 state=Attack rot=84.8
 18 anim=attack_fast    pos=0.1500 vis=true mon=false input=1 ready=false combo=1 state=Attack rot=85.0
 19 anim=attack_fast    pos=0.1583 vis=true mon=false input=1 ready=false combo=1 state=Attack rot=83.3
 20 anim=attack_fast    pos=0.1667 vis=true mon=false input=1 ready=false combo=1 state=Attack rot=81.7
 21 anim=attack_fast    pos=0.1750 vis=true mon=false input=2 ready=false combo=1 state=Attack rot=80.0
 22 anim=attack_fast    pos=0.1833 vis=true mon=false input=2 ready=false combo=1 state=Attack rot=78.3
 23 anim=attack_fast    pos=0.1917 vis=true mon=false input=2 ready=false combo=1 state=Attack rot=76.7
 24 anim=attack_fast    pos=0.2000 vis=true mon=false input=2 ready=false combo=1 state=Attack rot=75.0
 25 anim=attack_fast    pos=0.2083 vis=true mon=false input=2 ready=false combo=1 state=Attack rot=75.0
 26 anim=attack_fast    pos=0.2167 vis=true mon=false input=2 ready=false combo=1 state=Attack rot=75.0
 27 anim=attack_fast    pos=0.2250 vis=true mon=false input=2 ready=false combo=1 state=Attack rot=75.0
 28 anim=attack_fast    pos=0.2333 vis=true mon=false input=2 ready=false combo=1 state=Attack rot=75.0
 29 anim=attack_fast    pos=0.2417 vis=true mon=false input=2 ready=false combo=1 state=Attack rot=75.0
 30 anim=attack_fast    pos=0.0000 vis=true mon=false input=1 ready=false combo=2 state=Attack rot=75.0
 31 anim=attack_fast    pos=0.0083 vis=true mon=true input=1 ready=false combo=2 state=Attack rot=-59.9
 32 anim=attack_fast    pos=0.0167 vis=true mon=true input=1 ready=false combo=2 state=Attack rot=-41.2
 33 anim=attack_fast    pos=0.0250 vis=true mon=true input=1 ready=false combo=2 state=Attack rot=-24.0
 34 anim=attack_fast    pos=0.0333 vis=true mon=true input=1 ready=false combo=2 state=Attack rot=-8.1
 35 anim=attack_fast    pos=0.0417 vis=true mon=true input=1 ready=false combo=2 state=Attack rot=6.3
 36 anim=attack_fast    pos=0.0500 vis=true mon=true input=1 ready=false combo=2 state=Attack rot=19.4
 37 anim=attack_fast    pos=0.0583 vis=true mon=true input=1 ready=false combo=2 state=Attack rot=31.2
 38 anim=attack_fast    pos=0.0667 vis=true mon=true input=1 ready=false combo=2 state=Attack rot=41.7
 39 anim=attack_fast    pos=0.0750 vis=true mon=true input=1 ready=false combo=2 state=Attack rot=50.9
 40 anim=attack_fast    pos=0.0833 vis=true mon=true input=1 ready=false combo=2 state=Attack rot=58.9
 41 anim=attack_fast    pos=0.0917 vis=true mon=true input=2 ready=false combo=2 state=Attack rot=65.8
 42 anim=attack_fast    pos=0.1000 vis=true mon=true input=1 ready=false combo=2 state=Attack rot=71.5
 43 anim=attack_fast    pos=0.1083 vis=true mon=true input=1 ready=false combo=2 state=Attack rot=76.1
 44 anim=attack_fast    pos=0.1167 vis=true mon=true input=1 ready=false combo=2 state=Attack rot=79.6
 45 anim=attack_fast    pos=0.1250 vis=true mon=true input=1 ready=false combo=2 state=Attack rot=82.2
 46 anim=attack_fast    pos=0.1333 vis=true mon=true input=1 ready=false combo=2 state=Attack rot=83.9
 47 anim=attack_fast    pos=0.1417 vis=true mon=true input=1 ready=false combo=2 state=Attack rot=84.8
 48 anim=attack_fast    pos=0.1500 vis=true mon=false input=1 ready=false combo=2 state=Attack rot=85.0
 49 anim=attack_fast    pos=0.1583 vis=true mon=false input=1 ready=false combo=2 state=Attack rot=83.3
 50 anim=attack_fast    pos=0.1667 vis=true mon=false input=1 ready=false combo=2 state=Attack rot=81.7
 51 anim=attack_fast    pos=0.1750 vis=true mon=false input=1 ready=false combo=2 state=Attack rot=80.0
 52 anim=attack_fast    pos=0.1833 vis=true mon=false input=1 ready=false combo=2 state=Attack rot=78.3
 53 anim=attack_fast    pos=0.1917 vis=true mon=false input=1 ready=false combo=2 state=Attack rot=76.7
 54 anim=attack_fast    pos=0.2000 vis=true mon=false input=1 ready=false combo=2 state=Attack rot=75.0
 55 anim=attack_fast    pos=0.2083 vis=true mon=false input=1 ready=false combo=2 state=Attack rot=75.0
 56 anim=attack_fast    pos=0.2167 vis=true mon=false input=1 ready=false combo=2 state=Attack rot=75.0
 57 anim=attack_fast    pos=0.2250 vis=true mon=false input=1 ready=false combo=2 state=Attack rot=75.0
 58 anim=attack_fast    pos=0.2333 vis=true mon=false input=1 ready=false combo=2 state=Attack rot=75.0
 59 anim=attack_fast    pos=0.2417 vis=true mon=false input=1 ready=false combo=2 state=Attack rot=75.0
 60 anim=attack_fast    pos=0.2500 vis=true mon=false input=1 ready=true combo=2 state=Attack rot=75.0
 61 anim=attack_fast    pos=0.2583 vis=true mon=false input=1 ready=true combo=2 state=Attack rot=75.0
 62 anim=attack_fast    pos=0.2667 vis=true mon=false input=1 ready=true combo=2 state=Attack rot=75.0
 63 anim=attack_fast    pos=0.2750 vis=true mon=false input=1 ready=true combo=2 state=Attack rot=75.0
 64 anim=attack_fast    pos=0.2833 vis=true mon=false input=1 ready=true combo=2 state=Attack rot=75.0
 65 anim=attack_fast    pos=0.2917 vis=true mon=false input=1 ready=true combo=2 state=Attack rot=75.0
 66 anim=attack_fast    pos=0.3000 vis=true mon=false input=1 ready=true combo=2 state=Attack rot=75.0
 67 anim=attack_fast    pos=0.3083 vis=true mon=false input=1 ready=true combo=2 state=Attack rot=75.0
 68 anim=attack_fast    pos=0.3167 vis=true mon=false input=1 ready=true combo=2 state=Attack rot=75.0
 69 anim=attack_fast    pos=0.3250 vis=true mon=false input=1 ready=true combo=2 state=Attack rot=75.0
 70 anim=attack_fast    pos=0.3333 vis=true mon=false input=1 ready=true combo=2 state=Attack rot=75.0
 71 anim=attack_fast    pos=0.3417 vis=true mon=false input=1 ready=true combo=2 state=Attack rot=75.0
 72 anim=attack_fast    pos=0.3500 vis=true mon=false input=1 ready=true combo=2 state=Attack rot=75.0
 73 anim=attack_fast    pos=0.3583 vis=true mon=false input=1 ready=true combo=2 state=Attack rot=75.0
 74 anim=attack_fast    pos=0.3667 vis=true mon=false input=1 ready=true combo=2 state=Attack rot=75.0
 75 anim=attack_fast    pos=0.3750 vis=true mon=false input=1 ready=true combo=2 state=Attack rot=75.0
 76 anim=attack_fast    pos=0.3833 vis=true mon=false input=1 ready=true combo=2 state=Attack rot=75.0
 77 anim=attack_fast    pos=0.3917 vis=true mon=false input=1 ready=true combo=2 state=Attack rot=75.0
 78 anim=attack_fast    pos=0.4000 vis=true mon=false input=1 ready=true combo=2 state=Attack rot=75.0
 79 anim=attack_fast    pos=0.4083 vis=true mon=false input=1 ready=true combo=2 state=Attack rot=75.0
 80 anim=attack_fast    pos=0.4167 vis=true mon=false input=1 ready=true combo=2 state=Attack rot=75.0
 81 anim=attack_fast    pos=0.4250 vis=true mon=false input=1 ready=true combo=2 state=Attack rot=75.0
 82 anim=attack_fast    pos=0.4333 vis=true mon=false input=1 ready=true combo=2 state=Attack rot=75.0
 83 anim=attack_fast    pos=0.4417 vis=true mon=false input=1 ready=true combo=2 state=Attack rot=75.0
 84 anim=               pos=-1.0000 vis=false mon=false input=1 ready=false combo=0 state=Idle rot=-80.0
 85 anim=               pos=-1.0000 vis=false mon=false input=1 ready=false combo=0 state=Idle rot=-80.0
 86 anim=               pos=-1.0000 vis=false mon=false input=1 ready=false combo=0 state=Idle rot=-80.0
 87 anim=               pos=-1.0000 vis=false mon=false input=1 ready=false combo=0 state=Idle rot=-80.0
 88 anim=               pos=-1.0000 vis=false mon=false input=1 ready=false combo=0 state=Idle rot=-80.0
 89 anim=               pos=-1.0000 vis=false mon=false input=1 ready=false combo=0 state=Idle rot=-80.0
 90 anim=               pos=-1.0000 vis=false mon=false input=1 ready=false combo=0 state=Idle rot=-80.0
 91 anim=               pos=-1.0000 vis=false mon=false input=1 ready=false combo=0 state=Idle rot=-80.0
 92 anim=               pos=-1.0000 vis=false mon=false input=1 ready=false combo=0 state=Idle rot=-80.0
 93 anim=               pos=-1.0000 vis=false mon=false input=1 ready=false combo=0 state=Idle rot=-80.0
 94 anim=               pos=-1.0000 vis=false mon=false input=1 ready=false combo=0 state=Idle rot=-80.0
 95 anim=               pos=-1.0000 vis=false mon=false input=1 ready=false combo=0 state=Idle rot=-80.0
 96 anim=               pos=-1.0000 vis=false mon=false input=1 ready=false combo=0 state=Idle rot=-80.0
 97 anim=               pos=-1.0000 vis=false mon=false input=1 ready=false combo=0 state=Idle rot=-80.0
 98 anim=               pos=-1.0000 vis=false mon=false input=1 ready=false combo=0 state=Idle rot=-80.0
 99 anim=               pos=-1.0000 vis=false mon=false input=1 ready=false combo=0 state=Idle rot=-80.0
100 anim=               pos=-1.0000 vis=false mon=false input=1 ready=false combo=0 state=Idle rot=-80.0
101 anim=               pos=-1.0000 vis=false mon=false input=1 ready=false combo=0 state=Idle rot=-80.0
102 anim=               pos=-1.0000 vis=false mon=false input=1 ready=false combo=0 state=Idle rot=-80.0
103 anim=               pos=-1.0000 vis=false mon=false input=1 ready=false combo=0 state=Idle rot=-80.0
104 anim=               pos=-1.0000 vis=false mon=false input=1 ready=false combo=0 state=Idle rot=-80.0
105 anim=               pos=-1.0000 vis=false mon=false input=1 ready=false combo=0 state=Idle rot=-80.0
106 anim=               pos=-1.0000 vis=false mon=false input=1 ready=false combo=0 state=Idle rot=-80.0
107 anim=               pos=-1.0000 vis=false mon=false input=1 ready=false combo=0 state=Idle rot=-80.0
108 anim=               pos=-1.0000 vis=false mon=false input=1 ready=false combo=0 state=Idle rot=-80.0
109 anim=               pos=-1.0000 vis=false mon=false input=1 ready=false combo=0 state=Idle rot=-80.0
110 anim=               pos=-1.0000 vis=false mon=false input=1 ready=false combo=0 state=Idle rot=-80.0
111 anim=               pos=-1.0000 vis=false mon=false input=1 ready=false combo=0 state=Idle rot=-80.0
112 anim=               pos=-1.0000 vis=false mon=false input=1 ready=false combo=0 state=Idle rot=-80.0
113 anim=               pos=-1.0000 vis=false mon=false input=1 ready=false combo=0 state=Idle rot=-80.0
114 anim=               pos=-1.0000 vis=false mon=false input=1 ready=false combo=0 state=Idle rot=-80.0
115 anim=               pos=-1.0000 vis=false mon=false input=1 ready=false combo=0 state=Idle rot=-80.0
116 anim=               pos=-1.0000 vis=false mon=false input=1 ready=false combo=0 state=Idle rot=-80.0
117 anim=               pos=-1.0000 vis=false mon=false input=1 ready=false combo=0 state=Idle rot=-80.0
118 anim=               pos=-1.0000 vis=false mon=false input=1 ready=false combo=0 state=Idle rot=-80.0
119 anim=               pos=-1.0000 vis=false mon=false input=1 ready=false combo=0 state=Idle rot=-80.0
120 anim=               pos=-1.0000 vis=false mon=false input=1 ready=false combo=0 state=Idle rot=-80.0
121 anim=               pos=-1.0000 vis=false mon=false input=1 ready=false combo=0 state=Idle rot=-80.0
122 anim=               pos=-1.0000 vis=false mon=false input=1 ready=false combo=0 state=Idle rot=-80.0
123 anim=               pos=-1.0000 vis=false mon=false input=1 ready=false combo=0 state=Idle rot=-80.0
124 anim=               pos=-1.0000 vis=false mon=false input=1 ready=false combo=0 state=Idle rot=-80.0
125 anim=               pos=-1.0000 vis=false mon=false input=1 ready=false combo=0 state=Idle rot=-80.0
126 anim=               pos=-1.0000 vis=false mon=false input=1 ready=false combo=0 state=Idle rot=-80.0
127 anim=               pos=-1.0000 vis=false mon=false input=1 ready=false combo=0 state=Idle rot=-80.0
128 anim=               pos=-1.0000 vis=false mon=false input=1 ready=false combo=0 state=Idle rot=-80.0
129 anim=               pos=-1.0000 vis=false mon=false input=1 ready=false combo=0 state=Idle rot=-80.0
130 anim=               pos=-1.0000 vis=false mon=false input=1 ready=false combo=0 state=Idle rot=-80.0
131 anim=               pos=-1.0000 vis=false mon=false input=1 ready=false combo=0 state=Idle rot=-80.0
132 anim=               pos=-1.0000 vis=false mon=false input=1 ready=false combo=0 state=Idle rot=-80.0
133 anim=               pos=-1.0000 vis=false mon=false input=1 ready=false combo=0 state=Idle rot=-80.0
134 anim=               pos=-1.0000 vis=false mon=false input=1 ready=false combo=0 state=Idle rot=-80.0
135 anim=               pos=-1.0000 vis=false mon=false input=1 ready=false combo=0 state=Idle rot=-80.0
136 anim=               pos=-1.0000 vis=false mon=false input=1 ready=false combo=0 state=Idle rot=-80.0
137 anim=               pos=-1.0000 vis=false mon=false input=1 ready=false combo=0 state=Idle rot=-80.0
138 anim=               pos=-1.0000 vis=false mon=false input=1 ready=false combo=0 state=Idle rot=-80.0
139 anim=               pos=-1.0000 vis=false mon=false input=1 ready=false combo=0 state=Idle rot=-80.0
140 anim=               pos=-1.0000 vis=false mon=false input=1 ready=false combo=0 state=Idle rot=-80.0
141 anim=               pos=-1.0000 vis=false mon=false input=1 ready=false combo=0 state=Idle rot=-80.0
142 anim=               pos=-1.0000 vis=false mon=false input=1 ready=false combo=0 state=Idle rot=-80.0
143 anim=               pos=-1.0000 vis=false mon=false input=1 ready=false combo=0 state=Idle rot=-80.0
144 anim=               pos=-1.0000 vis=false mon=false input=1 ready=false combo=0 state=Idle rot=-80.0
145 anim=               pos=-1.0000 vis=false mon=false input=1 ready=false combo=0 state=Idle rot=-80.0
146 anim=               pos=-1.0000 vis=false mon=false input=1 ready=false combo=0 state=Idle rot=-80.0
147 anim=               pos=-1.0000 vis=false mon=false input=1 ready=false combo=0 state=Idle rot=-80.0
148 anim=               pos=-1.0000 vis=false mon=false input=1 ready=false combo=0 state=Idle rot=-80.0
149 anim=               pos=-1.0000 vis=false mon=false input=1 ready=false combo=0 state=Idle rot=-80.0
150 anim=               pos=-1.0000 vis=false mon=false input=1 ready=false combo=0 state=Idle rot=-80.0
151 anim=               pos=-1.0000 vis=false mon=false input=1 ready=false combo=0 state=Idle rot=-80.0
152 anim=               pos=-1.0000 vis=false mon=false input=1 ready=false combo=0 state=Idle rot=-80.0
153 anim=               pos=-1.0000 vis=false mon=false input=1 ready=false combo=0 state=Idle rot=-80.0
154 anim=               pos=-1.0000 vis=false mon=false input=1 ready=false combo=0 state=Idle rot=-80.0
155 anim=               pos=-1.0000 vis=false mon=false input=1 ready=false combo=0 state=Idle rot=-80.0
156 anim=               pos=-1.0000 vis=false mon=false input=1 ready=false combo=0 state=Idle rot=-80.0
157 anim=               pos=-1.0000 vis=false mon=false input=1 ready=false combo=0 state=Idle rot=-80.0
158 anim=               pos=-1.0000 vis=false mon=false input=1 ready=false combo=0 state=Idle rot=-80.0
159 anim=               pos=-1.0000 vis=false mon=false input=1 ready=false combo=0 state=Idle rot=-80.0
160 anim=               pos=-1.0000 vis=false mon=false input=1 ready=false combo=0 state=Idle rot=-80.0
161 anim=               pos=-1.0000 vis=false mon=false input=1 ready=false combo=0 state=Idle rot=-80.0
162 anim=               pos=-1.0000 vis=false mon=false input=1 ready=false combo=0 state=Idle rot=-80.0
163 anim=               pos=-1.0000 vis=false mon=false input=1 ready=false combo=0 state=Idle rot=-80.0
164 anim=               pos=-1.0000 vis=false mon=false input=1 ready=false combo=0 state=Idle rot=-80.0
165 anim=               pos=-1.0000 vis=false mon=false input=1 ready=false combo=0 state=Idle rot=-80.0
166 anim=               pos=-1.0000 vis=false mon=false input=1 ready=false combo=0 state=Idle rot=-80.0
167 anim=               pos=-1.0000 vis=false mon=false input=1 ready=false combo=0 state=Idle rot=-80.0
168 anim=               pos=-1.0000 vis=false mon=false input=1 ready=false combo=0 state=Idle rot=-80.0
169 anim=               pos=-1.0000 vis=false mon=false input=1 ready=false combo=0 state=Idle rot=-80.0
170 anim=               pos=-1.0000 vis=false mon=false input=1 ready=false combo=0 state=Idle rot=-80.0
171 anim=               pos=-1.0000 vis=false mon=false input=1 ready=false combo=0 state=Idle rot=-80.0
172 anim=               pos=-1.0000 vis=false mon=false input=1 ready=false combo=0 state=Idle rot=-80.0
173 anim=               pos=-1.0000 vis=false mon=false input=1 ready=false combo=0 state=Idle rot=-80.0
174 anim=               pos=-1.0000 vis=false mon=false input=1 ready=false combo=0 state=Idle rot=-80.0
175 anim=               pos=-1.0000 vis=false mon=false input=1 ready=false combo=0 state=Idle rot=-80.0
176 anim=               pos=-1.0000 vis=false mon=false input=1 ready=false combo=0 state=Idle rot=-80.0
177 anim=               pos=-1.0000 vis=false mon=false input=1 ready=false combo=0 state=Idle rot=-80.0
178 anim=               pos=-1.0000 vis=false mon=false input=1 ready=false combo=0 state=Idle rot=-80.0
179 anim=               pos=-1.0000 vis=false mon=false input=1 ready=false combo=0 state=Idle rot=-80.0
180 anim=               pos=-1.0000 vis=false mon=false input=1 ready=false combo=0 state=Idle rot=-80.0
181 anim=               pos=-1.0000 vis=false mon=false input=1 ready=false combo=0 state=Idle rot=-80.0
182 anim=               pos=-1.0000 vis=false mon=false input=1 ready=false combo=0 state=Idle rot=-80.0
183 anim=               pos=-1.0000 vis=false mon=false input=1 ready=false combo=0 state=Idle rot=-80.0
184 anim=               pos=-1.0000 vis=false mon=false input=1 ready=false combo=0 state=Idle rot=-80.0
185 anim=               pos=-1.0000 vis=false mon=false input=1 ready=false combo=0 state=Idle rot=-80.0
186 anim=               pos=-1.0000 vis=false mon=false input=1 ready=false combo=0 state=Idle rot=-80.0
187 anim=               pos=-1.0000 vis=false mon=false input=1 ready=false combo=0 state=Idle rot=-80.0
188 anim=               pos=-1.0000 vis=false mon=false input=1 ready=false combo=0 state=Idle rot=-80.0
189 anim=               pos=-1.0000 vis=false mon=false input=1 ready=false combo=0 state=Idle rot=-80.0
190 anim=               pos=-1.0000 vis=false mon=false input=1 ready=false combo=0 state=Idle rot=-80.0
191 anim=               pos=-1.0000 vis=false mon=false input=1 ready=false combo=0 state=Idle rot=-80.0
192 anim=               pos=-1.0000 vis=false mon=false input=1 ready=false combo=0 state=Idle rot=-80.0
193 anim=               pos=-1.0000 vis=false mon=false input=1 ready=false combo=0 state=Idle rot=-80.0
194 anim=               pos=-1.0000 vis=false mon=false input=1 ready=false combo=0 state=Idle rot=-80.0
195 anim=               pos=-1.0000 vis=false mon=false input=1 ready=false combo=0 state=Idle rot=-80.0
196 anim=               pos=-1.0000 vis=false mon=false input=1 ready=false combo=0 state=Idle rot=-80.0
197 anim=               pos=-1.0000 vis=false mon=false input=1 ready=false combo=0 state=Idle rot=-80.0
198 anim=               pos=-1.0000 vis=false mon=false input=1 ready=false combo=0 state=Idle rot=-80.0
199 anim=               pos=-1.0000 vis=false mon=false input=1 ready=false combo=0 state=Idle rot=-80.0
