Godot Engine v4.7.2.stable.official.ed1daf0bf - https://godotengine.org

TIMING
PASS single: hitbox turns on at frame 1 (actual 1)
PASS single: hitbox turns off at frame 19 (actual 19)
FAIL single: combo buffer opens at frame 13 (actual 16)
PASS single: ready_for_next_attack at frame 31 (actual 31)
FAIL single: player returns to Idle at frame 55 (actual 60)
PASS combo: exactly three swing starts were observed (actual 3)
PASS combo: swing 1 starts frame=1 animation=attack_fast position=0.000000 rotation=-79.999992
FAIL combo: swing 1 rotation travel is 174.999985 degrees (actual 174.981415)
FAIL combo: swing 2 starts frame=31 animation=attack_fast position=0.000000 rotation=74.999992
FAIL combo: swing 2 rotation travel is 289.749779 degrees (actual 298.095718)
FAIL combo: swing 3 starts frame=61 animation=attack_medium position=0.000000 rotation=95.000000
FAIL combo: swing 3 rotation travel is 195.000000 degrees (actual 194.994644)
PASS early: tap five frames into swing chains = false
INVARIANT
PASS hitbox is never on outside Attack
PASS in Idle the sword is hidden and not monitoring
PASS every combo swing has at least one hitbox-on frame
PASS swing 3 plays attack_medium with damage 3
PASS a fourth tap does not start a fourth swing
PASS whole combo is one push and one pop of Attack
PASS next attack after combo starts at combo 1
RESULT 20 checks; 7 failures
