== realtime
on_floor_before_still_jump=true
still_jump rise_px=39.2 rise_tiles=2.45 air_frames=97
running_jump takeoff_vx=200.0 range_px=163.3 range_tiles=10.21 air_frames=97 landed_same_height=true
JUMP_RISE_PIXELS 39.2
JUMP_RISE_TILES  2.45
JUMP_HORIZ_PIXELS 128.3
JUMP_HORIZ_TILES  8.02
== fixed60
on_floor_before_still_jump=true
still_jump rise_px=39.2 rise_tiles=2.45 air_frames=97
running_jump takeoff_vx=200.0 range_px=163.3 range_tiles=10.21 air_frames=97 landed_same_height=true
JUMP_RISE_PIXELS 39.2
JUMP_RISE_TILES  2.45
JUMP_HORIZ_PIXELS 128.3
JUMP_HORIZ_TILES  8.02
takeoff x=185.8 vx=200.0
landing x=314.2 y=456.8 floor_y=456.8 frames_touching_wall=0 cell_right_of_landing=-1
takeoff x=185.8 vx=200.0
ceiling contact at x=240.8 frame=31
landing x=314.2 y=456.8 floor_y=456.8 frames_touching_wall=0 cell_right_of_landing=-1
FAIL_REASONS { "gap": 69, "step": 72, "no landing": 16, "other": 0 }
