Godot Engine v4.7.2.stable.official.ed1daf0bf - https://godotengine.org

[   0% ] [90m[1mfirst_scan_filesystem[22m | Started Project initialization (5 steps)[39m[0m
[   0% ] [90m[1mfirst_scan_filesystem[22m | Scanning file structure...[39m[0m
[  16% ] [90m[1mfirst_scan_filesystem[22m | Loading global class names...[39m[0m
[  33% ] [90m[1mfirst_scan_filesystem[22m | Verifying GDExtensions...[39m[0m
[  50% ] [90m[1mfirst_scan_filesystem[22m | Creating autoload scripts...[39m[0m
[  66% ] [90m[1mfirst_scan_filesystem[22m | Initializing plugins...[39m[0m
[  83% ] [90m[1mfirst_scan_filesystem[22m | Starting file scan...[39m[0m
[92m[ DONE ][39m [1mfirst_scan_filesystem[22m
[0m
[   0% ] [90m[1mupdate_scripts_classes[22m | Started Registering global classes... (8 steps)[39m[0m
[   0% ] [90m[1mupdate_scripts_classes[22m | [39m[0m
[  11% ] [90m[1mupdate_scripts_classes[22m | [39m[0m
[  22% ] [90m[1mupdate_scripts_classes[22m | Bullet[39m[0m
[  33% ] [90m[1mupdate_scripts_classes[22m | [39m[0m
[  44% ] [90m[1mupdate_scripts_classes[22m | Player[39m[0m
[  55% ] [90m[1mupdate_scripts_classes[22m | [39m[0m
[  66% ] [90m[1mupdate_scripts_classes[22m | VirtualJoystickAddon[39m[0m
[  77% ] [90m[1mupdate_scripts_classes[22m | [39m[0m
[92m[ DONE ][39m [1mupdate_scripts_classes[22m
[0m
[   0% ] [90m[1m_update_scan_actions[22m | Started Scanning actions... (40 steps)[39m[0m
[   0% ] [90m[1m_update_scan_actions[22m | sound_coin.wav[39m[0m
[   2% ] [90m[1m_update_scan_actions[22m | enemy.glb[39m[0m
[   4% ] [90m[1m_update_scan_actions[22m | robot_walk.wav[39m[0m
[   7% ] [90m[1m_update_scan_actions[22m | sound_explode.wav[39m[0m
[   9% ] [90m[1m_update_scan_actions[22m | sound_hit.wav[39m[0m
[  12% ] [90m[1m_update_scan_actions[22m | osb_down.webp[39m[0m
[  14% ] [90m[1m_update_scan_actions[22m | osb_fire.webp[39m[0m
[  17% ] [90m[1m_update_scan_actions[22m | osb_jump.webp[39m[0m
[  19% ] [90m[1m_update_scan_actions[22m | osb_left.webp[39m[0m
[  21% ] [90m[1m_update_scan_actions[22m | osb_right.webp[39m[0m
[  24% ] [90m[1m_update_scan_actions[22m | osb_up.webp[39m[0m
[  26% ] [90m[1m_update_scan_actions[22m | player.glb[39m[0m
[  29% ] [90m[1m_update_scan_actions[22m | sound_jump.wav[39m[0m
[  31% ] [90m[1m_update_scan_actions[22m | sound_shoot.wav[39m[0m
[  34% ] [90m[1m_update_scan_actions[22m | ceiling.webp[39m[0m
[  36% ] [90m[1m_update_scan_actions[22m | ceiling_corner.webp[39m[0m
[  39% ] [90m[1m_update_scan_actions[22m | ceiling_wall.webp[39m[0m
[  41% ] [90m[1m_update_scan_actions[22m | corner.webp[39m[0m
[  43% ] [90m[1m_update_scan_actions[22m | corner_fix.webp[39m[0m
[  46% ] [90m[1m_update_scan_actions[22m | corner_fixr.webp[39m[0m
[  48% ] [90m[1m_update_scan_actions[22m | corner_floor.webp[39m[0m
[  51% ] [90m[1m_update_scan_actions[22m | floor.webp[39m[0m
[  53% ] [90m[1m_update_scan_actions[22m | floor_corner.webp[39m[0m
[  56% ] [90m[1m_update_scan_actions[22m | floor_edge.webp[39m[0m
[  58% ] [90m[1m_update_scan_actions[22m | ramp.webp[39m[0m
[  60% ] [90m[1m_update_scan_actions[22m | tree_top.webp[39m[0m
[  63% ] [90m[1m_update_scan_actions[22m | trunk.webp[39m[0m
[  65% ] [90m[1m_update_scan_actions[22m | trunk_deco.webp[39m[0m
[  68% ] [90m[1m_update_scan_actions[22m | trunk_floor.webp[39m[0m
[  70% ] [90m[1m_update_scan_actions[22m | wall.webp[39m[0m
[  73% ] [90m[1m_update_scan_actions[22m | wall_floor.webp[39m[0m
[  75% ] [90m[1m_update_scan_actions[22m | wall_var.webp[39m[0m
[  78% ] [90m[1m_update_scan_actions[22m | skybox.webp[39m[0m
[  80% ] [90m[1m_update_scan_actions[22m | tiles_albedo.webp[39m[0m
[  82% ] [90m[1m_update_scan_actions[22m | tiles_rough.webp[39m[0m
[  85% ] [90m[1m_update_scan_actions[22m | joystick_base_outline.png[39m[0m
[  87% ] [90m[1m_update_scan_actions[22m | joystick_tip.png[39m[0m
[  90% ] [90m[1m_update_scan_actions[22m | joystick_tip_arrows.png[39m[0m
[  92% ] [90m[1m_update_scan_actions[22m | icon.webp[39m[0m
[  95% ] [90m[1m_update_scan_actions[22m | particle.webp[39m[0m
[92m[ DONE ][39m [1m_update_scan_actions[22m
[0m
[   0% ] [90m[1mreimport[22m | Started (Re)Importing Assets (40 steps)[39m[0m
[   0% ] [90m[1mreimport[22m | Preparing files to reimport...[39m[0m
[   2% ] [90m[1mreimport[22m | Preparing files to reimport...[39m[0m
[   4% ] [90m[1mreimport[22m | Preparing files to reimport...[39m[0m
[   7% ] [90m[1mreimport[22m | Preparing files to reimport...[39m[0m
[   9% ] [90m[1mreimport[22m | Preparing files to reimport...[39m[0m
[  12% ] [90m[1mreimport[22m | Preparing files to reimport...[39m[0m
[  14% ] [90m[1mreimport[22m | Preparing files to reimport...[39m[0m
[  17% ] [90m[1mreimport[22m | Preparing files to reimport...[39m[0m
[  19% ] [90m[1mreimport[22m | Preparing files to reimport...[39m[0m
[  21% ] [90m[1mreimport[22m | Preparing files to reimport...[39m[0m
[  24% ] [90m[1mreimport[22m | Preparing files to reimport...[39m[0m
[  26% ] [90m[1mreimport[22m | Preparing files to reimport...[39m[0m
[  29% ] [90m[1mreimport[22m | Preparing files to reimport...[39m[0m
[  31% ] [90m[1mreimport[22m | Preparing files to reimport...[39m[0m
[  34% ] [90m[1mreimport[22m | Preparing files to reimport...[39m[0m
[  36% ] [90m[1mreimport[22m | Preparing files to reimport...[39m[0m
[  39% ] [90m[1mreimport[22m | Preparing files to reimport...[39m[0m
[  41% ] [90m[1mreimport[22m | Preparing files to reimport...[39m[0m
[  43% ] [90m[1mreimport[22m | Preparing files to reimport...[39m[0m
[  46% ] [90m[1mreimport[22m | Preparing files to reimport...[39m[0m
[  48% ] [90m[1mreimport[22m | Preparing files to reimport...[39m[0m
[  51% ] [90m[1mreimport[22m | Preparing files to reimport...[39m[0m
[  53% ] [90m[1mreimport[22m | Preparing files to reimport...[39m[0m
[  56% ] [90m[1mreimport[22m | Preparing files to reimport...[39m[0m
[  58% ] [90m[1mreimport[22m | Preparing files to reimport...[39m[0m
[  60% ] [90m[1mreimport[22m | Preparing files to reimport...[39m[0m
[  63% ] [90m[1mreimport[22m | Preparing files to reimport...[39m[0m
[  65% ] [90m[1mreimport[22m | Preparing files to reimport...[39m[0m
[  68% ] [90m[1mreimport[22m | Preparing files to reimport...[39m[0m
[  70% ] [90m[1mreimport[22m | Preparing files to reimport...[39m[0m
[  73% ] [90m[1mreimport[22m | Preparing files to reimport...[39m[0m
[  75% ] [90m[1mreimport[22m | Preparing files to reimport...[39m[0m
[  78% ] [90m[1mreimport[22m | Preparing files to reimport...[39m[0m
[  80% ] [90m[1mreimport[22m | Preparing files to reimport...[39m[0m
[  82% ] [90m[1mreimport[22m | Preparing files to reimport...[39m[0m
[  85% ] [90m[1mreimport[22m | Preparing files to reimport...[39m[0m
[  87% ] [90m[1mreimport[22m | Preparing files to reimport...[39m[0m
[  90% ] [90m[1mreimport[22m | Preparing files to reimport...[39m[0m
[  92% ] [90m[1mreimport[22m | Preparing files to reimport...[39m[0m
[  95% ] [90m[1mreimport[22m | Preparing files to reimport...[39m[0m
[   0% ] [90m[1mreimport[22m | Executing pre-reimport operations...[39m[0m
[   0% ] [90m[1mpreload_reimporting_scene[22m | Started Preparing scenes for reload (1 steps)[39m[0m
[   0% ] [90m[1mpreload_reimporting_scene[22m | Analyzing scene [empty][39m[0m
[  50% ] [90m[1mpreload_reimporting_scene[22m | Preparation done.[39m[0m
[92m[ DONE ][39m [1mpreload_reimporting_scene[22m
[0m
[   0% ] [90m[1mreimport[22m | skybox.webp[39m[0m
[   2% ] [90m[1mreimport[22m | skybox.webp[39m[0m
[   4% ] [90m[1mreimport[22m | corner_floor.webp[39m[0m
[   7% ] [90m[1mreimport[22m | floor.webp[39m[0m
[   9% ] [90m[1mreimport[22m | floor_corner.webp[39m[0m
[  12% ] [90m[1mreimport[22m | floor_edge.webp[39m[0m
[  14% ] [90m[1mreimport[22m | ramp.webp[39m[0m
[  17% ] [90m[1mreimport[22m | tree_top.webp[39m[0m
[  19% ] [90m[1mreimport[22m | trunk.webp[39m[0m
[  21% ] [90m[1mreimport[22m | trunk_deco.webp[39m[0m
[  24% ] [90m[1mreimport[22m | trunk_floor.webp[39m[0m
[  26% ] [90m[1mreimport[22m | wall.webp[39m[0m
[  29% ] [90m[1mreimport[22m | wall_floor.webp[39m[0m
[  31% ] [90m[1mreimport[22m | wall_var.webp[39m[0m
[  34% ] [90m[1mreimport[22m | tiles_albedo.webp[39m[0m
[  36% ] [90m[1mreimport[22m | tiles_rough.webp[39m[0m
[  39% ] [90m[1mreimport[22m | joystick_base_outline.png[39m[0m
[  41% ] [90m[1mreimport[22m | joystick_tip.png[39m[0m
[  43% ] [90m[1mreimport[22m | joystick_tip_arrows.png[39m[0m
[  46% ] [90m[1mreimport[22m | icon.webp[39m[0m
[  48% ] [90m[1mreimport[22m | particle.webp[39m[0m
[  51% ] [90m[1mreimport[22m | osb_down.webp[39m[0m
[  53% ] [90m[1mreimport[22m | osb_fire.webp[39m[0m
[  56% ] [90m[1mreimport[22m | osb_jump.webp[39m[0m
[  58% ] [90m[1mreimport[22m | osb_left.webp[39m[0m
[  60% ] [90m[1mreimport[22m | osb_right.webp[39m[0m
[  63% ] [90m[1mreimport[22m | osb_up.webp[39m[0m
[  65% ] [90m[1mreimport[22m | ceiling.webp[39m[0m
[  68% ] [90m[1mreimport[22m | ceiling_corner.webp[39m[0m
[  70% ] [90m[1mreimport[22m | ceiling_wall.webp[39m[0m
[  73% ] [90m[1mreimport[22m | corner.webp[39m[0m
[  75% ] [90m[1mreimport[22m | corner_fix.webp[39m[0m
[  78% ] [90m[1mreimport[22m | skybox.webp[39m[0m
[  80% ] [90m[1mreimport[22m | corner_floor.webp[39m[0m
[  82% ] [90m[1mreimport[22m | floor.webp[39m[0m
[  85% ] [90m[1mreimport[22m | floor_corner.webp[39m[0m
[  87% ] [90m[1mreimport[22m | floor_edge.webp[39m[0m
[  90% ] [90m[1mreimport[22m | ramp.webp[39m[0m
[  92% ] [90m[1mreimport[22m | player.glb[39m[0m
[   0% ] [90m[1mimport[22m | Started Import Scene (104 steps)[39m[0m
[   0% ] [90m[1mimport[22m | Importing Scene...[39m[0m
[   1% ] [90m[1mimport[22m | Running Custom Script...[39m[0m
[  99% ] [90m[1mimport[22m | Saving...[39m[0m
[92m[ DONE ][39m [1mimport[22m
[0m
[  95% ] [90m[1mreimport[22m | enemy.glb[39m[0m
[   0% ] [90m[1mimport[22m | Started Import Scene (104 steps)[39m[0m
[   0% ] [90m[1mimport[22m | Importing Scene...[39m[0m
[   1% ] [90m[1mimport[22m | Running Custom Script...[39m[0m
[  99% ] [90m[1mimport[22m | Saving...[39m[0m
[92m[ DONE ][39m [1mimport[22m
[0m
[  97% ] [90m[1mreimport[22m | Finalizing Asset Import...[39m[0m
[92m[ DONE ][39m [1mreimport[22m
[0m
[   0% ] [90m[1mreimport[22m | Started (Re)Importing Assets (40 steps)[39m[0m
[   0% ] [90m[1mreimport[22m | Executing post-reimport operations...[39m[0m
[92m[ DONE ][39m [1mreimport[22m
[0m
[   0% ] [90m[1mloading_editor_layout[22m | Started Loading editor (5 steps)[39m[0m
[   0% ] [90m[1mloading_editor_layout[22m | Loading editor layout...[39m[0m
[  16% ] [90m[1mloading_editor_layout[22m | Loading docks...[39m[0m
[92m[ DONE ][39m [1mloading_editor_layout[22m
[0m
godot --headless --path godot --import  1.97s user 0.43s system 54% cpu 4.425 total
