Godot Engine v4.7.2.stable.official.ed1daf0bf - https://godotengine.org

[   0% ] first_scan_filesystem | Started Project initialization (5 steps)
[   0% ] first_scan_filesystem | Scanning file structure...
[  16% ] first_scan_filesystem | Loading global class names...
[  33% ] first_scan_filesystem | Verifying GDExtensions...
[  50% ] first_scan_filesystem | Creating autoload scripts...
[  66% ] first_scan_filesystem | Initializing plugins...
[  83% ] first_scan_filesystem | Starting file scan...
[ DONE ] first_scan_filesystem

[   0% ] update_scripts_classes | Started Registering global classes... (8 steps)
[   0% ] update_scripts_classes | 
[  11% ] update_scripts_classes | 
[  22% ] update_scripts_classes | Bullet
[  33% ] update_scripts_classes | 
[  44% ] update_scripts_classes | Player
[  55% ] update_scripts_classes | 
[  66% ] update_scripts_classes | VirtualJoystickAddon
[  77% ] update_scripts_classes | 
[ DONE ] update_scripts_classes

[   0% ] _update_scan_actions | Started Scanning actions... (40 steps)
[   0% ] _update_scan_actions | sound_coin.wav
[   2% ] _update_scan_actions | enemy.glb
[   4% ] _update_scan_actions | robot_walk.wav
[   7% ] _update_scan_actions | sound_explode.wav
[   9% ] _update_scan_actions | sound_hit.wav
[  12% ] _update_scan_actions | osb_down.webp
[  14% ] _update_scan_actions | osb_fire.webp
[  17% ] _update_scan_actions | osb_jump.webp
[  19% ] _update_scan_actions | osb_left.webp
[  21% ] _update_scan_actions | osb_right.webp
[  24% ] _update_scan_actions | osb_up.webp
[  26% ] _update_scan_actions | player.glb
[  29% ] _update_scan_actions | sound_jump.wav
[  31% ] _update_scan_actions | sound_shoot.wav
[  34% ] _update_scan_actions | ceiling.webp
[  36% ] _update_scan_actions | ceiling_corner.webp
[  39% ] _update_scan_actions | ceiling_wall.webp
[  41% ] _update_scan_actions | corner.webp
[  43% ] _update_scan_actions | corner_fix.webp
[  46% ] _update_scan_actions | corner_fixr.webp
[  48% ] _update_scan_actions | corner_floor.webp
[  51% ] _update_scan_actions | floor.webp
[  53% ] _update_scan_actions | floor_corner.webp
[  56% ] _update_scan_actions | floor_edge.webp
[  58% ] _update_scan_actions | ramp.webp
[  60% ] _update_scan_actions | tree_top.webp
[  63% ] _update_scan_actions | trunk.webp
[  65% ] _update_scan_actions | trunk_deco.webp
[  68% ] _update_scan_actions | trunk_floor.webp
[  70% ] _update_scan_actions | wall.webp
[  73% ] _update_scan_actions | wall_floor.webp
[  75% ] _update_scan_actions | wall_var.webp
[  78% ] _update_scan_actions | skybox.webp
[  80% ] _update_scan_actions | tiles_albedo.webp
[  82% ] _update_scan_actions | tiles_rough.webp
[  85% ] _update_scan_actions | joystick_base_outline.png
[  87% ] _update_scan_actions | joystick_tip.png
[  90% ] _update_scan_actions | joystick_tip_arrows.png
[  92% ] _update_scan_actions | icon.webp
[  95% ] _update_scan_actions | particle.webp
[ DONE ] _update_scan_actions

[   0% ] reimport | Started (Re)Importing Assets (40 steps)
[   0% ] reimport | Preparing files to reimport...
[   2% ] reimport | Preparing files to reimport...
[   4% ] reimport | Preparing files to reimport...
[   7% ] reimport | Preparing files to reimport...
[   9% ] reimport | Preparing files to reimport...
[  12% ] reimport | Preparing files to reimport...
[  14% ] reimport | Preparing files to reimport...
[  17% ] reimport | Preparing files to reimport...
[  19% ] reimport | Preparing files to reimport...
[  21% ] reimport | Preparing files to reimport...
[  24% ] reimport | Preparing files to reimport...
[  26% ] reimport | Preparing files to reimport...
[  29% ] reimport | Preparing files to reimport...
[  31% ] reimport | Preparing files to reimport...
[  34% ] reimport | Preparing files to reimport...
[  36% ] reimport | Preparing files to reimport...
[  39% ] reimport | Preparing files to reimport...
[  41% ] reimport | Preparing files to reimport...
[  43% ] reimport | Preparing files to reimport...
[  46% ] reimport | Preparing files to reimport...
[  48% ] reimport | Preparing files to reimport...
[  51% ] reimport | Preparing files to reimport...
[  53% ] reimport | Preparing files to reimport...
[  56% ] reimport | Preparing files to reimport...
[  58% ] reimport | Preparing files to reimport...
[  60% ] reimport | Preparing files to reimport...
[  63% ] reimport | Preparing files to reimport...
[  65% ] reimport | Preparing files to reimport...
[  68% ] reimport | Preparing files to reimport...
[  70% ] reimport | Preparing files to reimport...
[  73% ] reimport | Preparing files to reimport...
[  75% ] reimport | Preparing files to reimport...
[  78% ] reimport | Preparing files to reimport...
[  80% ] reimport | Preparing files to reimport...
[  82% ] reimport | Preparing files to reimport...
[  85% ] reimport | Preparing files to reimport...
[  87% ] reimport | Preparing files to reimport...
[  90% ] reimport | Preparing files to reimport...
[  92% ] reimport | Preparing files to reimport...
[  95% ] reimport | Preparing files to reimport...
[   0% ] reimport | Executing pre-reimport operations...
[   0% ] preload_reimporting_scene | Started Preparing scenes for reload (1 steps)
[   0% ] preload_reimporting_scene | Analyzing scene [empty]
[  50% ] preload_reimporting_scene | Preparation done.
[ DONE ] preload_reimporting_scene

[   0% ] reimport | skybox.webp
[   2% ] reimport | skybox.webp
[   4% ] reimport | corner_floor.webp
[   7% ] reimport | floor.webp
[   9% ] reimport | floor_corner.webp
[  12% ] reimport | floor_edge.webp
[  14% ] reimport | ramp.webp
[  17% ] reimport | tree_top.webp
[  19% ] reimport | trunk.webp
[  21% ] reimport | trunk_deco.webp
[  24% ] reimport | trunk_floor.webp
[  26% ] reimport | wall.webp
[  29% ] reimport | wall_floor.webp
[  31% ] reimport | wall_var.webp
[  34% ] reimport | tiles_albedo.webp
[  36% ] reimport | tiles_rough.webp
[  39% ] reimport | joystick_base_outline.png
[  41% ] reimport | joystick_tip.png
[  43% ] reimport | joystick_tip_arrows.png
[  46% ] reimport | icon.webp
[  48% ] reimport | particle.webp
[  51% ] reimport | osb_down.webp
[  53% ] reimport | osb_fire.webp
[  56% ] reimport | osb_jump.webp
[  58% ] reimport | osb_left.webp
[  60% ] reimport | osb_right.webp
[  63% ] reimport | osb_up.webp
[  65% ] reimport | ceiling.webp
[  68% ] reimport | ceiling_corner.webp
[  70% ] reimport | ceiling_wall.webp
[  73% ] reimport | corner.webp
[  75% ] reimport | corner_fix.webp
[  78% ] reimport | skybox.webp
[  80% ] reimport | corner_floor.webp
[  82% ] reimport | floor.webp
[  85% ] reimport | floor_corner.webp
[  87% ] reimport | floor_edge.webp
[  90% ] reimport | ramp.webp
[  92% ] reimport | player.glb
[   0% ] import | Started Import Scene (104 steps)
[   0% ] import | Importing Scene...
[   1% ] import | Running Custom Script...
[  99% ] import | Saving...
[ DONE ] import

[  95% ] reimport | enemy.glb
[   0% ] import | Started Import Scene (104 steps)
[   0% ] import | Importing Scene...
[   1% ] import | Running Custom Script...
[  99% ] import | Saving...
[ DONE ] import

[  97% ] reimport | Finalizing Asset Import...
[ DONE ] reimport

[   0% ] reimport | Started (Re)Importing Assets (40 steps)
[   0% ] reimport | Executing post-reimport operations...
[ DONE ] reimport

[   0% ] loading_editor_layout | Started Loading editor (5 steps)
[   0% ] loading_editor_layout | Loading editor layout...
[  16% ] loading_editor_layout | Loading docks...
[ DONE ] loading_editor_layout

godot --headless --path godot --import  1.81s user 0.34s system 79% cpu 2.713 total
