<scratch>/walker-3d-platformer-asset/tools/blender/build_checkpoint_post.py:85: DeprecationWarning: 'Material.use_nodes' is expected to be removed in Blender 6.0
  mat.use_nodes = True

=== Checkpoint Post Objects ===
  Base                            dims=(0.6000, 0.6000, 0.1000)  scale=(1.000, 1.000, 1.000)  materials=['PostMetal']
  Collision-convcolonly           dims=(0.6000, 0.6000, 1.8000)  scale=(1.000, 1.000, 1.000)  materials=[]
  Pennant                         dims=(0.4000, 0.0000, 0.2500)  scale=(1.000, 1.000, 1.000)  materials=['FlagCloth']
  Pole                            dims=(0.1600, 0.1600, 1.7000)  scale=(1.000, 1.000, 1.000)  materials=['PostMetal']

Exporting to: <scratch>/walker-3d-platformer-asset/godot/props/checkpoint_post.glb
INFO Draco mesh compression is available, use library at /Applications/Blender.app/Contents/Resources/5.1/scripts/addons_core/io_scene_gltf2/libextern_draco.dylib
14:28:00 | INFO: Starting glTF 2.0 export
14:28:00 | INFO: Extracting primitive: Base
14:28:00 | INFO: Primitives created: 1
14:28:00 | INFO: Extracting primitive: Pole
14:28:00 | INFO: Primitives created: 1
14:28:00 | INFO: Extracting primitive: Pennant
14:28:00 | INFO: Primitives created: 1
14:28:00 | INFO: Extracting primitive: Collision-convcolonly
14:28:00 | INFO: Primitives created: 1
14:28:00 | INFO: Finished glTF 2.0 export in 0.009251117706298828 s

Done.

Blender 5.1.2 (hash ec6e62d40fa9 built 2026-05-19 01:30:33)

Blender quit
