Godot Engine v4.7.2.stable.official.ed1daf0bf - https://godotengine.org

PASS start is (0,0)
PASS border stays put with step cost
PASS first pit terminates with -1
PASS second pit terminates with -1
PASS goal terminates with +1
PASS episode continues through step 49
PASS step 50 truncates episode
PASS Q update bootstraps nonterminal transitions
PASS Q update excludes terminal bootstrap
seed=7
episode,mean_return,success_rate,epsilon
25,-0.905600,0.08,0.954309
50,-0.990400,0.04,0.906713
75,-0.940400,0.08,0.859118
100,-0.897200,0.12,0.811523
125,-0.461200,0.32,0.763928
150,-0.106400,0.52,0.716333
175,-0.170400,0.48,0.668737
200,-0.514400,0.28,0.621142
225,-0.156400,0.48,0.573547
250,-0.438000,0.32,0.525952
275,0.422800,0.76,0.478357
300,-0.212000,0.44,0.430762
325,-0.036400,0.52,0.383166
350,0.498000,0.80,0.335571
375,0.437200,0.76,0.287976
400,0.521200,0.80,0.240381
425,0.521200,0.80,0.192786
450,0.758400,0.92,0.145190
475,0.838800,0.96,0.097595
500,0.850000,0.96,0.050000
first_perfect_rolling_window_end=-1 first_perfect_reported_window_end=-1
PASS epsilon reaches 0.05
greedy_path=(0, 0) -> (0, 1) -> (0, 2) -> (1, 2) -> (1, 3) -> (1, 4) -> (2, 4) -> (3, 4) -> (4, 4)
PASS greedy policy reaches goal
PASS greedy policy avoids pits
PASS greedy policy takes minimum 8 steps (Manhattan lower bound)
Greedy arrows: rows y=0..4, columns x=0..4; terminal cells show unused tie-break action
↓ ← ↓ ↓ ↓
↓ ↑ ↓ → ↓
→ ↓ ↓ ↑ ↓
↓ ↓ ↓ ↓ ↓
→ → → → ↑
PASS finished within 60 seconds
PASS Q-learning: 0 failures
