Godot Engine v4.7.2.stable.official.ed1daf0bf - https://godotengine.org

GPUParticles2D: process_material=true, sub_emitter=true, trail_enabled=true, collision_base_size=true, turbulence_enabled=false, emission_shape=false, fixed_fps=true, interpolate=true, fract_delta=true, preprocess=true, explosiveness=true, randomness=true, local_coords=true, draw_order=true, amount_ratio=true, visibility_rect=true, visibility_aabb=false, use_fixed_seed=true, seed=true
CPUParticles2D: process_material=false, sub_emitter=false, trail_enabled=false, collision_base_size=false, turbulence_enabled=false, emission_shape=true, fixed_fps=true, interpolate=false, fract_delta=true, preprocess=true, explosiveness=true, randomness=true, local_coords=true, draw_order=true, amount_ratio=false, visibility_rect=false, visibility_aabb=false, use_fixed_seed=true, seed=true
GPUParticles3D: process_material=true, sub_emitter=true, trail_enabled=true, collision_base_size=true, turbulence_enabled=false, emission_shape=false, fixed_fps=true, interpolate=true, fract_delta=true, preprocess=true, explosiveness=true, randomness=true, local_coords=true, draw_order=true, amount_ratio=true, visibility_rect=false, visibility_aabb=true, use_fixed_seed=true, seed=true
CPUParticles3D: process_material=false, sub_emitter=false, trail_enabled=false, collision_base_size=false, turbulence_enabled=false, emission_shape=true, fixed_fps=true, interpolate=false, fract_delta=true, preprocess=true, explosiveness=true, randomness=true, local_coords=true, draw_order=true, amount_ratio=false, visibility_rect=false, visibility_aabb=true, use_fixed_seed=true, seed=true
ParticleProcessMaterial.sub_emitter_mode=true
ParticleProcessMaterial.sub_emitter_frequency=true
ParticleProcessMaterial.sub_emitter_amount_at_end=true
ParticleProcessMaterial.sub_emitter_amount_at_collision=true
ParticleProcessMaterial.sub_emitter_amount_at_start=true
ParticleProcessMaterial.sub_emitter_keep_velocity=true
ParticleProcessMaterial.turbulence_enabled=true
ParticleProcessMaterial.collision_mode=true
ParticleProcessMaterial.attractor_interaction_enabled=true
ParticleProcessMaterial.scale_curve=true
ParticleProcessMaterial.color_ramp=true
ParticleProcessMaterial.spread=true
ParticleProcessMaterial.gravity=true
ParticleProcessMaterial.initial_velocity_min=true
ParticleProcessMaterial.emission_shape=true
SubEmitterMode enum: DISABLED=0 CONSTANT=1 AT_END=2 AT_COLLISION=3 AT_START=4
defaults: spread=45.0 gravity=(0.0, -9.8, 0.0) GPUParticles2D amount default=8 lifetime=1.0 emitting=true fixed_fps=30
WARNING: 4 RIDs of type "CanvasItem" were leaked.
   at: _free_rids (servers/rendering/renderer_canvas_cull.cpp:2735)
WARNING: 4 ObjectDB instances were leaked at exit (run with `--verbose` for details).
   at: cleanup (core/object/object.cpp:2536)
ERROR: 4 RID allocations of type 'N13RendererDummy9DummyMeshE' were leaked at exit.
exit 0
