# probes/probe.gd, Godot 4.7.2 headless, 2026-09-27. Run twice.
# Run 1 (terminal, before this file was captured) reported, for the restart() cycle:
#   GPU2D restart finished_ms=504  CPU2D restart finished_ms=497  GPU3D 504  CPU3D 497
#   and for the first cycle (started on an early frame): GPU 443, CPU 395.
# Run 2 is below.
Godot Engine v4.7.2.stable.official.ed1daf0bf - https://godotengine.org

renderer=gl_compatibility driver=opengl3 video_adapter=
audio_driver=Dummy
GPU2D after 1 frame: emitting=true
CPU2D after 1 frame: emitting=true
GPU3D after 1 frame: emitting=true
CPU3D after 1 frame: emitting=true
GPU2D at 0.25s: emitting=true capture_aabb/rect=[P: (0.0, 0.0), S: (0.0, 0.0)]
CPU2D at 0.25s: emitting=false
GPU3D at 0.25s: emitting=true capture_aabb/rect=[P: (0.0, 0.0, 0.0), S: (0.0, 0.0, 0.0)]
CPU3D at 0.25s: emitting=false
GPU2D at 1.25s: emitting=false finished_ms=353
CPU2D at 1.25s: emitting=false finished_ms=196
GPU3D at 1.25s: emitting=false finished_ms=353
CPU3D at 1.25s: emitting=false finished_ms=196
GPU2D after restart(): emitting=true
CPU2D after restart(): emitting=true
GPU3D after restart(): emitting=true
CPU3D after restart(): emitting=true
GPU2D restart finished_ms=513
CPU2D restart finished_ms=504
GPU3D restart finished_ms=513
CPU3D restart finished_ms=504
CPU2D amount=32 lifetime=0.5 preprocess=0.0
Perf object_count=1496.0 nodes=7.0
Perf draw_calls=0.0 objects_in_frame=0.0 video_mem=0.0
exit 0
