Godot Engine v4.7.2.stable.official.ed1daf0bf - https://godotengine.org

RUN_DIR <scratch>/ch15/first-attempt/godot/../evidence/reviewer-146181-179053341575304
PASS A: directory starts empty
PASS A: route completes
PASS A: saved best equals last_finish_time (5.46666666666665 vs 5.46666666666665)
PASS A: no temporary file left behind
WARNING: best_time: wrong level field
     at: push_warning (core/variant/variant_utility.cpp:1033)
     GDScript backtrace (most recent call first):
         [0] _load_best (res://game/session.gd:44)
         [1] _ready (res://game/session.gd:87)
         [2] session (<scratch>/ch15/verify_best_time_rules.gd:33)
PASS B: route completes with a version-2 file present
FAIL B: version-2 file with a renamed level survives byte for byte
WARNING: best_time: wrong format field
     at: push_warning (core/variant/variant_utility.cpp:1033)
     GDScript backtrace (most recent call first):
         [0] _load_best (res://game/session.gd:41)
         [1] _ready (res://game/session.gd:87)
         [2] session (<scratch>/ch15/verify_best_time_rules.gd:33)
PASS C: route completes with a version-2 file present
FAIL C: version-2 file with a renamed format survives byte for byte
WARNING: best_time: cannot write to <scratch>/ch15/first-attempt/godot/../evidence/reviewer-146181-179053341575304/missing-parent/best_time.json.tmp
     at: push_warning (core/variant/variant_utility.cpp:1033)
     GDScript backtrace (most recent call first):
         [0] _save_best (res://game/session.gd:71)
         [1] resolve_contacts (res://game/session.gd:204)
         [2] _physics_process (res://game/session.gd:221)
PASS D: route completes when the save directory is missing
PASS D: failed write leaves state COMPLETE and best unset
USER_DATA_DIR <scratch>/ch15/first-attempt/../fakehome3/Library/Application Support/Godot/app_userdata/walker-jumpman-clawd existed_before=false
PASS E: normal play resolves the save path to user://best_time.json (got 'user://best_time.json')
WARNING: best_time: rename failed with error 1
     at: push_warning (core/variant/variant_utility.cpp:1033)
     GDScript backtrace (most recent call first):
         [0] _save_best (res://game/session.gd:82)
         [1] resolve_contacts (res://game/session.gd:204)
         [2] _physics_process (res://game/session.gd:221)
PASS E: route completes in normal mode
FAIL E: normal play wrote user://best_time.json
RESULT failures=3; reviewer's own headless check
