Godot Engine v4.7.2.stable.official.ed1daf0bf - https://godotengine.org

[   0% ] [90m[1mfirst_scan_filesystem[22m | Started Project initialization (5 steps)[39m[0m
[   0% ] [90m[1mfirst_scan_filesystem[22m | Scanning file structure...[39m[0m
[  16% ] [90m[1mfirst_scan_filesystem[22m | Loading global class names...[39m[0m
[  33% ] [90m[1mfirst_scan_filesystem[22m | Verifying GDExtensions...[39m[0m
[  50% ] [90m[1mfirst_scan_filesystem[22m | Creating autoload scripts...[39m[0m
[  66% ] [90m[1mfirst_scan_filesystem[22m | Initializing plugins...[39m[0m
[  83% ] [90m[1mfirst_scan_filesystem[22m | Starting file scan...[39m[0m
[92m[ DONE ][39m [1mfirst_scan_filesystem[22m
[0m
[   0% ] [90m[1msavezip[22m | Started Packing (102 steps)[39m[0m
[   1% ] [90m[1msavezip[22m | Storing File: res://features/player/clawd_art.gdc[39m[0m
[  12% ] [90m[1msavezip[22m | Storing File: res://features/player/player.gdc[39m[0m
[  23% ] [90m[1msavezip[22m | Storing File: res://features/player/tuning.gdc[39m[0m
[  33% ] [90m[1msavezip[22m | Storing File: res://gallery/clawd_gallery.gdc[39m[0m
[  44% ] [90m[1msavezip[22m | Storing File: res://.godot/exported/133200997/export-dc339bad3b0b54ac0d9e86bf7f2859d9-clawd_gallery.scn[39m[0m
[  55% ] [90m[1msavezip[22m | Storing File: res://.godot/exported/133200997/export-178df499c26bcd3357cc4c21fb1eaa2e-main.scn[39m[0m
[  66% ] [90m[1msavezip[22m | Storing File: res://game/session.gdc[39m[0m
[  76% ] [90m[1msavezip[22m | Storing File: res://levels/first_steps.json[39m[0m
[  87% ] [90m[1msavezip[22m | Storing File: res://ui/hud.gdc[39m[0m
[  87% ] [90m[1msavezip[22m | Storing File: res://features/player/clawd_art.gd.remap[39m[0m
[  87% ] [90m[1msavezip[22m | Storing File: res://features/player/player.gd.remap[39m[0m
[  87% ] [90m[1msavezip[22m | Storing File: res://features/player/tuning.gd.remap[39m[0m
[  87% ] [90m[1msavezip[22m | Storing File: res://gallery/clawd_gallery.gd.remap[39m[0m
[  87% ] [90m[1msavezip[22m | Storing File: res://gallery/clawd_gallery.tscn.remap[39m[0m
[  87% ] [90m[1msavezip[22m | Storing File: res://game/main.tscn.remap[39m[0m
[  87% ] [90m[1msavezip[22m | Storing File: res://game/session.gd.remap[39m[0m
[  87% ] [90m[1msavezip[22m | Storing File: res://ui/hud.gd.remap[39m[0m
[  87% ] [90m[1msavezip[22m | Storing File: res://.godot/global_script_class_cache.cfg[39m[0m
[  87% ] [90m[1msavezip[22m | Storing File: res://.godot/uid_cache.bin[39m[0m
[  87% ] [90m[1msavezip[22m | Storing File: res://project.binary[39m[0m
[92m[ DONE ][39m [1msavezip[22m
[0m
