Godot Engine v4.7.2.stable.official.ed1daf0bf - https://godotengine.org

[   0% ] first_scan_filesystem | Started Project initialization (5 steps)
[   0% ] first_scan_filesystem | Scanning file structure...
[  16% ] first_scan_filesystem | Loading global class names...
[  33% ] first_scan_filesystem | Verifying GDExtensions...
[  50% ] first_scan_filesystem | Creating autoload scripts...
[  66% ] first_scan_filesystem | Initializing plugins...
[  83% ] first_scan_filesystem | Starting file scan...
[ DONE ] first_scan_filesystem

[   0% ] update_scripts_classes | Started Registering global classes... (3 steps)
[   0% ] update_scripts_classes | 
[  25% ] update_scripts_classes | 
[  50% ] update_scripts_classes | 
[ DONE ] update_scripts_classes

[   0% ] _update_scan_actions | Started Scanning actions... (11 steps)
[   0% ] _update_scan_actions | dutch_ship_medium_hull_arm_1k.jpg
[   8% ] _update_scan_actions | dutch_ship_medium_hull_diff_1k.jpg
[  16% ] _update_scan_actions | dutch_ship_medium_hull_nor_gl_1k.jpg
[  25% ] _update_scan_actions | dutch_ship_medium_rigging_arm_1k.jpg
[  33% ] _update_scan_actions | dutch_ship_medium_rigging_diff_1k.jpg
[  41% ] _update_scan_actions | dutch_ship_medium_rigging_nor_gl_1k.jpg
[  50% ] _update_scan_actions | dutch_ship_medium_sails_arm_1k.jpg
[  58% ] _update_scan_actions | dutch_ship_medium_sails_diff_1k.jpg
[  66% ] _update_scan_actions | dutch_ship_medium_sails_nor_gl_1k.jpg
[  75% ] _update_scan_actions | dutch_ship_medium_1k.gltf
[  83% ] _update_scan_actions | icon.webp
[ DONE ] _update_scan_actions

[   0% ] reimport | Started (Re)Importing Assets (11 steps)
[   0% ] reimport | Preparing files to reimport...
[   8% ] reimport | Preparing files to reimport...
[  16% ] reimport | Preparing files to reimport...
[  25% ] reimport | Preparing files to reimport...
[  33% ] reimport | Preparing files to reimport...
[  41% ] reimport | Preparing files to reimport...
[  50% ] reimport | Preparing files to reimport...
[  58% ] reimport | Preparing files to reimport...
[  66% ] reimport | Preparing files to reimport...
[  75% ] reimport | Preparing files to reimport...
[  83% ] reimport | Preparing files to reimport...
[   0% ] reimport | Executing pre-reimport operations...
[   0% ] preload_reimporting_scene | Started Preparing scenes for reload (1 steps)
[   0% ] preload_reimporting_scene | Analyzing scene [empty]
[  50% ] preload_reimporting_scene | Preparation done.
[ DONE ] preload_reimporting_scene

[   0% ] reimport | dutch_ship_medium_hull_arm_1k.jpg
[   8% ] reimport | dutch_ship_medium_hull_diff_1k.jpg
[  16% ] reimport | dutch_ship_medium_hull_nor_gl_1k.jpg
[  25% ] reimport | dutch_ship_medium_rigging_arm_1k.jpg
[  33% ] reimport | dutch_ship_medium_rigging_diff_1k.jpg
[  41% ] reimport | dutch_ship_medium_rigging_nor_gl_1k.jpg
[  50% ] reimport | dutch_ship_medium_sails_arm_1k.jpg
[  58% ] reimport | dutch_ship_medium_sails_diff_1k.jpg
[  66% ] reimport | dutch_ship_medium_sails_nor_gl_1k.jpg
[  75% ] reimport | icon.webp
[  83% ] reimport | dutch_ship_medium_1k.gltf
[   0% ] import | Started Import Scene (104 steps)
[   0% ] import | Importing Scene...
[   1% ] import | Running Custom Script...
[  99% ] import | Saving...
[ DONE ] import

[  91% ] reimport | Finalizing Asset Import...
[ DONE ] reimport

[   0% ] reimport | Started (Re)Importing Assets (11 steps)
[   0% ] reimport | Executing post-reimport operations...
[ DONE ] reimport

[   0% ] loading_editor_layout | Started Loading editor (5 steps)
[   0% ] loading_editor_layout | Loading editor layout...
[  16% ] loading_editor_layout | Loading docks...
[ DONE ] loading_editor_layout

