Godot Engine v4.7.2.stable.official.ed1daf0bf - https://godotengine.org

[   0% ] first_scan_filesystem | Started Project initialization (5 steps)
[   0% ] first_scan_filesystem | Scanning file structure...
[  16% ] first_scan_filesystem | Loading global class names...
[  33% ] first_scan_filesystem | Verifying GDExtensions...
[  50% ] first_scan_filesystem | Creating autoload scripts...
[  66% ] first_scan_filesystem | Initializing plugins...
[  83% ] first_scan_filesystem | Starting file scan...
[ DONE ] first_scan_filesystem

[   0% ] update_scripts_classes | Started Registering global classes... (15 steps)
[   0% ] update_scripts_classes | 
[   6% ] update_scripts_classes | 
[  12% ] update_scripts_classes | 
[  18% ] update_scripts_classes | 
[  25% ] update_scripts_classes | 
[  31% ] update_scripts_classes | 
[  37% ] update_scripts_classes | 
[  43% ] update_scripts_classes | 
[  50% ] update_scripts_classes | 
[  56% ] update_scripts_classes | 
[  62% ] update_scripts_classes | 
[  68% ] update_scripts_classes | 
[  75% ] update_scripts_classes | 
[  81% ] update_scripts_classes | 
[  87% ] update_scripts_classes | 
[ DONE ] update_scripts_classes

[   0% ] _update_scan_actions | Started Scanning actions... (4 steps)
[   0% ] _update_scan_actions | fail.wav
[  20% ] _update_scan_actions | jump.wav
[  40% ] _update_scan_actions | music_loop.wav
[  60% ] _update_scan_actions | termite_soldiers.png
[ DONE ] _update_scan_actions

[   0% ] reimport | Started (Re)Importing Assets (4 steps)
[   0% ] reimport | Preparing files to reimport...
[  20% ] reimport | Preparing files to reimport...
[  40% ] reimport | Preparing files to reimport...
[  60% ] reimport | Preparing files to reimport...
[   0% ] reimport | Executing pre-reimport operations...
[   0% ] reimport | termite_soldiers.png
[  20% ] reimport | termite_soldiers.png
[  40% ] reimport | fail.wav
[  60% ] reimport | jump.wav
[  80% ] reimport | Finalizing Asset Import...
[ DONE ] reimport

[   0% ] reimport | Started (Re)Importing Assets (4 steps)
[   0% ] reimport | Executing post-reimport operations...
[ DONE ] reimport

[   0% ] loading_editor_layout | Started Loading editor (5 steps)
[   0% ] loading_editor_layout | Loading editor layout...
[  16% ] loading_editor_layout | Loading docks...
[ DONE ] loading_editor_layout

