Godot Engine v4.7.2.stable.official.ed1daf0bf - https://godotengine.org

[   0% ] first_scan_filesystem | Started Project initialization (5 steps)
[   0% ] first_scan_filesystem | Scanning file structure...
[  16% ] first_scan_filesystem | Loading global class names...
[  33% ] first_scan_filesystem | Verifying GDExtensions...
[  50% ] first_scan_filesystem | Creating autoload scripts...
[  66% ] first_scan_filesystem | Initializing plugins...
[  83% ] first_scan_filesystem | Starting file scan...
[ DONE ] first_scan_filesystem

[   0% ] update_scripts_classes | Started Registering global classes... (14 steps)
[   0% ] update_scripts_classes | 
[   6% ] update_scripts_classes | 
[  13% ] update_scripts_classes | 
[  20% ] update_scripts_classes | 
[  26% ] update_scripts_classes | 
[  33% ] update_scripts_classes | 
[  40% ] update_scripts_classes | 
[  46% ] update_scripts_classes | 
[  53% ] update_scripts_classes | 
[  60% ] update_scripts_classes | 
[  66% ] update_scripts_classes | 
[  73% ] update_scripts_classes | 
[  80% ] update_scripts_classes | 
[  86% ] update_scripts_classes | 
[ DONE ] update_scripts_classes

[   0% ] reimport | Started (Re)Importing Assets (1 steps)
[   0% ] reimport | Preparing files to reimport...
[   0% ] reimport | Executing pre-reimport operations...
[   0% ] reimport | termite_soldiers.png
[  50% ] reimport | Finalizing Asset Import...
[ DONE ] reimport

[   0% ] reimport | Started (Re)Importing Assets (1 steps)
[   0% ] reimport | Executing post-reimport operations...
[ DONE ] reimport

[   0% ] loading_editor_layout | Started Loading editor (5 steps)
[   0% ] loading_editor_layout | Loading editor layout...
[  16% ] loading_editor_layout | Loading docks...
[ DONE ] loading_editor_layout

ERROR: Attempt to open script 'res://audio/audio_cues.gd' resulted in error 'File not found'.
   at: load_source_code (modules/gdscript/gdscript.cpp:1139)
ERROR: Failed loading resource: res://audio/audio_cues.gd.
   at: _load (core/io/resource_loader.cpp:317)
ERROR: Plugin is not attached to debugger.
   at: is_active (editor/debugger/editor_debugger_plugin.cpp:102)
