== t.png.import [params]
[params]

compress/mode=0
compress/high_quality=false
compress/lossy_quality=0.7
compress/uastc_level=0
compress/rdo_quality_loss=0.0
compress/hdr_compression=1
compress/normal_map=0
compress/channel_pack=0
mipmaps/generate=false
mipmaps/limit=-1
roughness/mode=0
roughness/src_normal=""
process/channel_remap/red=0
process/channel_remap/green=1
process/channel_remap/blue=2
process/channel_remap/alpha=3
process/fix_alpha_border=true
process/premult_alpha=false
process/normal_map_invert_y=false
process/hdr_as_srgb=false
process/hdr_clamp_exposure=false
process/size_limit=0
detect_3d/compress_to=1
== s.wav.import [params]
[params]

force/8_bit=false
force/mono=false
force/max_rate=false
force/max_rate_hz=44100
edit/trim=false
edit/normalize=false
edit/loop_mode=0
edit/loop_begin=0
edit/loop_end=-1
compress/mode=2
== m.ogg.import [params]
[params]

loop=false
loop_offset=0
bpm=0
beat_count=0
bar_beats=4
