Godot Engine v4.7.2.stable.official.ed1daf0bf - https://godotengine.org

PASS  import file readable
PASS  import: lossless (compress/mode=0)
PASS  import: no mipmaps
PASS  strip texture loads as Texture2D
PASS  strip width == 144
PASS  strip height == 48
PASS  SpriteFrames loads
PASS  animation 'black' exists
PASS  animation 'black' has exactly 1 frame
PASS  animation 'black' frame is AtlasTexture
PASS  animation 'black' region 48×48 (got (48.0, 48.0))
PASS  animation 'red' exists
PASS  animation 'red' has exactly 1 frame
PASS  animation 'red' frame is AtlasTexture
PASS  animation 'red' region 48×48 (got (48.0, 48.0))
PASS  animation 'yellow' exists
PASS  animation 'yellow' has exactly 1 frame
PASS  animation 'yellow' frame is AtlasTexture
PASS  animation 'yellow' region 48×48 (got (48.0, 48.0))
PASS  termite.tscn loads as PackedScene
PASS  scene root is Area2D
PASS  AnimatedSprite2D child of Area2D exists
FAIL  sprite texture_filter == NEAREST
ERROR: FAIL: sprite texture_filter == NEAREST
   at: push_error (core/variant/variant_utility.cpp:1023)
   GDScript backtrace (most recent call first):
       [0] check (res://tests/test_termite_art.gd:19)
       [1] run (res://tests/test_termite_art.gd:75)
PASS  CollisionShape2D exists in scene
PASS  CollisionShape2D parent is Area2D (not sprite)
PASS  collider shape is RectangleShape2D
PASS  collider size == Vector2(20.0, 34.0) (got (20.0, 34.0))
PASS  Hazard layer bit (layer 4, value 8) is set

test_termite_art: 27/28 passed
